Component: ARM Compiler 5.06 update 7 (build 960) Tool: armlink [4d3601]

==============================================================================

Section Cross References

    startup_stm32f411xe.o(STACK) refers (Special) to heapauxi.o(.text) for __use_two_region_memory
    startup_stm32f411xe.o(HEAP) refers (Special) to heapauxi.o(.text) for __use_two_region_memory
    startup_stm32f411xe.o(RESET) refers (Special) to heapauxi.o(.text) for __use_two_region_memory
    startup_stm32f411xe.o(RESET) refers to startup_stm32f411xe.o(STACK) for __initial_sp
    startup_stm32f411xe.o(RESET) refers to startup_stm32f411xe.o(.text) for Reset_Handler
    startup_stm32f411xe.o(RESET) refers to stm32f4xx_it.o(i.NMI_Handler) for NMI_Handler
    startup_stm32f411xe.o(RESET) refers to stm32f4xx_it.o(i.HardFault_Handler) for HardFault_Handler
    startup_stm32f411xe.o(RESET) refers to stm32f4xx_it.o(i.MemManage_Handler) for MemManage_Handler
    startup_stm32f411xe.o(RESET) refers to stm32f4xx_it.o(i.BusFault_Handler) for BusFault_Handler
    startup_stm32f411xe.o(RESET) refers to stm32f4xx_it.o(i.UsageFault_Handler) for UsageFault_Handler
    startup_stm32f411xe.o(RESET) refers to port.o(.emb_text) for SVC_Handler
    startup_stm32f411xe.o(RESET) refers to stm32f4xx_it.o(i.DebugMon_Handler) for DebugMon_Handler
    startup_stm32f411xe.o(RESET) refers to cmsis_os2.o(i.SysTick_Handler) for SysTick_Handler
    startup_stm32f411xe.o(RESET) refers to stm32f4xx_it.o(i.TIM2_IRQHandler) for TIM2_IRQHandler
    startup_stm32f411xe.o(RESET) refers to stm32f4xx_it.o(i.USART1_IRQHandler) for USART1_IRQHandler
    startup_stm32f411xe.o(RESET) refers to stm32f4xx_it.o(i.DMA2_Stream2_IRQHandler) for DMA2_Stream2_IRQHandler
    startup_stm32f411xe.o(.text) refers (Special) to heapauxi.o(.text) for __use_two_region_memory
    startup_stm32f411xe.o(.text) refers to system_stm32f4xx.o(i.SystemInit) for SystemInit
    startup_stm32f411xe.o(.text) refers to __main.o(!!!main) for __main
    startup_stm32f411xe.o(.text) refers to startup_stm32f411xe.o(HEAP) for Heap_Mem
    startup_stm32f411xe.o(.text) refers to startup_stm32f411xe.o(STACK) for Stack_Mem
    main.o(i.HAL_TIM_PeriodElapsedCallback) refers to stm32f4xx_hal.o(i.HAL_IncTick) for HAL_IncTick
    main.o(i.SystemClock_Config) refers to rt_memclr_w.o(.text) for __aeabi_memclr4
    main.o(i.SystemClock_Config) refers to stm32f4xx_hal_rcc.o(i.HAL_RCC_OscConfig) for HAL_RCC_OscConfig
    main.o(i.SystemClock_Config) refers to stm32f4xx_hal_rcc.o(i.HAL_RCC_ClockConfig) for HAL_RCC_ClockConfig
    main.o(i.main) refers to stm32f4xx_hal.o(i.HAL_Init) for HAL_Init
    main.o(i.main) refers to main.o(i.SystemClock_Config) for SystemClock_Config
    main.o(i.main) refers to gpio.o(i.MX_GPIO_Init) for MX_GPIO_Init
    main.o(i.main) refers to dma.o(i.MX_DMA_Init) for MX_DMA_Init
    main.o(i.main) refers to usart.o(i.MX_USART1_UART_Init) for MX_USART1_UART_Init
    main.o(i.main) refers to elog.o(i.elog_init) for elog_init
    main.o(i.main) refers to elog.o(i.elog_set_fmt) for elog_set_fmt
    main.o(i.main) refers to elog.o(i.elog_start) for elog_start
    main.o(i.main) refers to cmsis_os2.o(i.osKernelInitialize) for osKernelInitialize
    main.o(i.main) refers to freertos.o(i.MX_FREERTOS_Init) for MX_FREERTOS_Init
    main.o(i.main) refers to cmsis_os2.o(i.osKernelStart) for osKernelStart
    freertos.o(i.MX_FREERTOS_Init) refers to cmsis_os2.o(i.osThreadNew) for osThreadNew
    freertos.o(i.MX_FREERTOS_Init) refers to freertos.o(.constdata) for .constdata
    freertos.o(i.MX_FREERTOS_Init) refers to freertos.o(i.StartDefaultTask) for StartDefaultTask
    freertos.o(i.MX_FREERTOS_Init) refers to freertos.o(.data) for .data
    freertos.o(i.MX_FREERTOS_Init) refers to uart_parse_task.o(i.uart_rec_A_function) for uart_rec_A_function
    freertos.o(i.MX_FREERTOS_Init) refers to bsp_uart_driver.o(i.uart_driver_func) for uart_driver_func
    freertos.o(i.StartDefaultTask) refers to elog.o(i.elog_output) for elog_output
    freertos.o(i.StartDefaultTask) refers to cmsis_os2.o(i.osDelay) for osDelay
    freertos.o(i.StartDefaultTask) refers to freertos.o(.constdata) for .constdata
    freertos.o(.constdata) refers to freertos.o(.conststring) for .conststring
    dma.o(i.MX_DMA_Init) refers to stm32f4xx_hal_cortex.o(i.HAL_NVIC_SetPriority) for HAL_NVIC_SetPriority
    dma.o(i.MX_DMA_Init) refers to stm32f4xx_hal_cortex.o(i.HAL_NVIC_EnableIRQ) for HAL_NVIC_EnableIRQ
    usart.o(i.HAL_UART_MspDeInit) refers to stm32f4xx_hal_gpio.o(i.HAL_GPIO_DeInit) for HAL_GPIO_DeInit
    usart.o(i.HAL_UART_MspDeInit) refers to stm32f4xx_hal_dma.o(i.HAL_DMA_DeInit) for HAL_DMA_DeInit
    usart.o(i.HAL_UART_MspDeInit) refers to stm32f4xx_hal_cortex.o(i.HAL_NVIC_DisableIRQ) for HAL_NVIC_DisableIRQ
    usart.o(i.HAL_UART_MspInit) refers to rt_memclr_w.o(.text) for __aeabi_memclr4
    usart.o(i.HAL_UART_MspInit) refers to stm32f4xx_hal_gpio.o(i.HAL_GPIO_Init) for HAL_GPIO_Init
[...]
    __rt_lib_init_lc_monetary_1              0x080002bd   Thumb Code     0  libinit2.o(.ARM.Collect$$libinit$$00000015)
    __rt_lib_init_lc_numeric_2               0x080002bd   Thumb Code     0  libinit2.o(.ARM.Collect$$libinit$$00000016)
    __rt_lib_init_alloca_1                   0x080002c7   Thumb Code     0  libinit2.o(.ARM.Collect$$libinit$$0000002E)
    __rt_lib_init_argv_1                     0x080002c7   Thumb Code     0  libinit2.o(.ARM.Collect$$libinit$$0000002C)
    __rt_lib_init_atexit_1                   0x080002c7   Thumb Code     0  libinit2.o(.ARM.Collect$$libinit$$0000001B)
    __rt_lib_init_clock_1                    0x080002c7   Thumb Code     0  libinit2.o(.ARM.Collect$$libinit$$00000021)
    __rt_lib_init_cpp_1                      0x080002c7   Thumb Code     0  libinit2.o(.ARM.Collect$$libinit$$00000032)
    __rt_lib_init_exceptions_1               0x080002c7   Thumb Code     0  libinit2.o(.ARM.Collect$$libinit$$00000030)
    __rt_lib_init_fp_trap_1                  0x080002c7   Thumb Code     0  libinit2.o(.ARM.Collect$$libinit$$0000001F)
    __rt_lib_init_getenv_1                   0x080002c7   Thumb Code     0  libinit2.o(.ARM.Collect$$libinit$$00000023)
    __rt_lib_init_lc_numeric_1               0x080002c7   Thumb Code     0  libinit2.o(.ARM.Collect$$libinit$$00000017)
    __rt_lib_init_lc_time_1                  0x080002c7   Thumb Code     0  libinit2.o(.ARM.Collect$$libinit$$00000019)
    __rt_lib_init_return                     0x080002c7   Thumb Code     0  libinit2.o(.ARM.Collect$$libinit$$00000033)
    __rt_lib_init_signal_1                   0x080002c7   Thumb Code     0  libinit2.o(.ARM.Collect$$libinit$$0000001D)
    __rt_lib_init_stdio_1                    0x080002c7   Thumb Code     0  libinit2.o(.ARM.Collect$$libinit$$00000025)
    __rt_lib_shutdown                        0x080002c9   Thumb Code     0  libshutdown.o(.ARM.Collect$$libshutdown$$00000000)
    __rt_lib_shutdown_cpp_1                  0x080002cb   Thumb Code     0  libshutdown2.o(.ARM.Collect$$libshutdown$$00000004)
    __rt_lib_shutdown_fini_1                 0x080002cb   Thumb Code     0  libshutdown2.o(.ARM.Collect$$libshutdown$$00000002)
    __rt_lib_shutdown_fp_trap_1              0x080002cb   Thumb Code     0  libshutdown2.o(.ARM.Collect$$libshutdown$$00000009)
    __rt_lib_shutdown_heap_1                 0x080002cb   Thumb Code     0  libshutdown2.o(.ARM.Collect$$libshutdown$$00000011)
    __rt_lib_shutdown_return                 0x080002cb   Thumb Code     0  libshutdown2.o(.ARM.Collect$$libshutdown$$00000012)
    __rt_lib_shutdown_signal_1               0x080002cb   Thumb Code     0  libshutdown2.o(.ARM.Collect$$libshutdown$$0000000C)
    __rt_lib_shutdown_stdio_1                0x080002cb   Thumb Code     0  libshutdown2.o(.ARM.Collect$$libshutdown$$00000006)
    __rt_lib_shutdown_user_alloc_1           0x080002cb   Thumb Code     0  libshutdown2.o(.ARM.Collect$$libshutdown$$0000000E)
    __rt_entry                               0x080002cd   Thumb Code     0  __rtentry.o(.ARM.Collect$$rtentry$$00000000)
    __rt_entry_presh_1                       0x080002cd   Thumb Code     0  __rtentry2.o(.ARM.Collect$$rtentry$$00000002)
    __rt_entry_sh                            0x080002cd   Thumb Code     0  __rtentry4.o(.ARM.Collect$$rtentry$$00000004)
    __rt_entry_li                            0x080002d3   Thumb Code     0  __rtentry2.o(.ARM.Collect$$rtentry$$0000000A)
    __rt_entry_postsh_1                      0x080002d3   Thumb Code     0  __rtentry2.o(.ARM.Collect$$rtentry$$00000009)
    __rt_entry_main                          0x080002d7   Thumb Code     0  __rtentry2.o(.ARM.Collect$$rtentry$$0000000D)
    __rt_entry_postli_1                      0x080002d7   Thumb Code     0  __rtentry2.o(.ARM.Collect$$rtentry$$0000000C)
    __rt_exit                                0x080002df   Thumb Code     0  rtexit.o(.ARM.Collect$$rtexit$$00000000)
    __rt_exit_ls                             0x080002e1   Thumb Code     0  rtexit2.o(.ARM.Collect$$rtexit$$00000003)
    __rt_exit_prels_1                        0x080002e1   Thumb Code     0  rtexit2.o(.ARM.Collect$$rtexit$$00000002)
    __rt_exit_exit                           0x080002e5   Thumb Code     0  rtexit2.o(.ARM.Collect$$rtexit$$00000004)
    SVC_Handler                              0x080002ed   Thumb Code    28  port.o(.emb_text)
    __asm___6_port_c_39a90d8d__prvStartFirstTask 0x0800030d   Thumb Code    36  port.o(.emb_text)
    __asm___6_port_c_39a90d8d__prvEnableVFP  0x08000335   Thumb Code    16  port.o(.emb_text)
    PendSV_Handler                           0x08000349   Thumb Code    88  port.o(.emb_text)
    vPortGetIPSR                             0x080003a5   Thumb Code     6  port.o(.emb_text)
    Reset_Handler                            0x080003ad   Thumb Code     8  startup_stm32f411xe.o(.text)
    _maybe_terminate_alloc                   0x080003ad   Thumb Code     0  maybetermalloc1.o(.emb_text)
    ADC_IRQHandler                           0x080003c7   Thumb Code     0  startup_stm32f411xe.o(.text)
    DMA1_Stream0_IRQHandler                  0x080003c7   Thumb Code     0  startup_stm32f411xe.o(.text)
    DMA1_Stream1_IRQHandler                  0x080003c7   Thumb Code     0  startup_stm32f411xe.o(.text)
    DMA1_Stream2_IRQHandler                  0x080003c7   Thumb Code     0  startup_stm32f411xe.o(.text)
    DMA1_Stream3_IRQHandler                  0x080003c7   Thumb Code     0  startup_stm32f411xe.o(.text)
    DMA1_Stream4_IRQHandler                  0x080003c7   Thumb Code     0  startup_stm32f411xe.o(.text)
    DMA1_Stream5_IRQHandler                  0x080003c7   Thumb Code     0  startup_stm32f411xe.o(.text)
    DMA1_Stream6_IRQHandler                  0x080003c7   Thumb Code     0  startup_stm32f411xe.o(.text)
    DMA1_Stream7_IRQHandler                  0x080003c7   Thumb Code     0  startup_stm32f411xe.o(.text)
    DMA2_Stream0_IRQHandler                  0x080003c7   Thumb Code     0  startup_stm32f411xe.o(.text)
    DMA2_Stream1_IRQHandler                  0x080003c7   Thumb Code     0  startup_stm32f411xe.o(.text)
    DMA2_Stream3_IRQHandler                  0x080003c7   Thumb Code     0  startup_stm32f411xe.o(.text)
    DMA2_Stream4_IRQHandler                  0x080003c7   Thumb Code     0  startup_stm32f411xe.o(.text)
    DMA2_Stream5_IRQHandler                  0x080003c7   Thumb Code     0  startup_stm32f411xe.o(.text)
    DMA2_Stream6_IRQHandler                  0x080003c7   Thumb Code     0  startup_stm32f411xe.o(.text)
    DMA2_Stream7_IRQHandler                  0x080003c7   Thumb Code     0  startup_stm32f411xe.o(.text)
    EXTI0_IRQHandler                         0x080003c7   Thumb Code     0  startup_stm32f411xe.o(.text)
    EXTI15_10_IRQHandler                     0x080003c7   Thumb Code     0  startup_stm32f411xe.o(.text)
    EXTI1_IRQHandler                         0x080003c7   Thumb Code     0  startup_stm32f411xe.o(.text)
    EXTI2_IRQHandler                         0x080003c7   Thumb Code     0  startup_stm32f411xe.o(.text)
    EXTI3_IRQHandler                         0x080003c7   Thumb Code     0  startup_stm32f411xe.o(.text)
    EXTI4_IRQHandler                         0x080003c7   Thumb Code     0  startup_stm32f411xe.o(.text)
    EXTI9_5_IRQHandler                       0x080003c7   Thumb Code     0  startup_stm32f411xe.o(.text)
    FLASH_IRQHandler                         0x080003c7   Thumb Code     0  startup_stm32f411xe.o(.text)
    FPU_IRQHandler                           0x080003c7   Thumb Code     0  startup_stm32f411xe.o(.text)
    I2C1_ER_IRQHandler                       0x080003c7   Thumb Code     0  startup_stm32f411xe.o(.text)
    I2C1_EV_IRQHandler                       0x080003c7   Thumb Code     0  startup_stm32f411xe.o(.text)
    I2C2_ER_IRQHandler                       0x080003c7   Thumb Code     0  startup_stm32f411xe.o(.text)
    I2C2_EV_IRQHandler                       0x080003c7   Thumb Code     0  startup_stm32f411xe.o(.text)
    I2C3_ER_IRQHandler                       0x080003c7   Thumb Code     0  startup_stm32f411xe.o(.text)
    I2C3_EV_IRQHandler                       0x080003c7   Thumb Code     0  startup_stm32f411xe.o(.text)
    OTG_FS_IRQHandler                        0x080003c7   Thumb Code     0  startup_stm32f411xe.o(.text)
    OTG_FS_WKUP_IRQHandler                   0x080003c7   Thumb Code     0  startup_stm32f411xe.o(.text)
    PVD_IRQHandler                           0x080003c7   Thumb Code     0  startup_stm32f411xe.o(.text)
    RCC_IRQHandler                           0x080003c7   Thumb Code     0  startup_stm32f411xe.o(.text)
    RTC_Alarm_IRQHandler                     0x080003c7   Thumb Code     0  startup_stm32f411xe.o(.text)
    RTC_WKUP_IRQHandler                      0x080003c7   Thumb Code     0  startup_stm32f411xe.o(.text)
    SDIO_IRQHandler                          0x080003c7   Thumb Code     0  startup_stm32f411xe.o(.text)
    SPI1_IRQHandler                          0x080003c7   Thumb Code     0  startup_stm32f411xe.o(.text)
    SPI2_IRQHandler                          0x080003c7   Thumb Code     0  startup_stm32f411xe.o(.text)
    SPI3_IRQHandler                          0x080003c7   Thumb Code     0  startup_stm32f411xe.o(.text)
    SPI4_IRQHandler                          0x080003c7   Thumb Code     0  startup_stm32f411xe.o(.text)
    SPI5_IRQHandler                          0x080003c7   Thumb Code     0  startup_stm32f411xe.o(.text)
    TAMP_STAMP_IRQHandler                    0x080003c7   Thumb Code     0  startup_stm32f411xe.o(.text)
    TIM1_BRK_TIM9_IRQHandler                 0x080003c7   Thumb Code     0  startup_stm32f411xe.o(.text)
    TIM1_CC_IRQHandler                       0x080003c7   Thumb Code     0  startup_stm32f411xe.o(.text)
    TIM1_TRG_COM_TIM11_IRQHandler            0x080003c7   Thumb Code     0  startup_stm32f411xe.o(.text)
    TIM1_UP_TIM10_IRQHandler                 0x080003c7   Thumb Code     0  startup_stm32f411xe.o(.text)
    TIM3_IRQHandler                          0x080003c7   Thumb Code     0  startup_stm32f411xe.o(.text)
    TIM4_IRQHandler                          0x080003c7   Thumb Code     0  startup_stm32f411xe.o(.text)
    TIM5_IRQHandler                          0x080003c7   Thumb Code     0  startup_stm32f411xe.o(.text)
    USART2_IRQHandler                        0x080003c7   Thumb Code     0  startup_stm32f411xe.o(.text)
    USART6_IRQHandler                        0x080003c7   Thumb Code     0  startup_stm32f411xe.o(.text)
    WWDG_IRQHandler                          0x080003c7   Thumb Code     0  startup_stm32f411xe.o(.text)
    __user_initial_stackheap                 0x080003c9   Thumb Code     0  startup_stm32f411xe.o(.text)
    malloc                                   0x080003ed   Thumb Code    94  h1_alloc.o(.text)
    __aeabi_uldivmod                         0x0800044b   Thumb Code     0  lludivv7m.o(.text)
    _ll_udiv                                 0x0800044b   Thumb Code   238  lludivv7m.o(.text)
    vsnprintf                                0x08000539   Thumb Code    48  vsnprintf.o(.text)
    __2snprintf                              0x0800056d   Thumb Code    50  __2snprintf.o(.text)
    _printf_pre_padding                      0x080005a5   Thumb Code    44  _printf_pad.o(.text)
    _printf_post_padding                     0x080005d1   Thumb Code    34  _printf_pad.o(.text)
    _printf_str                              0x080005f3   Thumb Code    82  _printf_str.o(.text)
    _printf_int_dec                          0x08000645   Thumb Code   104  _printf_dec.o(.text)
    _printf_longlong_hex                     0x080006bd   Thumb Code    86  _printf_hex_int_ll_ptr.o(.text)
    _printf_int_hex                          0x08000713   Thumb Code    28  _printf_hex_int_ll_ptr.o(.text)
    _printf_ll_hex                           0x0800072f   Thumb Code    12  _printf_hex_int_ll_ptr.o(.text)
    _printf_hex_ptr                          0x0800073b   Thumb Code    18  _printf_hex_int_ll_ptr.o(.text)
    __printf                                 0x08000751   Thumb Code   388  __printf_flags_ss_wp.o(.text)
    strstr                                   0x080008d9   Thumb Code    36  strstr.o(.text)
    strcpy                                   0x080008fd   Thumb Code    72  strcpy.o(.text)
    strlen                                   0x08000945   Thumb Code    62  strlen.o(.text)
    strncmp                                  0x08000983   Thumb Code   150  strncmp.o(.text)
    __aeabi_memcpy                           0x08000a19   Thumb Code     0  rt_memcpy_v6.o(.text)
    __rt_memcpy                              0x08000a19   Thumb Code   138  rt_memcpy_v6.o(.text)
    _memcpy_lastbytes                        0x08000a7f   Thumb Code     0  rt_memcpy_v6.o(.text)
    __aeabi_memset                           0x08000aa3   Thumb Code    16  aeabi_memset.o(.text)
    __aeabi_memclr                           0x08000ab3   Thumb Code     0  rt_memclr.o(.text)
    __rt_memclr                              0x08000ab3   Thumb Code    68  rt_memclr.o(.text)
    _memset                                  0x08000ab7   Thumb Code     0  rt_memclr.o(.text)
    __aeabi_memclr4                          0x08000af7   Thumb Code     0  rt_memclr_w.o(.text)
    __aeabi_memclr8                          0x08000af7   Thumb Code     0  rt_memclr_w.o(.text)
    __rt_memclr_w                            0x08000af7   Thumb Code    78  rt_memclr_w.o(.text)
    _memset_w                                0x08000afb   Thumb Code     0  rt_memclr_w.o(.text)
    __use_two_region_memory                  0x08000b45   Thumb Code     2  heapauxi.o(.text)
    __rt_heap_escrow                         0x08000b47   Thumb Code     2  heapauxi.o(.text)
    __rt_heap_expand                         0x08000b49   Thumb Code     2  heapauxi.o(.text)
    __rt_heap_descriptor                     0x08000b4d   Thumb Code     8  rt_heap_descriptor_intlibspace.o(.text)
    __use_no_heap                            0x08000b55   Thumb Code     2  hguard.o(.text)
    __heap$guard                             0x08000b57   Thumb Code     2  hguard.o(.text)
    _terminate_user_alloc                    0x08000b59   Thumb Code     2  init_alloc.o(.text)
    _init_user_alloc                         0x08000b5b   Thumb Code     2  init_alloc.o(.text)
    __Heap_Full                              0x08000b5d   Thumb Code    34  init_alloc.o(.text)
    __Heap_Broken                            0x08000b7f   Thumb Code     6  init_alloc.o(.text)
    _init_alloc                              0x08000b85   Thumb Code    94  init_alloc.o(.text)
    __Heap_Initialize                        0x08000be3   Thumb Code    10  h1_init.o(.text)
    __Heap_DescSize                          0x08000bed   Thumb Code     4  h1_init.o(.text)
    free                                     0x08000bf1   Thumb Code    78  h1_free.o(.text)
    _printf_truncate_signed                  0x08000c3f   Thumb Code    18  _printf_truncate.o(.text)
    _printf_truncate_unsigned                0x08000c51   Thumb Code    18  _printf_truncate.o(.text)
    _printf_int_common                       0x08000c63   Thumb Code   178  _printf_intcommon.o(.text)
    _printf_charcount                        0x08000d15   Thumb Code    40  _printf_charcount.o(.text)
    _printf_char_common                      0x08000d47   Thumb Code    32  _printf_char_common.o(.text)
    _sputc                                   0x08000d6d   Thumb Code    10  _sputc.o(.text)
    _snputc                                  0x08000d77   Thumb Code    16  _snputc.o(.text)
    _printf_cs_common                        0x08000d87   Thumb Code    20  _printf_char.o(.text)
    _printf_char                             0x08000d9b   Thumb Code    16  _printf_char.o(.text)
    _printf_string                           0x08000dab   Thumb Code     8  _printf_char.o(.text)
    _printf_wctomb                           0x08000db5   Thumb Code   182  _printf_wctomb.o(.text)
    _printf_longlong_dec                     0x08000e71   Thumb Code   108  _printf_longlong_dec.o(.text)
    _printf_longlong_oct                     0x08000eed   Thumb Code    66  _printf_oct_int_ll.o(.text)
    _printf_int_oct                          0x08000f2f   Thumb Code    24  _printf_oct_int_ll.o(.text)
    _printf_ll_oct                           0x08000f47   Thumb Code    12  _printf_oct_int_ll.o(.text)
    __aeabi_memcpy4                          0x08000f5d   Thumb Code     0  rt_memcpy_w.o(.text)
    __aeabi_memcpy8                          0x08000f5d   Thumb Code     0  rt_memcpy_w.o(.text)
    __rt_memcpy_w                            0x08000f5d   Thumb Code   100  rt_memcpy_w.o(.text)
    _memcpy_lastbytes_aligned                0x08000fa5   Thumb Code     0  rt_memcpy_w.o(.text)
    __user_libspace                          0x08000fc1   Thumb Code     8  libspace.o(.text)
    __user_perproc_libspace                  0x08000fc1   Thumb Code     0  libspace.o(.text)
    __user_perthread_libspace                0x08000fc1   Thumb Code     0  libspace.o(.text)
    __Heap_ProvideMemory                     0x08000fc9   Thumb Code    52  h1_extend.o(.text)
    _ll_udiv10                               0x08000ffd   Thumb Code   138  lludiv10.o(.text)
    __lib_sel_fp_printf                      0x08001087   Thumb Code     2  _printf_fp_dec.o(.text)
    _printf_fp_dec_real                      0x08001239   Thumb Code   620  _printf_fp_dec.o(.text)
    _printf_fp_hex_real                      0x080014a5   Thumb Code   756  _printf_fp_hex.o(.text)
    _printf_lcs_common                       0x080017a1   Thumb Code    20  _printf_wchar.o(.text)
    _printf_wchar                            0x080017b5   Thumb Code    16  _printf_wchar.o(.text)
    _printf_wstring                          0x080017c5   Thumb Code     8  _printf_wchar.o(.text)
    _wcrtomb                                 0x080017cd   Thumb Code    64  _wcrtomb.o(.text)
    __rt_SIGRTMEM                            0x0800180d   Thumb Code    14  defsig_rtmem_outer.o(.text)
    __I$use$semihosting                      0x0800181b   Thumb Code     0  use_no_semi.o(.text)
    __use_no_semihosting_swi                 0x0800181b   Thumb Code     2  use_no_semi.o(.text)
    __semihosting_library_function           0x0800181d   Thumb Code     0  indicate_semi.o(.text)
    __user_setup_stackheap                   0x0800181d   Thumb Code    74  sys_stackheap_outer.o(.text)
    __rt_ctype_table                         0x08001869   Thumb Code    16  rt_ctype_table.o(.text)
    __rt_locale                              0x08001879   Thumb Code     8  rt_locale_intlibspace.o(.text)
    _printf_fp_infnan                        0x08001881   Thumb Code   112  _printf_fp_infnan.o(.text)
    _btod_etento                             0x08001901   Thumb Code   224  bigflt0.o(.text)
    exit                                     0x080019e5   Thumb Code    18  exit.o(.text)
    __sig_exit                               0x080019f7   Thumb Code    10  defsig_exit.o(.text)
    __rt_SIGRTMEM_inner                      0x08001a01   Thumb Code    22  defsig_rtmem_inner.o(.text)
    _sys_exit                                0x08001a51   Thumb Code     8  sys_exit.o(.text)
    __default_signal_display                 0x08001a5d   Thumb Code    50  defsig_general.o(.text)
    strcmp                                   0x08001a91   Thumb Code   128  strcmpv7m.o(.text)
    _ttywrch                                 0x08001b11   Thumb Code    14  sys_wrch.o(.text)
    _btod_d2e                                0x08001b1f   Thumb Code    62  btod.o(CL$$btod_d2e)
    _d2e_denorm_low                          0x08001b5d   Thumb Code    70  btod.o(CL$$btod_d2e_denorm_low)
    _d2e_norm_op1                            0x08001ba3   Thumb Code    96  btod.o(CL$$btod_d2e_norm_op1)
    __btod_div_common                        0x08001c03   Thumb Code   696  btod.o(CL$$btod_div_common)
    _e2e                                     0x08001f3b   Thumb Code   220  btod.o(CL$$btod_e2e)
    _btod_ediv                               0x08002017   Thumb Code    42  btod.o(CL$$btod_ediv)
    _btod_emul                               0x08002041   Thumb Code    42  btod.o(CL$$btod_emul)
    __btod_mult_common                       0x0800206b   Thumb Code   580  btod.o(CL$$btod_mult_common)
    BusFault_Handler                         0x080022af   Thumb Code     2  stm32f4xx_it.o(i.BusFault_Handler)
    DMA2_Stream2_IRQHandler                  0x080022b1   Thumb Code     6  stm32f4xx_it.o(i.DMA2_Stream2_IRQHandler)
    DebugMon_Handler                         0x08002361   Thumb Code     2  stm32f4xx_it.o(i.DebugMon_Handler)
    Error_Handler                            0x08002363   Thumb Code     4  main.o(i.Error_Handler)
    HAL_DMA_Abort                            0x08002367   Thumb Code   146  stm32f4xx_hal_dma.o(i.HAL_DMA_Abort)
    HAL_DMA_Abort_IT                         0x080023f9   Thumb Code    36  stm32f4xx_hal_dma.o(i.HAL_DMA_Abort_IT)
    HAL_DMA_IRQHandler                       0x0800241d   Thumb Code   412  stm32f4xx_hal_dma.o(i.HAL_DMA_IRQHandler)
    HAL_DMA_Init                             0x080025bd   Thumb Code   206  stm32f4xx_hal_dma.o(i.HAL_DMA_Init)
    HAL_DMA_Start_IT                         0x08002691   Thumb Code   110  stm32f4xx_hal_dma.o(i.HAL_DMA_Start_IT)
    HAL_GPIO_Init                            0x08002701   Thumb Code   446  stm32f4xx_hal_gpio.o(i.HAL_GPIO_Init)
    HAL_GetTick                              0x080028e1   Thumb Code     6  stm32f4xx_hal.o(i.HAL_GetTick)
    HAL_IncTick                              0x080028ed   Thumb Code    12  stm32f4xx_hal.o(i.HAL_IncTick)
    HAL_Init                                 0x080028fd   Thumb Code    48  stm32f4xx_hal.o(i.HAL_Init)
    HAL_InitTick                             0x08002931   Thumb Code   134  stm32f4xx_hal_timebase_tim.o(i.HAL_InitTick)
    HAL_MspInit                              0x080029c9   Thumb Code    52  stm32f4xx_hal_msp.o(i.HAL_MspInit)
    HAL_NVIC_EnableIRQ                       0x08002a01   Thumb Code    26  stm32f4xx_hal_cortex.o(i.HAL_NVIC_EnableIRQ)
    HAL_NVIC_SetPriority                     0x08002a1d   Thumb Code    60  stm32f4xx_hal_cortex.o(i.HAL_NVIC_SetPriority)
    HAL_NVIC_SetPriorityGrouping             0x08002a5d   Thumb Code    26  stm32f4xx_hal_cortex.o(i.HAL_NVIC_SetPriorityGrouping)
    HAL_RCC_ClockConfig                      0x08002a81   Thumb Code   288  stm32f4xx_hal_rcc.o(i.HAL_RCC_ClockConfig)
    HAL_RCC_GetClockConfig                   0x08002bb5   Thumb Code    54  stm32f4xx_hal_rcc.o(i.HAL_RCC_GetClockConfig)
    HAL_RCC_GetPCLK1Freq                     0x08002bf5   Thumb Code    20  stm32f4xx_hal_rcc.o(i.HAL_RCC_GetPCLK1Freq)
    HAL_RCC_GetPCLK2Freq                     0x08002c15   Thumb Code    20  stm32f4xx_hal_rcc.o(i.HAL_RCC_GetPCLK2Freq)
    HAL_RCC_GetSysClockFreq                  0x08002c35   Thumb Code    88  stm32f4xx_hal_rcc.o(i.HAL_RCC_GetSysClockFreq)
    HAL_RCC_OscConfig                        0x08002c99   Thumb Code   856  stm32f4xx_hal_rcc.o(i.HAL_RCC_OscConfig)
    HAL_TIMEx_BreakCallback                  0x08003005   Thumb Code     2  stm32f4xx_hal_tim_ex.o(i.HAL_TIMEx_BreakCallback)
    HAL_TIMEx_CommutCallback                 0x08003007   Thumb Code     2  stm32f4xx_hal_tim_ex.o(i.HAL_TIMEx_CommutCallback)
    HAL_TIM_Base_Init                        0x08003009   Thumb Code    90  stm32f4xx_hal_tim.o(i.HAL_TIM_Base_Init)
    HAL_TIM_Base_MspInit                     0x08003063   Thumb Code     2  stm32f4xx_hal_tim.o(i.HAL_TIM_Base_MspInit)
    HAL_TIM_Base_Start_IT                    0x08003065   Thumb Code    88  stm32f4xx_hal_tim.o(i.HAL_TIM_Base_Start_IT)
    HAL_TIM_IC_CaptureCallback               0x080030d1   Thumb Code     2  stm32f4xx_hal_tim.o(i.HAL_TIM_IC_CaptureCallback)
    HAL_TIM_IRQHandler                       0x080030d3   Thumb Code   358  stm32f4xx_hal_tim.o(i.HAL_TIM_IRQHandler)
    HAL_TIM_OC_DelayElapsedCallback          0x08003239   Thumb Code     2  stm32f4xx_hal_tim.o(i.HAL_TIM_OC_DelayElapsedCallback)
    HAL_TIM_PWM_PulseFinishedCallback        0x0800323b   Thumb Code     2  stm32f4xx_hal_tim.o(i.HAL_TIM_PWM_PulseFinishedCallback)
    HAL_TIM_PeriodElapsedCallback            0x0800323d   Thumb Code    14  main.o(i.HAL_TIM_PeriodElapsedCallback)
    HAL_TIM_TriggerCallback                  0x0800324b   Thumb Code     2  stm32f4xx_hal_tim.o(i.HAL_TIM_TriggerCallback)
    HAL_UARTEx_ReceiveToIdle_DMA             0x0800324d   Thumb Code    86  stm32f4xx_hal_uart.o(i.HAL_UARTEx_ReceiveToIdle_DMA)
    HAL_UARTEx_RxEventCallback               0x080032a5   Thumb Code    24  bsp_uart_driver.o(i.HAL_UARTEx_RxEventCallback)
    HAL_UART_ErrorCallback                   0x08003311   Thumb Code     2  stm32f4xx_hal_uart.o(i.HAL_UART_ErrorCallback)
    HAL_UART_IRQHandler                      0x08003315   Thumb Code   610  stm32f4xx_hal_uart.o(i.HAL_UART_IRQHandler)
    HAL_UART_Init                            0x0800357d   Thumb Code    98  stm32f4xx_hal_uart.o(i.HAL_UART_Init)
    HAL_UART_MspInit                         0x080035e1   Thumb Code   158  usart.o(i.HAL_UART_MspInit)
    HAL_UART_RxCpltCallback                  0x08003695   Thumb Code     2  stm32f4xx_hal_uart.o(i.HAL_UART_RxCpltCallback)
    HAL_UART_RxHalfCpltCallback              0x08003697   Thumb Code     2  stm32f4xx_hal_uart.o(i.HAL_UART_RxHalfCpltCallback)
    HAL_UART_TxCpltCallback                  0x08003699   Thumb Code     2  stm32f4xx_hal_uart.o(i.HAL_UART_TxCpltCallback)
    HardFault_Handler                        0x0800369b   Thumb Code     2  stm32f4xx_it.o(i.HardFault_Handler)
    MX_DMA_Init                              0x0800369d   Thumb Code    40  dma.o(i.MX_DMA_Init)
    MX_FREERTOS_Init                         0x080036c9   Thumb Code    46  freertos.o(i.MX_FREERTOS_Init)
    MX_GPIO_Init                             0x0800370d   Thumb Code    38  gpio.o(i.MX_GPIO_Init)
    MX_USART1_UART_Init                      0x08003739   Thumb Code    48  usart.o(i.MX_USART1_UART_Init)
    MemManage_Handler                        0x08003771   Thumb Code     2  stm32f4xx_it.o(i.MemManage_Handler)
    NMI_Handler                              0x08003773   Thumb Code     2  stm32f4xx_it.o(i.NMI_Handler)
    SEGGER_RTT_Write                         0x08003775   Thumb Code    50  segger_rtt.o(i.SEGGER_RTT_Write)
    SEGGER_RTT_WriteNoLock                   0x080037ad   Thumb Code    86  segger_rtt.o(i.SEGGER_RTT_WriteNoLock)
    StartDefaultTask                         0x08003809   Thumb Code    30  freertos.o(i.StartDefaultTask)
    SysTick_Handler                          0x08003869   Thumb Code    26  cmsis_os2.o(i.SysTick_Handler)
    SystemClock_Config                       0x08003885   Thumb Code   136  main.o(i.SystemClock_Config)
    SystemInit                               0x08003915   Thumb Code    12  system_stm32f4xx.o(i.SystemInit)
    TIM2_IRQHandler                          0x08003925   Thumb Code     6  stm32f4xx_it.o(i.TIM2_IRQHandler)
    TIM_Base_SetConfig                       0x08003931   Thumb Code   122  stm32f4xx_hal_tim.o(i.TIM_Base_SetConfig)
    UART_Start_Receive_DMA                   0x08003cf5   Thumb Code   134  stm32f4xx_hal_uart.o(i.UART_Start_Receive_DMA)
    USART1_IRQHandler                        0x08003d89   Thumb Code     6  stm32f4xx_it.o(i.USART1_IRQHandler)
    UsageFault_Handler                       0x08003d95   Thumb Code     2  stm32f4xx_it.o(i.UsageFault_Handler)
    __ARM_fpclassify                         0x08003eb7   Thumb Code    48  fpclassify.o(i.__ARM_fpclassify)
    _is_digit                                0x08003f07   Thumb Code    14  __printf_wp.o(i._is_digit)
    buffer_is_empty                          0x08003f15   Thumb Code    24  mid_circular_buffer.o(i.buffer_is_empty)
    buffer_is_full                           0x08003f2d   Thumb Code    44  mid_circular_buffer.o(i.buffer_is_full)
    create_empty_circular_buffer             0x08003f59   Thumb Code    46  mid_circular_buffer.o(i.create_empty_circular_buffer)
    elog_get_filter_tag_lvl                  0x08003ff5   Thumb Code   130  elog.o(i.elog_get_filter_tag_lvl)
    elog_init                                0x080040e1   Thumb Code   100  elog.o(i.elog_init)
    elog_output                              0x08004149   Thumb Code   758  elog.o(i.elog_output)
    elog_output_lock                         0x080044e1   Thumb Code    28  elog.o(i.elog_output_lock)
    elog_output_lock_enabled                 0x08004501   Thumb Code    40  elog.o(i.elog_output_lock_enabled)
    elog_output_unlock                       0x0800452d   Thumb Code    28  elog.o(i.elog_output_unlock)
    elog_port_get_p_info                     0x0800454d   Thumb Code     2  elog_port.o(i.elog_port_get_p_info)
    elog_port_get_t_info                     0x0800454f   Thumb Code     2  elog_port.o(i.elog_port_get_t_info)
    elog_port_get_time                       0x08004551   Thumb Code     2  elog_port.o(i.elog_port_get_time)
    elog_port_init                           0x08004553   Thumb Code     4  elog_port.o(i.elog_port_init)
    elog_port_output                         0x08004557   Thumb Code    10  elog_port.o(i.elog_port_output)
    elog_port_output_lock                    0x08004561   Thumb Code     2  elog_port.o(i.elog_port_output_lock)
    elog_port_output_unlock                  0x08004563   Thumb Code     2  elog_port.o(i.elog_port_output_unlock)
    elog_set_filter_lvl                      0x08004565   Thumb Code    64  elog.o(i.elog_set_filter_lvl)
    elog_set_fmt                             0x08004615   Thumb Code    72  elog.o(i.elog_set_fmt)
    elog_start                               0x080046cd   Thumb Code    42  elog.o(i.elog_start)
    elog_strcpy                              0x08004755   Thumb Code   148  elog_utils.o(i.elog_strcpy)
    get_circular_buffer                      0x08004845   Thumb Code    34  bsp_uart_driver.o(i.get_circular_buffer)
    get_data                                 0x080048d5   Thumb Code    52  mid_circular_buffer.o(i.get_data)
    insert_data                              0x080049ed   Thumb Code    50  mid_circular_buffer.o(i.insert_data)
    main                                     0x08004a1f   Thumb Code    90  main.o(i.main)
    osDelay                                  0x08004a79   Thumb Code    26  cmsis_os2.o(i.osDelay)
    osKernelInitialize                       0x08004a95   Thumb Code    32  cmsis_os2.o(i.osKernelInitialize)
    osKernelStart                            0x08004ab9   Thumb Code    48  cmsis_os2.o(i.osKernelStart)
    osThreadNew                              0x08004af1   Thumb Code   138  cmsis_os2.o(i.osThreadNew)
    pvPortMalloc                             0x08005311   Thumb Code   216  heap_4.o(i.pvPortMalloc)
    pxPortInitialiseStack                    0x080053ed   Thumb Code    40  port.o(i.pxPortInitialiseStack)
    uart_driver_func                         0x08005419   Thumb Code   260  bsp_uart_driver.o(i.uart_driver_func)
    uart_rec_A_function                      0x0800567d   Thumb Code   452  uart_parse_task.o(i.uart_rec_A_function)
    uxListRemove                             0x0800597d   Thumb Code    38  list.o(i.uxListRemove)
    vApplicationGetIdleTaskMemory            0x080059a5   Thumb Code    16  cmsis_os2.o(i.vApplicationGetIdleTaskMemory)
    vApplicationGetTimerTaskMemory           0x080059b9   Thumb Code    18  cmsis_os2.o(i.vApplicationGetTimerTaskMemory)
    vListInitialise                          0x080059d1   Thumb Code    22  list.o(i.vListInitialise)
    vListInitialiseItem                      0x080059e7   Thumb Code     6  list.o(i.vListInitialiseItem)
    vListInsert                              0x080059ed   Thumb Code    48  list.o(i.vListInsert)
    vListInsertEnd                           0x08005a1d   Thumb Code    24  list.o(i.vListInsertEnd)
    vPortEnterCritical                       0x08005a35   Thumb Code    54  port.o(i.vPortEnterCritical)
    vPortExitCritical                        0x08005a75   Thumb Code    34  port.o(i.vPortExitCritical)
    vPortFree                                0x08005a9d   Thumb Code    94  heap_4.o(i.vPortFree)
    vPortSetupTimerInterrupt                 0x08005b01   Thumb Code    32  port.o(i.vPortSetupTimerInterrupt)
    vPortValidateInterruptPriority           0x08005b25   Thumb Code    74  port.o(i.vPortValidateInterruptPriority)
    vQueueAddToRegistry                      0x08005b79   Thumb Code    34  queue.o(i.vQueueAddToRegistry)
    vQueueWaitForMessageRestricted           0x08005ba1   Thumb Code    68  queue.o(i.vQueueWaitForMessageRestricted)
    vTaskDelay                               0x08005be5   Thumb Code    66  tasks.o(i.vTaskDelay)
    vTaskInternalSetTimeOutState             0x08005c31   Thumb Code    12  tasks.o(i.vTaskInternalSetTimeOutState)
    vTaskMissedYield                         0x08005c41   Thumb Code     8  tasks.o(i.vTaskMissedYield)
    vTaskPlaceOnEventList                    0x08005c4d   Thumb Code    44  tasks.o(i.vTaskPlaceOnEventList)
    vTaskPlaceOnEventListRestricted          0x08005c7d   Thumb Code    52  tasks.o(i.vTaskPlaceOnEventListRestricted)
    vTaskStartScheduler                      0x08005cb5   Thumb Code   118  tasks.o(i.vTaskStartScheduler)
    vTaskSuspendAll                          0x08005d3d   Thumb Code    10  tasks.o(i.vTaskSuspendAll)
    vTaskSwitchContext                       0x08005d4d   Thumb Code    90  tasks.o(i.vTaskSwitchContext)
    xPortStartScheduler                      0x08005db1   Thumb Code   222  port.o(i.xPortStartScheduler)
    xPortSysTickHandler                      0x08005ea5   Thumb Code    38  port.o(i.xPortSysTickHandler)
    xQueueGenericCreate                      0x08005ed1   Thumb Code    66  queue.o(i.xQueueGenericCreate)
    xQueueGenericCreateStatic                0x08005f13   Thumb Code   102  queue.o(i.xQueueGenericCreateStatic)
    xQueueGenericReset                       0x08005f79   Thumb Code   132  queue.o(i.xQueueGenericReset)
    xQueueGenericSend                        0x08006001   Thumb Code   346  queue.o(i.xQueueGenericSend)
    xQueueGenericSendFromISR                 0x08006161   Thumb Code   190  queue.o(i.xQueueGenericSendFromISR)
    xQueueReceive                            0x08006221   Thumb Code   308  queue.o(i.xQueueReceive)
    xTaskCheckForTimeOut                     0x08006359   Thumb Code   112  tasks.o(i.xTaskCheckForTimeOut)
    xTaskCreate                              0x080063cd   Thumb Code    90  tasks.o(i.xTaskCreate)
    xTaskCreateStatic                        0x08006427   Thumb Code    86  tasks.o(i.xTaskCreateStatic)
    xTaskGetSchedulerState                   0x0800647d   Thumb Code    22  tasks.o(i.xTaskGetSchedulerState)
    xTaskGetTickCount                        0x08006499   Thumb Code     6  tasks.o(i.xTaskGetTickCount)
    xTaskIncrementTick                       0x080064a5   Thumb Code   192  tasks.o(i.xTaskIncrementTick)
    xTaskPriorityDisinherit                  0x0800656d   Thumb Code   118  tasks.o(i.xTaskPriorityDisinherit)
    xTaskRemoveFromEventList                 0x080065ed   Thumb Code    98  tasks.o(i.xTaskRemoveFromEventList)
    xTaskResumeAll                           0x0800665d   Thumb Code   182  tasks.o(i.xTaskResumeAll)
    xTimerCreateTimerTask                    0x08006721   Thumb Code    78  timers.o(i.xTimerCreateTimerTask)
    xTimerGenericCommand                     0x08006781   Thumb Code    98  timers.o(i.xTimerGenericCommand)
    _get_lc_numeric                          0x080067e9   Thumb Code    44  lc_numeric_c.o(locale$$code)
    _get_lc_ctype                            0x08006815   Thumb Code    44  lc_ctype_c.o(locale$$code)
    _fp_init                                 0x08006841   Thumb Code    10  fpinit.o(x$fpl$fpinit)
    __fplib_config_fpu_vfp                   0x08006849   Thumb Code     0  fpinit.o(x$fpl$fpinit)
    __fplib_config_pureend_doubles           0x08006849   Thumb Code     0  fpinit.o(x$fpl$fpinit)
    _printf_fp_dec                           0x0800684b   Thumb Code     4  printf1.o(x$fpl$printf1)
    _printf_fp_hex                           0x0800684f   Thumb Code     4  printf2.o(x$fpl$printf2)
    __I$use$fp                               0x08006852   Number         0  usenofp.o(x$fpl$usenofp)
    defaultTask_attributes                   0x08006854   Data          36  freertos.o(.constdata)
    Task_uart_rec_A_attributes               0x08006878   Data          36  freertos.o(.constdata)
    Task_basp_uart_driver_attributes         0x0800689c   Data          36  freertos.o(.constdata)
    AHBPrescTable                            0x080068d9   Data          16  system_stm32f4xx.o(.constdata)
    APBPrescTable                            0x080068e9   Data           8  system_stm32f4xx.o(.constdata)
    Region$$Table$$Base                      0x08006be0   Number         0  anon$$obj.o(Region$$Table)
    Region$$Table$$Limit                     0x08006c00   Number         0  anon$$obj.o(Region$$Table)
    __ctype                                  0x08006c29   Data           0  lc_ctype_c.o(locale$$data)
    defaultTaskHandle                        0x20000000   Data           4  freertos.o(.data)
    Task_uart_rec_AHandle                    0x20000004   Data           4  freertos.o(.data)
    Task_uart_bsp_AHandle                    0x20000008   Data           4  freertos.o(.data)
    uwTickFreq                               0x2000000c   Data           1  stm32f4xx_hal.o(.data)
    uwTickPrio                               0x20000010   Data           4  stm32f4xx_hal.o(.data)
    uwTick                                   0x20000014   Data           4  stm32f4xx_hal.o(.data)
    SystemCoreClock                          0x20000018   Data           4  system_stm32f4xx.o(.data)
    pxCurrentTCB                             0x2000001c   Data           4  tasks.o(.data)
    elog_assert_hook                         0x2000009c   Data           4  elog.o(.data)
    queue_irq_rec_A                          0x200000d8   Data           4  uart_parse_task.o(.data)
    g_data_buffer                            0x200000e4   Data           1  bsp_uart_driver.o(.data)
    huart1                                   0x200000f0   Data          68  usart.o(.bss)
    hdma_usart1_rx                           0x20000134   Data          96  usart.o(.bss)
    htim2                                    0x20000194   Data          72  stm32f4xx_hal_timebase_tim.o(.bss)
    xQueueRegistry                           0x200001dc   Data          64  queue.o(.bss)
    _SEGGER_RTT                              0x20004ab0   Data         168  segger_rtt.o(.bss)
    __libspace_start                         0x20005474   Data          96  libspace.o(.bss)
    __temporary_stack_top$libspace           0x200054d4   Data           0  libspace.o(.bss)



==============================================================================

Memory Map of the image

  Image Entry point : 0x08000199

  Load Region LR_IROM1 (Base: 0x08000000, Size: 0x00006e1c, Max: 0x00080000, ABSOLUTE)

    Execution Region ER_IROM1 (Exec base: 0x08000000, Load base: 0x08000000, Size: 0x00006d2c, Max: 0x00080000, ABSOLUTE)

    Exec Addr    Load Addr    Size         Type   Attr      Idx    E Section Name        Object

    0x08000000   0x08000000   0x00000198   Data   RO            3    RESET               startup_stm32f411xe.o
    0x08000198   0x08000198   0x00000008   Code   RO         5627  * !!!main             c_w.l(__main.o)
    0x080001a0   0x080001a0   0x00000034   Code   RO         5960    !!!scatter          c_w.l(__scatter.o)
    0x080001d4   0x080001d4   0x0000001a   Code   RO         5962    !!handler_copy      c_w.l(__scatter_copy.o)
    0x080001ee   0x080001ee   0x00000002   PAD
    0x080001f0   0x080001f0   0x0000001c   Code   RO         5964    !!handler_zi        c_w.l(__scatter_zi.o)
    0x0800020c   0x0800020c   0x00000000   Code   RO         5602    .ARM.Collect$$_printf_percent$$00000000  c_w.l(_printf_percent.o)
    0x0800020c   0x0800020c   0x00000006   Code   RO         5692    .ARM.Collect$$_printf_percent$$00000001  c_w.l(_printf_n.o)
    0x08000212   0x08000212   0x00000006   Code   RO         5693    .ARM.Collect$$_printf_percent$$00000002  c_w.l(_printf_p.o)
    0x08000218   0x08000218   0x00000006   Code   RO         5697    .ARM.Collect$$_printf_percent$$00000003  c_w.l(_printf_f.o)
    0x0800021e   0x0800021e   0x00000006   Code   RO         5698    .ARM.Collect$$_printf_percent$$00000004  c_w.l(_printf_e.o)
    0x08000224   0x08000224   0x00000006   Code   RO         5699    .ARM.Collect$$_printf_percent$$00000005  c_w.l(_printf_g.o)
    0x0800022a   0x0800022a   0x00000006   Code   RO         5700    .ARM.Collect$$_printf_percent$$00000006  c_w.l(_printf_a.o)
    0x08000230   0x08000230   0x0000000a   Code   RO         5705    .ARM.Collect$$_printf_percent$$00000007  c_w.l(_printf_ll.o)
    0x0800023a   0x0800023a   0x00000006   Code   RO         5695    .ARM.Collect$$_printf_percent$$00000008  c_w.l(_printf_i.o)
    0x08000240   0x08000240   0x00000006   Code   RO         5601    .ARM.Collect$$_printf_percent$$00000009  c_w.l(_printf_d.o)
    0x08000246   0x08000246   0x00000006   Code   RO         5696    .ARM.Collect$$_printf_percent$$0000000A  c_w.l(_printf_u.o)
    0x0800024c   0x0800024c   0x00000006   Code   RO         5694    .ARM.Collect$$_printf_percent$$0000000B  c_w.l(_printf_o.o)
    0x08000252   0x08000252   0x00000006   Code   RO         5600    .ARM.Collect$$_printf_percent$$0000000C  c_w.l(_printf_x.o)
    0x08000258   0x08000258   0x00000006   Code   RO         5702    .ARM.Collect$$_printf_percent$$0000000D  c_w.l(_printf_lli.o)
    0x0800025e   0x0800025e   0x00000006   Code   RO         5703    .ARM.Collect$$_printf_percent$$0000000E  c_w.l(_printf_lld.o)
    0x08000264   0x08000264   0x00000006   Code   RO         5704    .ARM.Collect$$_printf_percent$$0000000F  c_w.l(_printf_llu.o)
    0x0800026a   0x0800026a   0x00000006   Code   RO         5709    .ARM.Collect$$_printf_percent$$00000010  c_w.l(_printf_llo.o)
    0x08000270   0x08000270   0x00000006   Code   RO         5710    .ARM.Collect$$_printf_percent$$00000011  c_w.l(_printf_llx.o)
    0x08000276   0x08000276   0x0000000a   Code   RO         5706    .ARM.Collect$$_printf_percent$$00000012  c_w.l(_printf_l.o)
    0x08000280   0x08000280   0x00000006   Code   RO         5598    .ARM.Collect$$_printf_percent$$00000013  c_w.l(_printf_c.o)
    0x08000286   0x08000286   0x00000006   Code   RO         5599    .ARM.Collect$$_printf_percent$$00000014  c_w.l(_printf_s.o)
    0x0800028c   0x0800028c   0x00000006   Code   RO         5707    .ARM.Collect$$_printf_percent$$00000015  c_w.l(_printf_lc.o)
    0x08000292   0x08000292   0x00000006   Code   RO         5708    .ARM.Collect$$_printf_percent$$00000016  c_w.l(_printf_ls.o)
    0x08000298   0x08000298   0x00000004   Code   RO         5701    .ARM.Collect$$_printf_percent$$00000017  c_w.l(_printf_percent_end.o)
    0x0800029c   0x0800029c   0x00000002   Code   RO         5887    .ARM.Collect$$libinit$$00000000  c_w.l(libinit.o)
    0x0800029e   0x0800029e   0x00000004   Code   RO         5715    .ARM.Collect$$libinit$$00000001  c_w.l(libinit2.o)
    0x080002a2   0x080002a2   0x00000000   Code   RO         5718    .ARM.Collect$$libinit$$00000004  c_w.l(libinit2.o)
    0x080002a2   0x080002a2   0x00000008   Code   RO         5719    .ARM.Collect$$libinit$$00000005  c_w.l(libinit2.o)
    0x080002aa   0x080002aa   0x00000000   Code   RO         5721    .ARM.Collect$$libinit$$0000000A  c_w.l(libinit2.o)
    0x080002aa   0x080002aa   0x00000000   Code   RO         5723    .ARM.Collect$$libinit$$0000000C  c_w.l(libinit2.o)
    0x080002aa   0x080002aa   0x00000000   Code   RO         5725    .ARM.Collect$$libinit$$0000000E  c_w.l(libinit2.o)
    0x080002aa   0x080002aa   0x00000006   Code   RO         5726    .ARM.Collect$$libinit$$0000000F  c_w.l(libinit2.o)
    0x080002b0   0x080002b0   0x00000000   Code   RO         5728    .ARM.Collect$$libinit$$00000011  c_w.l(libinit2.o)
    0x080002b0   0x080002b0   0x0000000c   Code   RO         5729    .ARM.Collect$$libinit$$00000012  c_w.l(libinit2.o)
    0x080002bc   0x080002bc   0x00000000   Code   RO         5730    .ARM.Collect$$libinit$$00000013  c_w.l(libinit2.o)
    0x080002bc   0x080002bc   0x00000000   Code   RO         5732    .ARM.Collect$$libinit$$00000015  c_w.l(libinit2.o)
    0x080002bc   0x080002bc   0x0000000a   Code   RO         5733    .ARM.Collect$$libinit$$00000016  c_w.l(libinit2.o)
    0x080002c6   0x080002c6   0x00000000   Code   RO         5734    .ARM.Collect$$libinit$$00000017  c_w.l(libinit2.o)
    0x080002c6   0x080002c6   0x00000000   Code   RO         5736    .ARM.Collect$$libinit$$00000019  c_w.l(libinit2.o)
    0x080002c6   0x080002c6   0x00000000   Code   RO         5738    .ARM.Collect$$libinit$$0000001B  c_w.l(libinit2.o)
    0x080002c6   0x080002c6   0x00000000   Code   RO         5740    .ARM.Collect$$libinit$$0000001D  c_w.l(libinit2.o)
    0x080002c6   0x080002c6   0x00000000   Code   RO         5742    .ARM.Collect$$libinit$$0000001F  c_w.l(libinit2.o)
    0x080002c6   0x080002c6   0x00000000   Code   RO         5744    .ARM.Collect$$libinit$$00000021  c_w.l(libinit2.o)
    0x080002c6   0x080002c6   0x00000000   Code   RO         5746    .ARM.Collect$$libinit$$00000023  c_w.l(libinit2.o)
    0x080002c6   0x080002c6   0x00000000   Code   RO         5748    .ARM.Collect$$libinit$$00000025  c_w.l(libinit2.o)
    0x080002c6   0x080002c6   0x00000000   Code   RO         5752    .ARM.Collect$$libinit$$0000002C  c_w.l(libinit2.o)
    0x080002c6   0x080002c6   0x00000000   Code   RO         5754    .ARM.Collect$$libinit$$0000002E  c_w.l(libinit2.o)
    0x080002c6   0x080002c6   0x00000000   Code   RO         5756    .ARM.Collect$$libinit$$00000030  c_w.l(libinit2.o)
    0x080002c6   0x080002c6   0x00000000   Code   RO         5758    .ARM.Collect$$libinit$$00000032  c_w.l(libinit2.o)
    0x080002c6   0x080002c6   0x00000002   Code   RO         5759    .ARM.Collect$$libinit$$00000033  c_w.l(libinit2.o)
    0x080002c8   0x080002c8   0x00000002   Code   RO         5957    .ARM.Collect$$libshutdown$$00000000  c_w.l(libshutdown.o)
    0x080002ca   0x080002ca   0x00000000   Code   RO         5913    .ARM.Collect$$libshutdown$$00000002  c_w.l(libshutdown2.o)
    0x080002ca   0x080002ca   0x00000000   Code   RO         5915    .ARM.Collect$$libshutdown$$00000004  c_w.l(libshutdown2.o)
    0x080002ca   0x080002ca   0x00000000   Code   RO         5917    .ARM.Collect$$libshutdown$$00000006  c_w.l(libshutdown2.o)
    0x080002ca   0x080002ca   0x00000000   Code   RO         5920    .ARM.Collect$$libshutdown$$00000009  c_w.l(libshutdown2.o)
    0x080002ca   0x080002ca   0x00000000   Code   RO         5923    .ARM.Collect$$libshutdown$$0000000C  c_w.l(libshutdown2.o)
    0x080002ca   0x080002ca   0x00000000   Code   RO         5925    .ARM.Collect$$libshutdown$$0000000E  c_w.l(libshutdown2.o)
    0x080002ca   0x080002ca   0x00000000   Code   RO         5928    .ARM.Collect$$libshutdown$$00000011  c_w.l(libshutdown2.o)
    0x080002ca   0x080002ca   0x00000002   Code   RO         5929    .ARM.Collect$$libshutdown$$00000012  c_w.l(libshutdown2.o)
    0x080002cc   0x080002cc   0x00000000   Code   RO         5631    .ARM.Collect$$rtentry$$00000000  c_w.l(__rtentry.o)
    0x080002cc   0x080002cc   0x00000000   Code   RO         5774    .ARM.Collect$$rtentry$$00000002  c_w.l(__rtentry2.o)
    0x080002cc   0x080002cc   0x00000006   Code   RO         5786    .ARM.Collect$$rtentry$$00000004  c_w.l(__rtentry4.o)
    0x080002d2   0x080002d2   0x00000000   Code   RO         5776    .ARM.Collect$$rtentry$$00000009  c_w.l(__rtentry2.o)
    0x080002d2   0x080002d2   0x00000004   Code   RO         5777    .ARM.Collect$$rtentry$$0000000A  c_w.l(__rtentry2.o)
    0x080002d6   0x080002d6   0x00000000   Code   RO         5779    .ARM.Collect$$rtentry$$0000000C  c_w.l(__rtentry2.o)
    0x080002d6   0x080002d6   0x00000008   Code   RO         5780    .ARM.Collect$$rtentry$$0000000D  c_w.l(__rtentry2.o)
    0x080002de   0x080002de   0x00000002   Code   RO         5895    .ARM.Collect$$rtexit$$00000000  c_w.l(rtexit.o)
    0x080002e0   0x080002e0   0x00000000   Code   RO         5933    .ARM.Collect$$rtexit$$00000002  c_w.l(rtexit2.o)
    0x080002e0   0x080002e0   0x00000004   Code   RO         5934    .ARM.Collect$$rtexit$$00000003  c_w.l(rtexit2.o)
    0x080002e4   0x080002e4   0x00000006   Code   RO         5935    .ARM.Collect$$rtexit$$00000004  c_w.l(rtexit2.o)
    0x080002ea   0x080002ea   0x00000002   PAD
    0x080002ec   0x080002ec   0x000000be   Code   RO         4781    .emb_text           port.o
    0x080003aa   0x080003aa   0x00000002   PAD
    0x080003ac   0x080003ac   0x00000000   Code   RO         5792    .emb_text           c_w.l(maybetermalloc1.o)
    0x080003ac   0x080003ac   0x00000040   Code   RO            4    .text               startup_stm32f411xe.o
    0x080003ec   0x080003ec   0x0000005e   Code   RO         5487    .text               c_w.l(h1_alloc.o)
    0x0800044a   0x0800044a   0x000000ee   Code   RO         5541    .text               c_w.l(lludivv7m.o)
    0x08000538   0x08000538   0x00000034   Code   RO         5543    .text               c_w.l(vsnprintf.o)
    0x0800056c   0x0800056c   0x00000038   Code   RO         5545    .text               c_w.l(__2snprintf.o)
    0x080005a4   0x080005a4   0x0000004e   Code   RO         5551    .text               c_w.l(_printf_pad.o)
    0x080005f2   0x080005f2   0x00000052   Code   RO         5553    .text               c_w.l(_printf_str.o)
    0x08000644   0x08000644   0x00000078   Code   RO         5555    .text               c_w.l(_printf_dec.o)
    0x080006bc   0x080006bc   0x00000094   Code   RO         5575    .text               c_w.l(_printf_hex_int_ll_ptr.o)
    0x08000750   0x08000750   0x00000188   Code   RO         5595    .text               c_w.l(__printf_flags_ss_wp.o)
    0x080008d8   0x080008d8   0x00000024   Code   RO         5603    .text               c_w.l(strstr.o)
    0x080008fc   0x080008fc   0x00000048   Code   RO         5605    .text               c_w.l(strcpy.o)
    0x08000944   0x08000944   0x0000003e   Code   RO         5607    .text               c_w.l(strlen.o)
    0x08000982   0x08000982   0x00000096   Code   RO         5611    .text               c_w.l(strncmp.o)
    0x08000a18   0x08000a18   0x0000008a   Code   RO         5613    .text               c_w.l(rt_memcpy_v6.o)
    0x08000aa2   0x08000aa2   0x00000010   Code   RO         5617    .text               c_w.l(aeabi_memset.o)
    0x08000ab2   0x08000ab2   0x00000044   Code   RO         5619    .text               c_w.l(rt_memclr.o)
    0x08000af6   0x08000af6   0x0000004e   Code   RO         5621    .text               c_w.l(rt_memclr_w.o)
    0x08000b44   0x08000b44   0x00000006   Code   RO         5625    .text               c_w.l(heapauxi.o)
    0x08000b4a   0x08000b4a   0x00000002   PAD
    0x08000b4c   0x08000b4c   0x00000008   Code   RO         5639    .text               c_w.l(rt_heap_descriptor_intlibspace.o)
    0x08000b54   0x08000b54   0x00000004   Code   RO         5641    .text               c_w.l(hguard.o)
    0x08000b58   0x08000b58   0x0000008a   Code   RO         5643    .text               c_w.l(init_alloc.o)
    0x08000be2   0x08000be2   0x0000000e   Code   RO         5649    .text               c_w.l(h1_init.o)
    0x08000bf0   0x08000bf0   0x0000004e   Code   RO         5651    .text               c_w.l(h1_free.o)
    0x08000c3e   0x08000c3e   0x00000024   Code   RO         5667    .text               c_w.l(_printf_truncate.o)
    0x08000c62   0x08000c62   0x000000b2   Code   RO         5669    .text               c_w.l(_printf_intcommon.o)
    0x08000d14   0x08000d14   0x00000028   Code   RO         5671    .text               c_w.l(_printf_charcount.o)
    0x08000d3c   0x08000d3c   0x00000030   Code   RO         5673    .text               c_w.l(_printf_char_common.o)
    0x08000d6c   0x08000d6c   0x0000000a   Code   RO         5675    .text               c_w.l(_sputc.o)
    0x08000d76   0x08000d76   0x00000010   Code   RO         5677    .text               c_w.l(_snputc.o)
    0x08000d86   0x08000d86   0x0000002c   Code   RO         5679    .text               c_w.l(_printf_char.o)
    0x08000db2   0x08000db2   0x00000002   PAD
    0x08000db4   0x08000db4   0x000000bc   Code   RO         5681    .text               c_w.l(_printf_wctomb.o)
    0x08000e70   0x08000e70   0x0000007c   Code   RO         5684    .text               c_w.l(_printf_longlong_dec.o)
    0x08000eec   0x08000eec   0x00000070   Code   RO         5690    .text               c_w.l(_printf_oct_int_ll.o)
    0x08000f5c   0x08000f5c   0x00000064   Code   RO         5711    .text               c_w.l(rt_memcpy_w.o)
    0x08000fc0   0x08000fc0   0x00000008   Code   RO         5770    .text               c_w.l(libspace.o)
    0x08000fc8   0x08000fc8   0x00000034   Code   RO         5794    .text               c_w.l(h1_extend.o)
    0x08000ffc   0x08000ffc   0x0000008a   Code   RO         5798    .text               c_w.l(lludiv10.o)
    0x08001086   0x08001086   0x0000041e   Code   RO         5800    .text               c_w.l(_printf_fp_dec.o)
    0x080014a4   0x080014a4   0x000002fc   Code   RO         5802    .text               c_w.l(_printf_fp_hex.o)
    0x080017a0   0x080017a0   0x0000002c   Code   RO         5807    .text               c_w.l(_printf_wchar.o)
    0x080017cc   0x080017cc   0x00000040   Code   RO         5809    .text               c_w.l(_wcrtomb.o)
    0x0800180c   0x0800180c   0x0000000e   Code   RO         5811    .text               c_w.l(defsig_rtmem_outer.o)
    0x0800181a   0x0800181a   0x00000002   Code   RO         5822    .text               c_w.l(use_no_semi.o)
    0x0800181c   0x0800181c   0x00000000   Code   RO         5824    .text               c_w.l(indicate_semi.o)
    0x0800181c   0x0800181c   0x0000004a   Code   RO         5825    .text               c_w.l(sys_stackheap_outer.o)
    0x08001866   0x08001866   0x00000002   PAD
    0x08001868   0x08001868   0x00000010   Code   RO         5827    .text               c_w.l(rt_ctype_table.o)
    0x08001878   0x08001878   0x00000008   Code   RO         5834    .text               c_w.l(rt_locale_intlibspace.o)
    0x08001880   0x08001880   0x00000080   Code   RO         5838    .text               c_w.l(_printf_fp_infnan.o)
    0x08001900   0x08001900   0x000000e4   Code   RO         5840    .text               c_w.l(bigflt0.o)
    0x080019e4   0x080019e4   0x00000012   Code   RO         5868    .text               c_w.l(exit.o)
    0x080019f6   0x080019f6   0x0000000a   Code   RO         5870    .text               c_w.l(defsig_exit.o)
    0x08001a00   0x08001a00   0x00000050   Code   RO         5876    .text               c_w.l(defsig_rtmem_inner.o)
    0x08001a50   0x08001a50   0x0000000c   Code   RO         5893    .text               c_w.l(sys_exit.o)
    0x08001a5c   0x08001a5c   0x00000032   Code   RO         5906    .text               c_w.l(defsig_general.o)
    0x08001a8e   0x08001a8e   0x00000002   PAD
    0x08001a90   0x08001a90   0x00000080   Code   RO         5910    .text               c_w.l(strcmpv7m.o)
    0x08001b10   0x08001b10   0x0000000e   Code   RO         5930    .text               c_w.l(sys_wrch.o)
    0x08001b1e   0x08001b1e   0x0000003e   Code   RO         5843    CL$$btod_d2e        c_w.l(btod.o)
    0x08001b5c   0x08001b5c   0x00000046   Code   RO         5845    CL$$btod_d2e_denorm_low  c_w.l(btod.o)
    0x08001ba2   0x08001ba2   0x00000060   Code   RO         5844    CL$$btod_d2e_norm_op1  c_w.l(btod.o)
    0x08001c02   0x08001c02   0x00000338   Code   RO         5853    CL$$btod_div_common  c_w.l(btod.o)
    0x08001f3a   0x08001f3a   0x000000dc   Code   RO         5850    CL$$btod_e2e        c_w.l(btod.o)
    0x08002016   0x08002016   0x0000002a   Code   RO         5847    CL$$btod_ediv       c_w.l(btod.o)
    0x08002040   0x08002040   0x0000002a   Code   RO         5846    CL$$btod_emul       c_w.l(btod.o)
    0x0800206a   0x0800206a   0x00000244   Code   RO         5852    CL$$btod_mult_common  c_w.l(btod.o)
    0x080022ae   0x080022ae   0x00000002   Code   RO          347    i.BusFault_Handler  stm32f4xx_it.o
    0x080022b0   0x080022b0   0x0000000c   Code   RO          348    i.DMA2_Stream2_IRQHandler  stm32f4xx_it.o
    0x080022bc   0x080022bc   0x00000028   Code   RO          999    i.DMA_CalcBaseAndBitshift  stm32f4xx_hal_dma.o
    0x080022e4   0x080022e4   0x00000054   Code   RO         1000    i.DMA_CheckFifoParam  stm32f4xx_hal_dma.o
    0x08002338   0x08002338   0x00000028   Code   RO         1001    i.DMA_SetConfig     stm32f4xx_hal_dma.o
    0x08002360   0x08002360   0x00000002   Code   RO          349    i.DebugMon_Handler  stm32f4xx_it.o
    0x08002362   0x08002362   0x00000004   Code   RO           13    i.Error_Handler     main.o
    0x08002366   0x08002366   0x00000092   Code   RO         1002    i.HAL_DMA_Abort     stm32f4xx_hal_dma.o
    0x080023f8   0x080023f8   0x00000024   Code   RO         1003    i.HAL_DMA_Abort_IT  stm32f4xx_hal_dma.o
    0x0800241c   0x0800241c   0x000001a0   Code   RO         1007    i.HAL_DMA_IRQHandler  stm32f4xx_hal_dma.o
    0x080025bc   0x080025bc   0x000000d4   Code   RO         1008    i.HAL_DMA_Init      stm32f4xx_hal_dma.o
    0x08002690   0x08002690   0x0000006e   Code   RO         1012    i.HAL_DMA_Start_IT  stm32f4xx_hal_dma.o
    0x080026fe   0x080026fe   0x00000002   PAD
    0x08002700   0x08002700   0x000001e0   Code   RO          895    i.HAL_GPIO_Init     stm32f4xx_hal_gpio.o
    0x080028e0   0x080028e0   0x0000000c   Code   RO         1451    i.HAL_GetTick       stm32f4xx_hal.o
    0x080028ec   0x080028ec   0x00000010   Code   RO         1457    i.HAL_IncTick       stm32f4xx_hal.o
    0x080028fc   0x080028fc   0x00000034   Code   RO         1458    i.HAL_Init          stm32f4xx_hal.o
    0x08002930   0x08002930   0x00000098   Code   RO          447    i.HAL_InitTick      stm32f4xx_hal_timebase_tim.o
    0x080029c8   0x080029c8   0x00000038   Code   RO          423    i.HAL_MspInit       stm32f4xx_hal_msp.o
    0x08002a00   0x08002a00   0x0000001a   Code   RO         1308    i.HAL_NVIC_EnableIRQ  stm32f4xx_hal_cortex.o
    0x08002a1a   0x08002a1a   0x00000002   PAD
    0x08002a1c   0x08002a1c   0x00000040   Code   RO         1314    i.HAL_NVIC_SetPriority  stm32f4xx_hal_cortex.o
    0x08002a5c   0x08002a5c   0x00000024   Code   RO         1315    i.HAL_NVIC_SetPriorityGrouping  stm32f4xx_hal_cortex.o
    0x08002a80   0x08002a80   0x00000134   Code   RO          487    i.HAL_RCC_ClockConfig  stm32f4xx_hal_rcc.o
    0x08002bb4   0x08002bb4   0x00000040   Code   RO          491    i.HAL_RCC_GetClockConfig  stm32f4xx_hal_rcc.o
    0x08002bf4   0x08002bf4   0x00000020   Code   RO          494    i.HAL_RCC_GetPCLK1Freq  stm32f4xx_hal_rcc.o
    0x08002c14   0x08002c14   0x00000020   Code   RO          495    i.HAL_RCC_GetPCLK2Freq  stm32f4xx_hal_rcc.o
    0x08002c34   0x08002c34   0x00000064   Code   RO          496    i.HAL_RCC_GetSysClockFreq  stm32f4xx_hal_rcc.o
    0x08002c98   0x08002c98   0x0000036c   Code   RO          499    i.HAL_RCC_OscConfig  stm32f4xx_hal_rcc.o
    0x08003004   0x08003004   0x00000002   Code   RO         2402    i.HAL_TIMEx_BreakCallback  stm32f4xx_hal_tim_ex.o
    0x08003006   0x08003006   0x00000002   Code   RO         2403    i.HAL_TIMEx_CommutCallback  stm32f4xx_hal_tim_ex.o
    0x08003008   0x08003008   0x0000005a   Code   RO         1698    i.HAL_TIM_Base_Init  stm32f4xx_hal_tim.o
    0x08003062   0x08003062   0x00000002   Code   RO         1700    i.HAL_TIM_Base_MspInit  stm32f4xx_hal_tim.o
    0x08003064   0x08003064   0x0000006c   Code   RO         1703    i.HAL_TIM_Base_Start_IT  stm32f4xx_hal_tim.o
    0x080030d0   0x080030d0   0x00000002   Code   RO         1732    i.HAL_TIM_IC_CaptureCallback  stm32f4xx_hal_tim.o
    0x080030d2   0x080030d2   0x00000166   Code   RO         1746    i.HAL_TIM_IRQHandler  stm32f4xx_hal_tim.o
    0x08003238   0x08003238   0x00000002   Code   RO         1749    i.HAL_TIM_OC_DelayElapsedCallback  stm32f4xx_hal_tim.o
    0x0800323a   0x0800323a   0x00000002   Code   RO         1776    i.HAL_TIM_PWM_PulseFinishedCallback  stm32f4xx_hal_tim.o
    0x0800323c   0x0800323c   0x0000000e   Code   RO           14    i.HAL_TIM_PeriodElapsedCallback  main.o
    0x0800324a   0x0800324a   0x00000002   Code   RO         1789    i.HAL_TIM_TriggerCallback  stm32f4xx_hal_tim.o
    0x0800324c   0x0800324c   0x00000056   Code   RO         2678    i.HAL_UARTEx_ReceiveToIdle_DMA  stm32f4xx_hal_uart.o
    0x080032a2   0x080032a2   0x00000002   PAD
    0x080032a4   0x080032a4   0x0000006c   Code   RO         5442    i.HAL_UARTEx_RxEventCallback  bsp_uart_driver.o
    0x08003310   0x08003310   0x00000002   Code   RO         2694    i.HAL_UART_ErrorCallback  stm32f4xx_hal_uart.o
    0x08003312   0x08003312   0x00000002   PAD
    0x08003314   0x08003314   0x00000268   Code   RO         2697    i.HAL_UART_IRQHandler  stm32f4xx_hal_uart.o
    0x0800357c   0x0800357c   0x00000062   Code   RO         2698    i.HAL_UART_Init     stm32f4xx_hal_uart.o
    0x080035de   0x080035de   0x00000002   PAD
    0x080035e0   0x080035e0   0x000000b4   Code   RO          306    i.HAL_UART_MspInit  usart.o
    0x08003694   0x08003694   0x00000002   Code   RO         2704    i.HAL_UART_RxCpltCallback  stm32f4xx_hal_uart.o
    0x08003696   0x08003696   0x00000002   Code   RO         2705    i.HAL_UART_RxHalfCpltCallback  stm32f4xx_hal_uart.o
    0x08003698   0x08003698   0x00000002   Code   RO         2709    i.HAL_UART_TxCpltCallback  stm32f4xx_hal_uart.o
    0x0800369a   0x0800369a   0x00000002   Code   RO          350    i.HardFault_Handler  stm32f4xx_it.o
    0x0800369c   0x0800369c   0x0000002c   Code   RO          281    i.MX_DMA_Init       dma.o
    0x080036c8   0x080036c8   0x00000044   Code   RO          229    i.MX_FREERTOS_Init  freertos.o
    0x0800370c   0x0800370c   0x0000002c   Code   RO          205    i.MX_GPIO_Init      gpio.o
    0x08003738   0x08003738   0x00000038   Code   RO          307    i.MX_USART1_UART_Init  usart.o
    0x08003770   0x08003770   0x00000002   Code   RO          351    i.MemManage_Handler  stm32f4xx_it.o
    0x08003772   0x08003772   0x00000002   Code   RO          352    i.NMI_Handler       stm32f4xx_it.o
    0x08003774   0x08003774   0x00000038   Code   RO         4882    i.SEGGER_RTT_Write  segger_rtt.o
    0x080037ac   0x080037ac   0x0000005c   Code   RO         4885    i.SEGGER_RTT_WriteNoLock  segger_rtt.o
    0x08003808   0x08003808   0x00000060   Code   RO          230    i.StartDefaultTask  freertos.o
    0x08003868   0x08003868   0x0000001a   Code   RO         4216    i.SysTick_Handler   cmsis_os2.o
    0x08003882   0x08003882   0x00000002   PAD
    0x08003884   0x08003884   0x00000090   Code   RO           15    i.SystemClock_Config  main.o
    0x08003914   0x08003914   0x00000010   Code   RO         3027    i.SystemInit        system_stm32f4xx.o
    0x08003924   0x08003924   0x0000000c   Code   RO          353    i.TIM2_IRQHandler   stm32f4xx_it.o
    0x08003930   0x08003930   0x00000098   Code   RO         1791    i.TIM_Base_SetConfig  stm32f4xx_hal_tim.o
    0x080039c8   0x080039c8   0x00000010   Code   RO         2711    i.UART_DMAAbortOnError  stm32f4xx_hal_uart.o
    0x080039d8   0x080039d8   0x0000004a   Code   RO         2712    i.UART_DMAError     stm32f4xx_hal_uart.o
    0x08003a22   0x08003a22   0x00000082   Code   RO         2713    i.UART_DMAReceiveCplt  stm32f4xx_hal_uart.o
    0x08003aa4   0x08003aa4   0x0000001a   Code   RO         2715    i.UART_DMARxHalfCplt  stm32f4xx_hal_uart.o
    0x08003abe   0x08003abe   0x0000004e   Code   RO         2721    i.UART_EndRxTransfer  stm32f4xx_hal_uart.o
    0x08003b0c   0x08003b0c   0x0000001c   Code   RO         2722    i.UART_EndTxTransfer  stm32f4xx_hal_uart.o
    0x08003b28   0x08003b28   0x000000c0   Code   RO         2723    i.UART_Receive_IT   stm32f4xx_hal_uart.o
    0x08003be8   0x08003be8   0x0000010c   Code   RO         2724    i.UART_SetConfig    stm32f4xx_hal_uart.o
    0x08003cf4   0x08003cf4   0x00000094   Code   RO         2725    i.UART_Start_Receive_DMA  stm32f4xx_hal_uart.o
    0x08003d88   0x08003d88   0x0000000c   Code   RO          354    i.USART1_IRQHandler  stm32f4xx_it.o
    0x08003d94   0x08003d94   0x00000002   Code   RO          355    i.UsageFault_Handler  stm32f4xx_it.o
    0x08003d96   0x08003d96   0x00000002   PAD
    0x08003d98   0x08003d98   0x0000006c   Code   RO         4889    i._DoInit           segger_rtt.o
    0x08003e04   0x08003e04   0x00000016   Code   RO         4890    i._GetAvailWriteSpace  segger_rtt.o
    0x08003e1a   0x08003e1a   0x0000005a   Code   RO         4892    i._WriteBlocking    segger_rtt.o
    0x08003e74   0x08003e74   0x00000042   Code   RO         4893    i._WriteNoCheck     segger_rtt.o
    0x08003eb6   0x08003eb6   0x00000030   Code   RO         5891    i.__ARM_fpclassify  m_wm.l(fpclassify.o)
    0x08003ee6   0x08003ee6   0x00000020   Code   RO         1321    i.__NVIC_SetPriority  stm32f4xx_hal_cortex.o
    0x08003f06   0x08003f06   0x0000000e   Code   RO         5588    i._is_digit         c_w.l(__printf_wp.o)
    0x08003f14   0x08003f14   0x00000018   Code   RO         3061    i.buffer_is_empty   mid_circular_buffer.o
    0x08003f2c   0x08003f2c   0x0000002c   Code   RO         3062    i.buffer_is_full    mid_circular_buffer.o
    0x08003f58   0x08003f58   0x0000009c   Code   RO         3063    i.create_empty_circular_buffer  mid_circular_buffer.o
    0x08003ff4   0x08003ff4   0x000000ec   Code   RO         5193    i.elog_get_filter_tag_lvl  elog.o
    0x080040e0   0x080040e0   0x00000068   Code   RO         5197    i.elog_init         elog.o
    0x08004148   0x08004148   0x00000398   Code   RO         5198    i.elog_output       elog.o
    0x080044e0   0x080044e0   0x00000020   Code   RO         5199    i.elog_output_lock  elog.o
    0x08004500   0x08004500   0x0000002c   Code   RO         5200    i.elog_output_lock_enabled  elog.o
    0x0800452c   0x0800452c   0x00000020   Code   RO         5201    i.elog_output_unlock  elog.o
    0x0800454c   0x0800454c   0x00000002   Code   RO         5126    i.elog_port_get_p_info  elog_port.o
    0x0800454e   0x0800454e   0x00000002   Code   RO         5127    i.elog_port_get_t_info  elog_port.o
    0x08004550   0x08004550   0x00000002   Code   RO         5128    i.elog_port_get_time  elog_port.o
    0x08004552   0x08004552   0x00000004   Code   RO         5129    i.elog_port_init    elog_port.o
    0x08004556   0x08004556   0x0000000a   Code   RO         5130    i.elog_port_output  elog_port.o
    0x08004560   0x08004560   0x00000002   Code   RO         5131    i.elog_port_output_lock  elog_port.o
    0x08004562   0x08004562   0x00000002   Code   RO         5132    i.elog_port_output_unlock  elog_port.o
    0x08004564   0x08004564   0x000000b0   Code   RO         5205    i.elog_set_filter_lvl  elog.o
    0x08004614   0x08004614   0x000000b8   Code   RO         5208    i.elog_set_fmt      elog.o
    0x080046cc   0x080046cc   0x00000088   Code   RO         5211    i.elog_start        elog.o
    0x08004754   0x08004754   0x000000f0   Code   RO         5379    i.elog_strcpy       elog_utils.o
    0x08004844   0x08004844   0x00000090   Code   RO         5443    i.get_circular_buffer  bsp_uart_driver.o
    0x080048d4   0x080048d4   0x00000034   Code   RO         3064    i.get_data          mid_circular_buffer.o
    0x08004908   0x08004908   0x000000c0   Code   RO         5213    i.get_fmt_enabled   elog.o
    0x080049c8   0x080049c8   0x00000012   Code   RO         5214    i.get_fmt_used_and_enabled_ptr  elog.o
    0x080049da   0x080049da   0x00000012   Code   RO         5215    i.get_fmt_used_and_enabled_u32  elog.o
    0x080049ec   0x080049ec   0x00000032   Code   RO         3065    i.insert_data       mid_circular_buffer.o
    0x08004a1e   0x08004a1e   0x0000005a   Code   RO           16    i.main              main.o
    0x08004a78   0x08004a78   0x0000001a   Code   RO         4218    i.osDelay           cmsis_os2.o
    0x08004a92   0x08004a92   0x00000002   PAD
    0x08004a94   0x08004a94   0x00000024   Code   RO         4232    i.osKernelInitialize  cmsis_os2.o
    0x08004ab8   0x08004ab8   0x00000038   Code   RO         4235    i.osKernelStart     cmsis_os2.o
    0x08004af0   0x08004af0   0x0000008a   Code   RO         4277    i.osThreadNew       cmsis_os2.o
    0x08004b7a   0x08004b7a   0x00000002   PAD
    0x08004b7c   0x08004b7c   0x0000005c   Code   RO         3680    i.prvAddCurrentTaskToDelayedList  tasks.o
    0x08004bd8   0x08004bd8   0x000000d0   Code   RO         3681    i.prvAddNewTaskToReadyList  tasks.o
    0x08004ca8   0x08004ca8   0x00000058   Code   RO         4045    i.prvCheckForValidListAndQueue  timers.o
    0x08004d00   0x08004d00   0x00000026   Code   RO         3277    i.prvCopyDataFromQueue  queue.o
    0x08004d26   0x08004d26   0x0000006c   Code   RO         3278    i.prvCopyDataToQueue  queue.o
    0x08004d92   0x08004d92   0x00000034   Code   RO         3682    i.prvDeleteTCB      tasks.o
    0x08004dc6   0x08004dc6   0x00000002   PAD
    0x08004dc8   0x08004dc8   0x0000004c   Code   RO         4726    i.prvHeapInit       heap_4.o
    0x08004e14   0x08004e14   0x00000060   Code   RO         3683    i.prvIdleTask       tasks.o
    0x08004e74   0x08004e74   0x00000022   Code   RO         3280    i.prvInitialiseNewQueue  queue.o
    0x08004e96   0x08004e96   0x00000002   PAD
    0x08004e98   0x08004e98   0x000000b0   Code   RO         3684    i.prvInitialiseNewTask  tasks.o
    0x08004f48   0x08004f48   0x0000004c   Code   RO         4727    i.prvInsertBlockIntoFreeList  heap_4.o
    0x08004f94   0x08004f94   0x00000038   Code   RO         4047    i.prvInsertTimerInActiveList  timers.o
    0x08004fcc   0x08004fcc   0x0000001c   Code   RO         3281    i.prvIsQueueEmpty   queue.o
    0x08004fe8   0x08004fe8   0x000000fc   Code   RO         4048    i.prvProcessReceivedCommands  timers.o
    0x080050e4   0x080050e4   0x000000c0   Code   RO         4049    i.prvProcessTimerOrBlockTask  timers.o
    0x080051a4   0x080051a4   0x00000020   Code   RO         3686    i.prvResetNextTaskUnblockTime  tasks.o
    0x080051c4   0x080051c4   0x00000028   Code   RO         4050    i.prvSampleTimeNow  timers.o
    0x080051ec   0x080051ec   0x0000006c   Code   RO         4051    i.prvSwitchTimerLists  timers.o
    0x08005258   0x08005258   0x00000028   Code   RO         4782    i.prvTaskExitError  port.o
    0x08005280   0x08005280   0x00000024   Code   RO         4052    i.prvTimerTask      timers.o
    0x080052a4   0x080052a4   0x0000006a   Code   RO         3282    i.prvUnlockQueue    queue.o
    0x0800530e   0x0800530e   0x00000002   PAD
    0x08005310   0x08005310   0x000000dc   Code   RO         4728    i.pvPortMalloc      heap_4.o
    0x080053ec   0x080053ec   0x0000002c   Code   RO         4783    i.pxPortInitialiseStack  port.o
    0x08005418   0x08005418   0x00000264   Code   RO         5444    i.uart_driver_func  bsp_uart_driver.o
    0x0800567c   0x0800567c   0x00000300   Code   RO         5405    i.uart_rec_A_function  uart_parse_task.o
    0x0800597c   0x0800597c   0x00000026   Code   RO         3237    i.uxListRemove      list.o
    0x080059a2   0x080059a2   0x00000002   PAD
    0x080059a4   0x080059a4   0x00000014   Code   RO         4289    i.vApplicationGetIdleTaskMemory  cmsis_os2.o
    0x080059b8   0x080059b8   0x00000018   Code   RO         4290    i.vApplicationGetTimerTaskMemory  cmsis_os2.o
    0x080059d0   0x080059d0   0x00000016   Code   RO         3238    i.vListInitialise   list.o
    0x080059e6   0x080059e6   0x00000006   Code   RO         3239    i.vListInitialiseItem  list.o
    0x080059ec   0x080059ec   0x00000030   Code   RO         3240    i.vListInsert       list.o
    0x08005a1c   0x08005a1c   0x00000018   Code   RO         3241    i.vListInsertEnd    list.o
    0x08005a34   0x08005a34   0x00000040   Code   RO         4785    i.vPortEnterCritical  port.o
    0x08005a74   0x08005a74   0x00000028   Code   RO         4786    i.vPortExitCritical  port.o
    0x08005a9c   0x08005a9c   0x00000064   Code   RO         4729    i.vPortFree         heap_4.o
    0x08005b00   0x08005b00   0x00000024   Code   RO         4787    i.vPortSetupTimerInterrupt  port.o
    0x08005b24   0x08005b24   0x00000054   Code   RO         4788    i.vPortValidateInterruptPriority  port.o
    0x08005b78   0x08005b78   0x00000028   Code   RO         3288    i.vQueueAddToRegistry  queue.o
    0x08005ba0   0x08005ba0   0x00000044   Code   RO         3292    i.vQueueWaitForMessageRestricted  queue.o
    0x08005be4   0x08005be4   0x0000004c   Code   RO         3699    i.vTaskDelay        tasks.o
    0x08005c30   0x08005c30   0x00000010   Code   RO         3704    i.vTaskInternalSetTimeOutState  tasks.o
    0x08005c40   0x08005c40   0x0000000c   Code   RO         3705    i.vTaskMissedYield  tasks.o
    0x08005c4c   0x08005c4c   0x00000030   Code   RO         3707    i.vTaskPlaceOnEventList  tasks.o
    0x08005c7c   0x08005c7c   0x00000038   Code   RO         3708    i.vTaskPlaceOnEventListRestricted  tasks.o
    0x08005cb4   0x08005cb4   0x00000088   Code   RO         3716    i.vTaskStartScheduler  tasks.o
    0x08005d3c   0x08005d3c   0x00000010   Code   RO         3718    i.vTaskSuspendAll   tasks.o
    0x08005d4c   0x08005d4c   0x00000064   Code   RO         3719    i.vTaskSwitchContext  tasks.o
    0x08005db0   0x08005db0   0x000000f4   Code   RO         4789    i.xPortStartScheduler  port.o
    0x08005ea4   0x08005ea4   0x0000002c   Code   RO         4790    i.xPortSysTickHandler  port.o
    0x08005ed0   0x08005ed0   0x00000042   Code   RO         3297    i.xQueueGenericCreate  queue.o
    0x08005f12   0x08005f12   0x00000066   Code   RO         3298    i.xQueueGenericCreateStatic  queue.o
    0x08005f78   0x08005f78   0x00000088   Code   RO         3299    i.xQueueGenericReset  queue.o
    0x08006000   0x08006000   0x00000160   Code   RO         3300    i.xQueueGenericSend  queue.o
    0x08006160   0x08006160   0x000000be   Code   RO         3301    i.xQueueGenericSendFromISR  queue.o
    0x0800621e   0x0800621e   0x00000002   PAD
    0x08006220   0x08006220   0x00000138   Code   RO         3310    i.xQueueReceive     queue.o
    0x08006358   0x08006358   0x00000074   Code   RO         3721    i.xTaskCheckForTimeOut  tasks.o
    0x080063cc   0x080063cc   0x0000005a   Code   RO         3722    i.xTaskCreate       tasks.o
    0x08006426   0x08006426   0x00000056   Code   RO         3723    i.xTaskCreateStatic  tasks.o
    0x0800647c   0x0800647c   0x0000001c   Code   RO         3727    i.xTaskGetSchedulerState  tasks.o
    0x08006498   0x08006498   0x0000000c   Code   RO         3728    i.xTaskGetTickCount  tasks.o
    0x080064a4   0x080064a4   0x000000c8   Code   RO         3730    i.xTaskIncrementTick  tasks.o
    0x0800656c   0x0800656c   0x00000080   Code   RO         3733    i.xTaskPriorityDisinherit  tasks.o
    0x080065ec   0x080065ec   0x00000070   Code   RO         3735    i.xTaskRemoveFromEventList  tasks.o
    0x0800665c   0x0800665c   0x000000c4   Code   RO         3736    i.xTaskResumeAll    tasks.o
    0x08006720   0x08006720   0x00000060   Code   RO         4061    i.xTimerCreateTimerTask  timers.o
    0x08006780   0x08006780   0x00000068   Code   RO         4062    i.xTimerGenericCommand  timers.o
    0x080067e8   0x080067e8   0x0000002c   Code   RO         5866    locale$$code        c_w.l(lc_numeric_c.o)
    0x08006814   0x08006814   0x0000002c   Code   RO         5902    locale$$code        c_w.l(lc_ctype_c.o)
    0x08006840   0x08006840   0x0000000a   Code   RO         5820    x$fpl$fpinit        fz_wm.l(fpinit.o)
    0x0800684a   0x0800684a   0x00000004   Code   RO         5760    x$fpl$printf1       fz_wm.l(printf1.o)
    0x0800684e   0x0800684e   0x00000004   Code   RO         5762    x$fpl$printf2       fz_wm.l(printf2.o)
    0x08006852   0x08006852   0x00000000   Code   RO         5890    x$fpl$usenofp       fz_wm.l(usenofp.o)
    0x08006852   0x08006852   0x00000002   PAD
    0x08006854   0x08006854   0x0000007d   Data   RO          231    .constdata          freertos.o
    0x080068d1   0x080068d1   0x00000008   Data   RO         1014    .constdata          stm32f4xx_hal_dma.o
    0x080068d9   0x080068d9   0x00000010   Data   RO         3028    .constdata          system_stm32f4xx.o
    0x080068e9   0x080068e9   0x00000008   Data   RO         3029    .constdata          system_stm32f4xx.o
    0x080068f1   0x080068f1   0x0000001d   Data   RO         3066    .constdata          mid_circular_buffer.o
    0x0800690e   0x0800690e   0x000000e2   Data   RO         5217    .constdata          elog.o
    0x080069f0   0x080069f0   0x00000023   Data   RO         5380    .constdata          elog_utils.o
    0x08006a13   0x08006a13   0x00000014   Data   RO         5407    .constdata          uart_parse_task.o
    0x08006a27   0x08006a27   0x00000040   Data   RO         5445    .constdata          bsp_uart_driver.o
    0x08006a67   0x08006a67   0x00000028   Data   RO         5576    .constdata          c_w.l(_printf_hex_int_ll_ptr.o)
    0x08006a8f   0x08006a8f   0x00000011   Data   RO         5596    .constdata          c_w.l(__printf_flags_ss_wp.o)
    0x08006aa0   0x08006aa0   0x00000008   Data   RO         5682    .constdata          c_w.l(_printf_wctomb.o)
    0x08006aa8   0x08006aa8   0x00000026   Data   RO         5803    .constdata          c_w.l(_printf_fp_hex.o)
    0x08006ace   0x08006ace   0x00000002   PAD
    0x08006ad0   0x08006ad0   0x00000094   Data   RO         5841    .constdata          c_w.l(bigflt0.o)
    0x08006b64   0x08006b64   0x00000032   Data   RO          232    .conststring        freertos.o
    0x08006b96   0x08006b96   0x00000002   PAD
    0x08006b98   0x08006b98   0x00000047   Data   RO         5218    .conststring        elog.o
    0x08006bdf   0x08006bdf   0x00000001   PAD
    0x08006be0   0x08006be0   0x00000020   Data   RO         5958    Region$$Table       anon$$obj.o
    0x08006c00   0x08006c00   0x0000001c   Data   RO         5865    locale$$data        c_w.l(lc_numeric_c.o)
    0x08006c1c   0x08006c1c   0x00000110   Data   RO         5901    locale$$data        c_w.l(lc_ctype_c.o)


    Execution Region RW_IRAM1 (Exec base: 0x20000000, Load base: 0x08006d2c, Size: 0x00005ad8, Max: 0x00020000, ABSOLUTE)

    Exec Addr    Load Addr    Size         Type   Attr      Idx    E Section Name        Object

    0x20000000   0x08006d2c   0x0000000c   Data   RW          233    .data               freertos.o
    0x2000000c   0x08006d38   0x0000000c   Data   RW         1465    .data               stm32f4xx_hal.o
    0x20000018   0x08006d44   0x00000004   Data   RW         3030    .data               system_stm32f4xx.o
    0x2000001c   0x08006d48   0x0000003c   Data   RW         3739    .data               tasks.o
    0x20000058   0x08006d84   0x00000014   Data   RW         4070    .data               timers.o
    0x2000006c   0x08006d98   0x00000004   Data   RW         4292    .data               cmsis_os2.o
    0x20000070   0x08006d9c   0x00000020   Data   RW         4735    .data               heap_4.o
    0x20000090   0x08006dbc   0x0000000c   Data   RW         4791    .data               port.o
    0x2000009c   0x08006dc8   0x00000034   Data   RW         5219    .data               elog.o
    0x200000d0   0x08006dfc   0x00000014   Data   RW         5410    .data               uart_parse_task.o
    0x200000e4   0x08006e10   0x0000000c   Data   RW         5446    .data               bsp_uart_driver.o
    0x200000f0        -       0x000000a4   Zero   RW          308    .bss                usart.o
    0x20000194        -       0x00000048   Zero   RW          450    .bss                stm32f4xx_hal_timebase_tim.o
    0x200001dc        -       0x00000040   Zero   RW         3314    .bss                queue.o
    0x2000021c        -       0x000004c4   Zero   RW         3738    .bss                tasks.o
    0x200006e0        -       0x00000118   Zero   RW         4069    .bss                timers.o
    0x200007f8        -       0x000006b8   Zero   RW         4291    .bss                cmsis_os2.o
    0x20000eb0        -       0x00003c00   Zero   RW         4734    .bss                heap_4.o
    0x20004ab0        -       0x000004b8   Zero   RW         4894    .bss                segger_rtt.o
    0x20004f68        -       0x000004f8   Zero   RW         5216    .bss                elog.o
    0x20005460        -       0x00000014   Zero   RW         5406    .bss                uart_parse_task.o
    0x20005474        -       0x00000060   Zero   RW         5771    .bss                c_w.l(libspace.o)
    0x200054d4   0x08006e1c   0x00000004   PAD
    0x200054d8        -       0x00000200   Zero   RW            2    HEAP                startup_stm32f411xe.o
    0x200056d8        -       0x00000400   Zero   RW            1    STACK               startup_stm32f411xe.o


==============================================================================

Image component sizes


      Code (inc. data)   RO Data    RW Data    ZI Data      Debug   Object Name

       864        546         64         12          0       2828   bsp_uart_driver.o
       326         22          0          4       1720      61719   cmsis_os2.o
        44          4          0          0          0        818   dma.o
      2092        716        297         52       1272      17781   elog.o
        24          0          0          0          0       3717   elog_port.o
       240         92         35          0          0       2761   elog_utils.o
         0          0          0          0          0      19608   event_groups.o
       164         88        175         12          0       5261   freertos.o
        44          6          0          0          0        843   gpio.o
       472         24          0         32      15360       5007   heap_4.o
       138          0          0          0          0       3686   list.o
       252          8          0          0          0     437127   main.o
       326        110         29          0          0       8609   mid_circular_buffer.o
       786         82          0         12          0      11749   port.o
      1580         20          0          0         64      18794   queue.o
       434         42          0          0       1208       9470   segger_rtt.o
        64         26        408          0       1536        860   startup_stm32f411xe.o
        80         14          0         12          0       8070   stm32f4xx_hal.o
       158         14          0          0          0      33278   stm32f4xx_hal_cortex.o
      1084         16          8          0          0       7538   stm32f4xx_hal_dma.o
       480         34          0          0          0       1548   stm32f4xx_hal_gpio.o
        56          4          0          0          0        910   stm32f4xx_hal_msp.o
      1412         86          0          0          0       6041   stm32f4xx_hal_rcc.o
       718         50          0          0          0       7532   stm32f4xx_hal_tim.o
         4          0          0          0          0       1661   stm32f4xx_hal_tim_ex.o
       152         18          0          0         72       1543   stm32f4xx_hal_timebase_tim.o
      1768         30          0          0          0      13057   stm32f4xx_hal_uart.o
        48         18          0          0          0       4389   stm32f4xx_it.o
         0          0          0          0          0        424   stream_buffer.o
        16          4         24          4          0       1187   system_stm32f4xx.o
      2084        168          0         60       1220      27472   tasks.o
       972         80          0         20        280      30019   timers.o
       768        316         20         20         20       2864   uart_parse_task.o
       236         30          0          0        164       1889   usart.o

    ----------------------------------------------------------------------
     17916       2668       1095        240      22916     760060   Object Totals
         0          0         32          0          0          0   (incl. Generated)
        30          0          3          0          0          0   (incl. Padding)

    ----------------------------------------------------------------------

      Code (inc. data)   RO Data    RW Data    ZI Data      Debug   Library Member Name

        56          6          0          0          0         88   __2snprintf.o
         8          0          0          0          0         68   __main.o
       392          4         17          0          0         92   __printf_flags_ss_wp.o
        14          0          0          0          0         68   __printf_wp.o
         0          0          0          0          0          0   __rtentry.o
        12          0          0          0          0          0   __rtentry2.o
         6          0          0          0          0          0   __rtentry4.o
        52          8          0          0          0          0   __scatter.o
        26          0          0          0          0          0   __scatter_copy.o
        28          0          0          0          0          0   __scatter_zi.o
         6          0          0          0          0          0   _printf_a.o
         6          0          0          0          0          0   _printf_c.o
        44          0          0          0          0        108   _printf_char.o
        48          6          0          0          0         96   _printf_char_common.o
        40          0          0          0          0         68   _printf_charcount.o
         6          0          0          0          0          0   _printf_d.o
       120         16          0          0          0         92   _printf_dec.o
         6          0          0          0          0          0   _printf_e.o
         6          0          0          0          0          0   _printf_f.o
      1054          0          0          0          0        216   _printf_fp_dec.o
       764          8         38          0          0        100   _printf_fp_hex.o
       128         16          0          0          0         84   _printf_fp_infnan.o
         6          0          0          0          0          0   _printf_g.o
       148          4         40          0          0        160   _printf_hex_int_ll_ptr.o
         6          0          0          0          0          0   _printf_i.o
       178          0          0          0          0         88   _printf_intcommon.o
        10          0          0          0          0          0   _printf_l.o
         6          0          0          0          0          0   _printf_lc.o
        10          0          0          0          0          0   _printf_ll.o
         6          0          0          0          0          0   _printf_lld.o
         6          0          0          0          0          0   _printf_lli.o
         6          0          0          0          0          0   _printf_llo.o
         6          0          0          0          0          0   _printf_llu.o
         6          0          0          0          0          0   _printf_llx.o
       124         16          0          0          0         92   _printf_longlong_dec.o
         6          0          0          0          0          0   _printf_ls.o
         6          0          0          0          0          0   _printf_n.o
         6          0          0          0          0          0   _printf_o.o
       112         10          0          0          0        124   _printf_oct_int_ll.o
         6          0          0          0          0          0   _printf_p.o
        78          0          0          0          0        108   _printf_pad.o
         0          0          0          0          0          0   _printf_percent.o
         4          0          0          0          0          0   _printf_percent_end.o
         6          0          0          0          0          0   _printf_s.o
        82          0          0          0          0         80   _printf_str.o
        36          0          0          0          0         84   _printf_truncate.o
         6          0          0          0          0          0   _printf_u.o
        44          0          0          0          0        108   _printf_wchar.o
       188          6          8          0          0         92   _printf_wctomb.o
         6          0          0          0          0          0   _printf_x.o
        16          0          0          0          0         68   _snputc.o
        10          0          0          0          0         68   _sputc.o
        64          0          0          0          0         92   _wcrtomb.o
        16          0          0          0          0         68   aeabi_memset.o
       228          4        148          0          0         96   bigflt0.o
      1936        128          0          0          0        672   btod.o
        10          0          0          0          0         68   defsig_exit.o
        50          0          0          0          0         88   defsig_general.o
        80         58          0          0          0         76   defsig_rtmem_inner.o
        14          0          0          0          0         80   defsig_rtmem_outer.o
        18          0          0          0          0         80   exit.o
        94          0          0          0          0         80   h1_alloc.o
        52          0          0          0          0         68   h1_extend.o
        78          0          0          0          0         80   h1_free.o
        14          0          0          0          0         84   h1_init.o
         6          0          0          0          0        152   heapauxi.o
         4          0          0          0          0        136   hguard.o
         0          0          0          0          0          0   indicate_semi.o
       138          0          0          0          0        168   init_alloc.o
        44         10        272          0          0         76   lc_ctype_c.o
        44         10         28          0          0         76   lc_numeric_c.o
         2          0          0          0          0          0   libinit.o
        42          0          0          0          0          0   libinit2.o
         2          0          0          0          0          0   libshutdown.o
         2          0          0          0          0          0   libshutdown2.o
         8          4          0          0         96         68   libspace.o
       138          0          0          0          0         80   lludiv10.o
       238          0          0          0          0        100   lludivv7m.o
         0          0          0          0          0          0   maybetermalloc1.o
        16          4          0          0          0         76   rt_ctype_table.o
         8          4          0          0          0         68   rt_heap_descriptor_intlibspace.o
         8          4          0          0          0         68   rt_locale_intlibspace.o
        68          0          0          0          0         68   rt_memclr.o
        78          0          0          0          0         80   rt_memclr_w.o
       138          0          0          0          0         68   rt_memcpy_v6.o
       100          0          0          0          0         80   rt_memcpy_w.o
         2          0          0          0          0          0   rtexit.o
        10          0          0          0          0          0   rtexit2.o
       128          0          0          0          0         68   strcmpv7m.o
        72          0          0          0          0         80   strcpy.o
        62          0          0          0          0         76   strlen.o
       150          0          0          0          0         80   strncmp.o
        36          0          0          0          0         80   strstr.o
        12          4          0          0          0         68   sys_exit.o
        74          0          0          0          0         80   sys_stackheap_outer.o
        14          0          0          0          0         76   sys_wrch.o
         2          0          0          0          0         68   use_no_semi.o
        52          4          0          0          0         80   vsnprintf.o
        10          0          0          0          0        116   fpinit.o
         4          0          0          0          0        116   printf1.o
         4          0          0          0          0        116   printf2.o
         0          0          0          0          0          0   usenofp.o
        48          0          0          0          0        124   fpclassify.o

    ----------------------------------------------------------------------
      8384        334        553          0        100       6376   Library Totals
        14          0          2          0          4          0   (incl. Padding)

    ----------------------------------------------------------------------

      Code (inc. data)   RO Data    RW Data    ZI Data      Debug   Library Name

      8304        334        551          0         96       5904   c_w.l
        18          0          0          0          0        348   fz_wm.l
        48          0          0          0          0        124   m_wm.l

    ----------------------------------------------------------------------
      8384        334        553          0        100       6376   Library Totals

    ----------------------------------------------------------------------

==============================================================================


      Code (inc. data)   RO Data    RW Data    ZI Data      Debug   

     26300       3002       1648        240      23016     745956   Grand Totals
     26300       3002       1648        240      23016     745956   ELF Image Totals
     26300       3002       1648        240          0          0   ROM Totals

==============================================================================

    Total RO  Size (Code + RO Data)                27948 (  27.29kB)
    Total RW  Size (RW Data + ZI Data)             23256 (  22.71kB)
    Total ROM Size (Code + RO Data + RW Data)      28188 (  27.53kB)

==============================================================================

