<html>
<body>
<pre>
<h1>µVision Build Log</h1>
<h2>Tool Versions:</h2>
IDE-Version: ¦ÌVision V5.36.0.0
Copyright (C) 2021 ARM Ltd and ARM Germany GmbH. All rights reserved.
License Information: 1 1, 1, LIC=9WSKC-7Y3L4-JJZ6S-L58MB-4EUB8-JFHF7
 
Tool Versions:
Toolchain:       MDK-ARM Plus  Version: 5.36.0.0
Toolchain Path:  C:\Keil_v5\ARM\ARMCC\Bin
C Compiler:      Armcc.exe V5.06 update 7 (build 960)
Assembler:       Armasm.exe V5.06 update 7 (build 960)
Linker/Locator:  ArmLink.exe V5.06 update 7 (build 960)
Library Manager: ArmAr.exe V5.06 update 7 (build 960)
Hex Converter:   FromElf.exe V5.06 update 7 (build 960)
CPU DLL:         SARMCM3.DLL V5.36.0.0
Dialog DLL:      DCM.DLL V1.17.3.0
Target DLL:      Segger\JL2CM3.dll V2.99.40.0
Dialog DLL:      TCM.DLL V1.53.0.0
 
<h2>Project:</h2>
C:\02_Work_Space\16_Test_Code\16_UART\02_Initial_Level_Single_Byte_DMA_RingBuffer_V1\embedded-development-learning-new\BaseProject\MDK-ARM\BaseProject.uvprojx
Project File Date:  08/16/2024

<h2>Output:</h2>
*** Using Compiler 'V5.06 update 7 (build 960)', folder: 'C:\Keil_v5\ARM\ARMCC\Bin'
Build target 'BaseProject'
assembling startup_stm32f411xe.s...
compiling stm32f4xx_hal_rcc.c...
compiling stm32f4xx_hal_dma.c...
compiling main.c...
compiling stm32f4xx_hal_dma_ex.c...
compiling stm32f4xx_hal_timebase_tim.c...
compiling gpio.c...
compiling stm32f4xx_hal_flash.c...
compiling stm32f4xx_it.c...
compiling stm32f4xx_hal_pwr.c...
compiling stm32f4xx_hal_flash_ramfunc.c...
compiling freertos.c...
compiling stm32f4xx_hal_flash_ex.c...
compiling stm32f4xx_hal_gpio.c...
compiling stm32f4xx_hal_msp.c...
compiling stm32f4xx_hal_rcc_ex.c...
compiling croutine.c...
compiling list.c...
compiling event_groups.c...
compiling queue.c...
compiling stream_buffer.c...
compiling stm32f4xx_hal_pwr_ex.c...
compiling timers.c...
compiling heap_4.c...
compiling stm32f4xx_hal_cortex.c...
compiling tasks.c...
compiling port.c...
compiling SEGGER_RTT.c...
compiling elog_port.c...
..\easylogger\port\elog_port.c(96): warning:  #940-D: missing return statement at end of non-void function "elog_port_get_time" 
  }
..\easylogger\port\elog_port.c(107): warning:  #940-D: missing return statement at end of non-void function "elog_port_get_p_info" 
  }
..\easylogger\port\elog_port.c(118): warning:  #1-D: last line of file ends without a newline
  }
..\easylogger\port\elog_port.c(118): warning:  #940-D: missing return statement at end of non-void function "elog_port_get_t_info" 
  }
..\easylogger\port\elog_port.c: 4 warnings, 0 errors
compiling stm32f4xx_hal.c...
compiling SEGGER_RTT_printf.c...
compiling elog_async.c...
compiling elog_buf.c...
compiling elog_utils.c...
compiling system_stm32f4xx.c...
compiling stm32f4xx_hal_exti.c...
compiling elog.c...
compiling stm32f4xx_hal_tim_ex.c...
compiling cmsis_os2.c...
compiling stm32f4xx_hal_tim.c...
linking...
Program Size: Code=19900 RO-data=1400 RW-data=200 ZI-data=22832  
FromELF: creating hex file...
"BaseProject\BaseProject.axf" - 0 Error(s), 4 Warning(s).

<h2>Software Packages used:</h2>

Package Vendor: ARM
                http://www.keil.com/pack/ARM.CMSIS.5.8.0.pack
                ARM.CMSIS.5.8.0
                CMSIS (Common Microcontroller Software Interface Standard)
   * Component: CORE Version: 5.5.0

Package Vendor: Keil
                http://www.keil.com/pack/Keil.STM32F4xx_DFP.2.15.0.pack
                Keil.STM32F4xx_DFP.2.15.0
                STMicroelectronics STM32F4 Series Device Support, Drivers and Examples

<h2>Collection of Component include folders:</h2>
  .\RTE\_BaseProject
  C:\Users\76530\AppData\Local\Arm\Packs\ARM\CMSIS\5.8.0\CMSIS\Core\Include
  C:\Users\76530\AppData\Local\Arm\Packs\Keil\STM32F4xx_DFP\2.15.0\Drivers\CMSIS\Device\ST\STM32F4xx\Include

<h2>Collection of Component Files used:</h2>

   * Component: ARM::CMSIS:CORE:5.5.0
      Include file:  CMSIS\Core\Include\tz_context.h
Build Time Elapsed:  00:00:06
</pre>
</body>
</html>
