Component: ARM Compiler 5.06 update 7 (build 960) Tool: armlink [4d3601]

==============================================================================

Section Cross References

    startup_stm32f411xe.o(STACK) refers (Special) to heapauxi.o(.text) for __use_two_region_memory
    startup_stm32f411xe.o(HEAP) refers (Special) to heapauxi.o(.text) for __use_two_region_memory
    startup_stm32f411xe.o(RESET) refers (Special) to heapauxi.o(.text) for __use_two_region_memory
    startup_stm32f411xe.o(RESET) refers to startup_stm32f411xe.o(STACK) for __initial_sp
    startup_stm32f411xe.o(RESET) refers to startup_stm32f411xe.o(.text) for Reset_Handler
    startup_stm32f411xe.o(RESET) refers to stm32f4xx_it.o(i.NMI_Handler) for NMI_Handler
    startup_stm32f411xe.o(RESET) refers to stm32f4xx_it.o(i.HardFault_Handler) for HardFault_Handler
    startup_stm32f411xe.o(RESET) refers to stm32f4xx_it.o(i.MemManage_Handler) for MemManage_Handler
    startup_stm32f411xe.o(RESET) refers to stm32f4xx_it.o(i.BusFault_Handler) for BusFault_Handler
    startup_stm32f411xe.o(RESET) refers to stm32f4xx_it.o(i.UsageFault_Handler) for UsageFault_Handler
    startup_stm32f411xe.o(RESET) refers to port.o(.emb_text) for SVC_Handler
    startup_stm32f411xe.o(RESET) refers to stm32f4xx_it.o(i.DebugMon_Handler) for DebugMon_Handler
    startup_stm32f411xe.o(RESET) refers to cmsis_os2.o(i.SysTick_Handler) for SysTick_Handler
    startup_stm32f411xe.o(RESET) refers to stm32f4xx_it.o(i.TIM2_IRQHandler) for TIM2_IRQHandler
    startup_stm32f411xe.o(.text) refers (Special) to heapauxi.o(.text) for __use_two_region_memory
    startup_stm32f411xe.o(.text) refers to system_stm32f4xx.o(i.SystemInit) for SystemInit
    startup_stm32f411xe.o(.text) refers to __main.o(!!!main) for __main
    startup_stm32f411xe.o(.text) refers to startup_stm32f411xe.o(HEAP) for Heap_Mem
    startup_stm32f411xe.o(.text) refers to startup_stm32f411xe.o(STACK) for Stack_Mem
    main.o(i.HAL_TIM_PeriodElapsedCallback) refers to stm32f4xx_hal.o(i.HAL_IncTick) for HAL_IncTick
    main.o(i.SystemClock_Config) refers to rt_memclr_w.o(.text) for __aeabi_memclr4
    main.o(i.SystemClock_Config) refers to stm32f4xx_hal_rcc.o(i.HAL_RCC_OscConfig) for HAL_RCC_OscConfig
    main.o(i.SystemClock_Config) refers to stm32f4xx_hal_rcc.o(i.HAL_RCC_ClockConfig) for HAL_RCC_ClockConfig
    main.o(i.main) refers to stm32f4xx_hal.o(i.HAL_Init) for HAL_Init
    main.o(i.main) refers to main.o(i.SystemClock_Config) for SystemClock_Config
    main.o(i.main) refers to gpio.o(i.MX_GPIO_Init) for MX_GPIO_Init
    main.o(i.main) refers to elog.o(i.elog_init) for elog_init
    main.o(i.main) refers to elog.o(i.elog_set_fmt) for elog_set_fmt
    main.o(i.main) refers to elog.o(i.elog_start) for elog_start
    main.o(i.main) refers to cmsis_os2.o(i.osKernelInitialize) for osKernelInitialize
    main.o(i.main) refers to freertos.o(i.MX_FREERTOS_Init) for MX_FREERTOS_Init
    main.o(i.main) refers to cmsis_os2.o(i.osKernelStart) for osKernelStart
    freertos.o(i.MX_FREERTOS_Init) refers to cmsis_os2.o(i.osThreadNew) for osThreadNew
    freertos.o(i.MX_FREERTOS_Init) refers to freertos.o(.constdata) for .constdata
    freertos.o(i.MX_FREERTOS_Init) refers to freertos.o(i.StartDefaultTask) for StartDefaultTask
    freertos.o(i.MX_FREERTOS_Init) refers to freertos.o(.data) for .data
    freertos.o(i.StartDefaultTask) refers to cmsis_os2.o(i.osDelay) for osDelay
    freertos.o(.constdata) refers to freertos.o(.conststring) for .conststring
    stm32f4xx_it.o(i.TIM2_IRQHandler) refers to stm32f4xx_hal_tim.o(i.HAL_TIM_IRQHandler) for HAL_TIM_IRQHandler
    stm32f4xx_it.o(i.TIM2_IRQHandler) refers to stm32f4xx_hal_timebase_tim.o(.bss) for htim2
    stm32f4xx_hal_msp.o(i.HAL_MspInit) refers to stm32f4xx_hal_cortex.o(i.HAL_NVIC_SetPriority) for HAL_NVIC_SetPriority
    stm32f4xx_hal_timebase_tim.o(i.HAL_InitTick) refers to stm32f4xx_hal_rcc.o(i.HAL_RCC_GetClockConfig) for HAL_RCC_GetClockConfig
    stm32f4xx_hal_timebase_tim.o(i.HAL_InitTick) refers to stm32f4xx_hal_rcc.o(i.HAL_RCC_GetPCLK1Freq) for HAL_RCC_GetPCLK1Freq
    stm32f4xx_hal_timebase_tim.o(i.HAL_InitTick) refers to stm32f4xx_hal_tim.o(i.HAL_TIM_Base_Init) for HAL_TIM_Base_Init
    stm32f4xx_hal_timebase_tim.o(i.HAL_InitTick) refers to stm32f4xx_hal_tim.o(i.HAL_TIM_Base_Start_IT) for HAL_TIM_Base_Start_IT
    stm32f4xx_hal_timebase_tim.o(i.HAL_InitTick) refers to stm32f4xx_hal_cortex.o(i.HAL_NVIC_EnableIRQ) for HAL_NVIC_EnableIRQ
    stm32f4xx_hal_timebase_tim.o(i.HAL_InitTick) refers to stm32f4xx_hal_cortex.o(i.HAL_NVIC_SetPriority) for HAL_NVIC_SetPriority
    stm32f4xx_hal_timebase_tim.o(i.HAL_InitTick) refers to stm32f4xx_hal_timebase_tim.o(.bss) for .bss
    stm32f4xx_hal_timebase_tim.o(i.HAL_InitTick) refers to stm32f4xx_hal.o(.data) for uwTickPrio
    stm32f4xx_hal_timebase_tim.o(i.HAL_ResumeTick) refers to stm32f4xx_hal_timebase_tim.o(.bss) for .bss
[...]
    .data                                    0x20000010   Section        4  system_stm32f4xx.o(.data)
    .data                                    0x20000014   Section       60  tasks.o(.data)
    uxDeletedTasksWaitingCleanUp             0x20000018   Data           4  tasks.o(.data)
    uxCurrentNumberOfTasks                   0x2000001c   Data           4  tasks.o(.data)
    xTickCount                               0x20000020   Data           4  tasks.o(.data)
    uxTopReadyPriority                       0x20000024   Data           4  tasks.o(.data)
    xSchedulerRunning                        0x20000028   Data           4  tasks.o(.data)
    xPendedTicks                             0x2000002c   Data           4  tasks.o(.data)
    xYieldPending                            0x20000030   Data           4  tasks.o(.data)
    xNumOfOverflows                          0x20000034   Data           4  tasks.o(.data)
    uxTaskNumber                             0x20000038   Data           4  tasks.o(.data)
    xNextTaskUnblockTime                     0x2000003c   Data           4  tasks.o(.data)
    xIdleTaskHandle                          0x20000040   Data           4  tasks.o(.data)
    uxSchedulerSuspended                     0x20000044   Data           4  tasks.o(.data)
    pxDelayedTaskList                        0x20000048   Data           4  tasks.o(.data)
    pxOverflowDelayedTaskList                0x2000004c   Data           4  tasks.o(.data)
    .data                                    0x20000050   Section       20  timers.o(.data)
    xTimerQueue                              0x20000050   Data           4  timers.o(.data)
    xTimerTaskHandle                         0x20000054   Data           4  timers.o(.data)
    xLastTime                                0x20000058   Data           4  timers.o(.data)
    pxCurrentTimerList                       0x2000005c   Data           4  timers.o(.data)
    pxOverflowTimerList                      0x20000060   Data           4  timers.o(.data)
    .data                                    0x20000064   Section        4  cmsis_os2.o(.data)
    KernelState                              0x20000064   Data           4  cmsis_os2.o(.data)
    .data                                    0x20000068   Section       32  heap_4.o(.data)
    pxEnd                                    0x20000068   Data           4  heap_4.o(.data)
    xFreeBytesRemaining                      0x2000006c   Data           4  heap_4.o(.data)
    xMinimumEverFreeBytesRemaining           0x20000070   Data           4  heap_4.o(.data)
    xNumberOfSuccessfulAllocations           0x20000074   Data           4  heap_4.o(.data)
    xNumberOfSuccessfulFrees                 0x20000078   Data           4  heap_4.o(.data)
    xBlockAllocatedBit                       0x2000007c   Data           4  heap_4.o(.data)
    xStart                                   0x20000080   Data           8  heap_4.o(.data)
    .data                                    0x20000088   Section       12  port.o(.data)
    ucMaxSysCallPriority                     0x20000088   Data           1  port.o(.data)
    uxCriticalNesting                        0x2000008c   Data           4  port.o(.data)
    ulMaxPRIGROUPValue                       0x20000090   Data           4  port.o(.data)
    .data                                    0x20000094   Section       52  elog.o(.data)
    level_output_info                        0x20000098   Data          24  elog.o(.data)
    color_output_info                        0x200000b0   Data          24  elog.o(.data)
    .bss                                     0x200000c8   Section       72  stm32f4xx_hal_timebase_tim.o(.bss)
    .bss                                     0x20000110   Section       64  queue.o(.bss)
    .bss                                     0x20000150   Section     1220  tasks.o(.bss)
    pxReadyTasksLists                        0x20000150   Data        1120  tasks.o(.bss)
    xDelayedTaskList1                        0x200005b0   Data          20  tasks.o(.bss)
    xDelayedTaskList2                        0x200005c4   Data          20  tasks.o(.bss)
    xPendingReadyList                        0x200005d8   Data          20  tasks.o(.bss)
    xTasksWaitingTermination                 0x200005ec   Data          20  tasks.o(.bss)
    xSuspendedTaskList                       0x20000600   Data          20  tasks.o(.bss)
    .bss                                     0x20000614   Section      280  timers.o(.bss)
    xStaticTimerQueue                        0x20000614   Data          80  timers.o(.bss)
    ucStaticTimerQueueStorage                0x20000664   Data         160  timers.o(.bss)
    xActiveTimerList1                        0x20000704   Data          20  timers.o(.bss)
    xActiveTimerList2                        0x20000718   Data          20  timers.o(.bss)
    .bss                                     0x2000072c   Section     1720  cmsis_os2.o(.bss)
    Idle_TCB                                 0x2000072c   Data          92  cmsis_os2.o(.bss)
    Idle_Stack                               0x20000788   Data         512  cmsis_os2.o(.bss)
    Timer_TCB                                0x20000988   Data          92  cmsis_os2.o(.bss)
    Timer_Stack                              0x200009e4   Data        1024  cmsis_os2.o(.bss)
    .bss                                     0x20000de4   Section    15360  heap_4.o(.bss)
    ucHeap                                   0x20000de4   Data       15360  heap_4.o(.bss)
    .bss                                     0x200049e4   Section     1208  segger_rtt.o(.bss)
    _acUpBuffer                              0x20004a8c   Data        1024  segger_rtt.o(.bss)
    _acDownBuffer                            0x20004e8c   Data          16  segger_rtt.o(.bss)
    .bss                                     0x20004e9c   Section     1272  elog.o(.bss)
    log_buf                                  0x20004e9c   Data        1024  elog.o(.bss)
    elog                                     0x2000529c   Data         248  elog.o(.bss)
    .bss                                     0x20005394   Section       96  libspace.o(.bss)
    HEAP                                     0x200053f8   Section      512  startup_stm32f411xe.o(HEAP)
    Heap_Mem                                 0x200053f8   Data         512  startup_stm32f411xe.o(HEAP)
    STACK                                    0x200055f8   Section     1024  startup_stm32f411xe.o(STACK)
    Stack_Mem                                0x200055f8   Data        1024  startup_stm32f411xe.o(STACK)
    __initial_sp                             0x200059f8   Data           0  startup_stm32f411xe.o(STACK)

    Global Symbols

    Symbol Name                              Value     Ov Type        Size  Object(Section)

    BuildAttributes$$THM_ISAv4$E$P$D$K$B$S$7EM$VFPi3$EXTD16$VFPS$VFMA$PE$A:L22UL41UL21$X:L11$S22US41US21$IEEE1$IW$USESV6$~STKCKD$USESV7$~SHL$OTIME$ROPI$IEEEJ$EBA8$UX$STANDARDLIB$REQ8$PRES8$EABIv2 0x00000000   Number         0  anon$$obj.o ABSOLUTE
    __ARM_use_no_argv                        0x00000000   Number         0  main.o ABSOLUTE
    _printf_flags                            0x00000000   Number         0  printf_stubs.o ABSOLUTE
    _printf_return_value                     0x00000000   Number         0  printf_stubs.o ABSOLUTE
    _printf_sizespec                         0x00000000   Number         0  printf_stubs.o ABSOLUTE
    _printf_widthprec                        0x00000000   Number         0  printf_stubs.o ABSOLUTE
    __ARM_exceptions_init                     - Undefined Weak Reference
    __alloca_initialize                       - Undefined Weak Reference
    __arm_fini_                               - Undefined Weak Reference
    __arm_preinit_                            - Undefined Weak Reference
    __cpp_initialize__aeabi_                  - Undefined Weak Reference
    __cxa_finalize                            - Undefined Weak Reference
    __sigvec_lookup                           - Undefined Weak Reference
    _atexit_init                              - Undefined Weak Reference
    _call_atexit_fns                          - Undefined Weak Reference
    _clock_init                               - Undefined Weak Reference
    _fp_trap_init                             - Undefined Weak Reference
    _fp_trap_shutdown                         - Undefined Weak Reference
    _get_lc_collate                           - Undefined Weak Reference
    _get_lc_monetary                          - Undefined Weak Reference
    _get_lc_time                              - Undefined Weak Reference
    _getenv_init                              - Undefined Weak Reference
    _handle_redirection                       - Undefined Weak Reference
    _init_alloc                               - Undefined Weak Reference
    _init_user_alloc                          - Undefined Weak Reference
    _initio                                   - Undefined Weak Reference
    _printf_mbtowc                            - Undefined Weak Reference
    _printf_wc                                - Undefined Weak Reference
    _rand_init                                - Undefined Weak Reference
    _signal_finish                            - Undefined Weak Reference
    _signal_init                              - Undefined Weak Reference
    _terminate_alloc                          - Undefined Weak Reference
    _terminate_user_alloc                     - Undefined Weak Reference
    _terminateio                              - Undefined Weak Reference
    __Vectors_Size                           0x00000198   Number         0  startup_stm32f411xe.o ABSOLUTE
    __Vectors                                0x08000000   Data           4  startup_stm32f411xe.o(RESET)
    __Vectors_End                            0x08000198   Data           0  startup_stm32f411xe.o(RESET)
    __main                                   0x08000199   Thumb Code     8  __main.o(!!!main)
    __scatterload                            0x080001a1   Thumb Code     0  __scatter.o(!!!scatter)
    __scatterload_rt2                        0x080001a1   Thumb Code    44  __scatter.o(!!!scatter)
    __scatterload_rt2_thumb_only             0x080001a1   Thumb Code     0  __scatter.o(!!!scatter)
    __scatterload_null                       0x080001af   Thumb Code     0  __scatter.o(!!!scatter)
    __scatterload_copy                       0x080001d5   Thumb Code    26  __scatter_copy.o(!!handler_copy)
    __scatterload_zeroinit                   0x080001f1   Thumb Code    28  __scatter_zi.o(!!handler_zi)
    _printf_n                                0x0800020d   Thumb Code     0  _printf_n.o(.ARM.Collect$$_printf_percent$$00000001)
    _printf_percent                          0x0800020d   Thumb Code     0  _printf_percent.o(.ARM.Collect$$_printf_percent$$00000000)
    _printf_p                                0x08000213   Thumb Code     0  _printf_p.o(.ARM.Collect$$_printf_percent$$00000002)
    _printf_f                                0x08000219   Thumb Code     0  _printf_f.o(.ARM.Collect$$_printf_percent$$00000003)
    _printf_e                                0x0800021f   Thumb Code     0  _printf_e.o(.ARM.Collect$$_printf_percent$$00000004)
    _printf_g                                0x08000225   Thumb Code     0  _printf_g.o(.ARM.Collect$$_printf_percent$$00000005)
    _printf_a                                0x0800022b   Thumb Code     0  _printf_a.o(.ARM.Collect$$_printf_percent$$00000006)
    _printf_ll                               0x08000231   Thumb Code     0  _printf_ll.o(.ARM.Collect$$_printf_percent$$00000007)
    _printf_i                                0x0800023b   Thumb Code     0  _printf_i.o(.ARM.Collect$$_printf_percent$$00000008)
    _printf_d                                0x08000241   Thumb Code     0  _printf_d.o(.ARM.Collect$$_printf_percent$$00000009)
    _printf_u                                0x08000247   Thumb Code     0  _printf_u.o(.ARM.Collect$$_printf_percent$$0000000A)
    _printf_o                                0x0800024d   Thumb Code     0  _printf_o.o(.ARM.Collect$$_printf_percent$$0000000B)
    _printf_x                                0x08000253   Thumb Code     0  _printf_x.o(.ARM.Collect$$_printf_percent$$0000000C)
    _printf_lli                              0x08000259   Thumb Code     0  _printf_lli.o(.ARM.Collect$$_printf_percent$$0000000D)
    _printf_lld                              0x0800025f   Thumb Code     0  _printf_lld.o(.ARM.Collect$$_printf_percent$$0000000E)
    _printf_llu                              0x08000265   Thumb Code     0  _printf_llu.o(.ARM.Collect$$_printf_percent$$0000000F)
    _printf_llo                              0x0800026b   Thumb Code     0  _printf_llo.o(.ARM.Collect$$_printf_percent$$00000010)
    _printf_llx                              0x08000271   Thumb Code     0  _printf_llx.o(.ARM.Collect$$_printf_percent$$00000011)
    _printf_l                                0x08000277   Thumb Code     0  _printf_l.o(.ARM.Collect$$_printf_percent$$00000012)
    _printf_c                                0x08000281   Thumb Code     0  _printf_c.o(.ARM.Collect$$_printf_percent$$00000013)
    _printf_s                                0x08000287   Thumb Code     0  _printf_s.o(.ARM.Collect$$_printf_percent$$00000014)
    _printf_lc                               0x0800028d   Thumb Code     0  _printf_lc.o(.ARM.Collect$$_printf_percent$$00000015)
    _printf_ls                               0x08000293   Thumb Code     0  _printf_ls.o(.ARM.Collect$$_printf_percent$$00000016)
    _printf_percent_end                      0x08000299   Thumb Code     0  _printf_percent_end.o(.ARM.Collect$$_printf_percent$$00000017)
    __rt_lib_init                            0x0800029d   Thumb Code     0  libinit.o(.ARM.Collect$$libinit$$00000000)
    __rt_lib_init_fp_1                       0x0800029f   Thumb Code     0  libinit2.o(.ARM.Collect$$libinit$$00000001)
    __rt_lib_init_heap_1                     0x080002a3   Thumb Code     0  libinit2.o(.ARM.Collect$$libinit$$0000000A)
    __rt_lib_init_lc_common                  0x080002a3   Thumb Code     0  libinit2.o(.ARM.Collect$$libinit$$0000000F)
    __rt_lib_init_preinit_1                  0x080002a3   Thumb Code     0  libinit2.o(.ARM.Collect$$libinit$$00000004)
    __rt_lib_init_rand_1                     0x080002a3   Thumb Code     0  libinit2.o(.ARM.Collect$$libinit$$0000000E)
    __rt_lib_init_user_alloc_1               0x080002a3   Thumb Code     0  libinit2.o(.ARM.Collect$$libinit$$0000000C)
    __rt_lib_init_lc_collate_1               0x080002a9   Thumb Code     0  libinit2.o(.ARM.Collect$$libinit$$00000011)
    __rt_lib_init_lc_ctype_2                 0x080002a9   Thumb Code     0  libinit2.o(.ARM.Collect$$libinit$$00000012)
    __rt_lib_init_lc_ctype_1                 0x080002b5   Thumb Code     0  libinit2.o(.ARM.Collect$$libinit$$00000013)
    __rt_lib_init_lc_monetary_1              0x080002b5   Thumb Code     0  libinit2.o(.ARM.Collect$$libinit$$00000015)
    __rt_lib_init_lc_numeric_2               0x080002b5   Thumb Code     0  libinit2.o(.ARM.Collect$$libinit$$00000016)
    __rt_lib_init_alloca_1                   0x080002bf   Thumb Code     0  libinit2.o(.ARM.Collect$$libinit$$0000002E)
    __rt_lib_init_argv_1                     0x080002bf   Thumb Code     0  libinit2.o(.ARM.Collect$$libinit$$0000002C)
    __rt_lib_init_atexit_1                   0x080002bf   Thumb Code     0  libinit2.o(.ARM.Collect$$libinit$$0000001B)
    __rt_lib_init_clock_1                    0x080002bf   Thumb Code     0  libinit2.o(.ARM.Collect$$libinit$$00000021)
    __rt_lib_init_cpp_1                      0x080002bf   Thumb Code     0  libinit2.o(.ARM.Collect$$libinit$$00000032)
    __rt_lib_init_exceptions_1               0x080002bf   Thumb Code     0  libinit2.o(.ARM.Collect$$libinit$$00000030)
    __rt_lib_init_fp_trap_1                  0x080002bf   Thumb Code     0  libinit2.o(.ARM.Collect$$libinit$$0000001F)
    __rt_lib_init_getenv_1                   0x080002bf   Thumb Code     0  libinit2.o(.ARM.Collect$$libinit$$00000023)
    __rt_lib_init_lc_numeric_1               0x080002bf   Thumb Code     0  libinit2.o(.ARM.Collect$$libinit$$00000017)
    __rt_lib_init_lc_time_1                  0x080002bf   Thumb Code     0  libinit2.o(.ARM.Collect$$libinit$$00000019)
    __rt_lib_init_return                     0x080002bf   Thumb Code     0  libinit2.o(.ARM.Collect$$libinit$$00000033)
    __rt_lib_init_signal_1                   0x080002bf   Thumb Code     0  libinit2.o(.ARM.Collect$$libinit$$0000001D)
    __rt_lib_init_stdio_1                    0x080002bf   Thumb Code     0  libinit2.o(.ARM.Collect$$libinit$$00000025)
    __rt_lib_shutdown                        0x080002c1   Thumb Code     0  libshutdown.o(.ARM.Collect$$libshutdown$$00000000)
    __rt_lib_shutdown_cpp_1                  0x080002c3   Thumb Code     0  libshutdown2.o(.ARM.Collect$$libshutdown$$00000004)
    __rt_lib_shutdown_fini_1                 0x080002c3   Thumb Code     0  libshutdown2.o(.ARM.Collect$$libshutdown$$00000002)
    __rt_lib_shutdown_fp_trap_1              0x080002c3   Thumb Code     0  libshutdown2.o(.ARM.Collect$$libshutdown$$00000009)
    __rt_lib_shutdown_heap_1                 0x080002c3   Thumb Code     0  libshutdown2.o(.ARM.Collect$$libshutdown$$00000011)
    __rt_lib_shutdown_return                 0x080002c3   Thumb Code     0  libshutdown2.o(.ARM.Collect$$libshutdown$$00000012)
    __rt_lib_shutdown_signal_1               0x080002c3   Thumb Code     0  libshutdown2.o(.ARM.Collect$$libshutdown$$0000000C)
    __rt_lib_shutdown_stdio_1                0x080002c3   Thumb Code     0  libshutdown2.o(.ARM.Collect$$libshutdown$$00000006)
    __rt_lib_shutdown_user_alloc_1           0x080002c3   Thumb Code     0  libshutdown2.o(.ARM.Collect$$libshutdown$$0000000E)
    __rt_entry                               0x080002c5   Thumb Code     0  __rtentry.o(.ARM.Collect$$rtentry$$00000000)
    __rt_entry_presh_1                       0x080002c5   Thumb Code     0  __rtentry2.o(.ARM.Collect$$rtentry$$00000002)
    __rt_entry_sh                            0x080002c5   Thumb Code     0  __rtentry4.o(.ARM.Collect$$rtentry$$00000004)
    __rt_entry_li                            0x080002cb   Thumb Code     0  __rtentry2.o(.ARM.Collect$$rtentry$$0000000A)
    __rt_entry_postsh_1                      0x080002cb   Thumb Code     0  __rtentry2.o(.ARM.Collect$$rtentry$$00000009)
    __rt_entry_main                          0x080002cf   Thumb Code     0  __rtentry2.o(.ARM.Collect$$rtentry$$0000000D)
    __rt_entry_postli_1                      0x080002cf   Thumb Code     0  __rtentry2.o(.ARM.Collect$$rtentry$$0000000C)
    __rt_exit                                0x080002d7   Thumb Code     0  rtexit.o(.ARM.Collect$$rtexit$$00000000)
    __rt_exit_ls                             0x080002d9   Thumb Code     0  rtexit2.o(.ARM.Collect$$rtexit$$00000003)
    __rt_exit_prels_1                        0x080002d9   Thumb Code     0  rtexit2.o(.ARM.Collect$$rtexit$$00000002)
    __rt_exit_exit                           0x080002dd   Thumb Code     0  rtexit2.o(.ARM.Collect$$rtexit$$00000004)
    SVC_Handler                              0x080002e5   Thumb Code    28  port.o(.emb_text)
    __asm___6_port_c_39a90d8d__prvStartFirstTask 0x08000305   Thumb Code    36  port.o(.emb_text)
    __asm___6_port_c_39a90d8d__prvEnableVFP  0x0800032d   Thumb Code    16  port.o(.emb_text)
    PendSV_Handler                           0x08000341   Thumb Code    88  port.o(.emb_text)
    vPortGetIPSR                             0x0800039d   Thumb Code     6  port.o(.emb_text)
    Reset_Handler                            0x080003a5   Thumb Code     8  startup_stm32f411xe.o(.text)
    ADC_IRQHandler                           0x080003bf   Thumb Code     0  startup_stm32f411xe.o(.text)
    DMA1_Stream0_IRQHandler                  0x080003bf   Thumb Code     0  startup_stm32f411xe.o(.text)
    DMA1_Stream1_IRQHandler                  0x080003bf   Thumb Code     0  startup_stm32f411xe.o(.text)
    DMA1_Stream2_IRQHandler                  0x080003bf   Thumb Code     0  startup_stm32f411xe.o(.text)
    DMA1_Stream3_IRQHandler                  0x080003bf   Thumb Code     0  startup_stm32f411xe.o(.text)
    DMA1_Stream4_IRQHandler                  0x080003bf   Thumb Code     0  startup_stm32f411xe.o(.text)
    DMA1_Stream5_IRQHandler                  0x080003bf   Thumb Code     0  startup_stm32f411xe.o(.text)
    DMA1_Stream6_IRQHandler                  0x080003bf   Thumb Code     0  startup_stm32f411xe.o(.text)
    DMA1_Stream7_IRQHandler                  0x080003bf   Thumb Code     0  startup_stm32f411xe.o(.text)
    DMA2_Stream0_IRQHandler                  0x080003bf   Thumb Code     0  startup_stm32f411xe.o(.text)
    DMA2_Stream1_IRQHandler                  0x080003bf   Thumb Code     0  startup_stm32f411xe.o(.text)
    DMA2_Stream2_IRQHandler                  0x080003bf   Thumb Code     0  startup_stm32f411xe.o(.text)
    DMA2_Stream3_IRQHandler                  0x080003bf   Thumb Code     0  startup_stm32f411xe.o(.text)
    DMA2_Stream4_IRQHandler                  0x080003bf   Thumb Code     0  startup_stm32f411xe.o(.text)
    DMA2_Stream5_IRQHandler                  0x080003bf   Thumb Code     0  startup_stm32f411xe.o(.text)
    DMA2_Stream6_IRQHandler                  0x080003bf   Thumb Code     0  startup_stm32f411xe.o(.text)
    DMA2_Stream7_IRQHandler                  0x080003bf   Thumb Code     0  startup_stm32f411xe.o(.text)
    EXTI0_IRQHandler                         0x080003bf   Thumb Code     0  startup_stm32f411xe.o(.text)
    EXTI15_10_IRQHandler                     0x080003bf   Thumb Code     0  startup_stm32f411xe.o(.text)
    EXTI1_IRQHandler                         0x080003bf   Thumb Code     0  startup_stm32f411xe.o(.text)
    EXTI2_IRQHandler                         0x080003bf   Thumb Code     0  startup_stm32f411xe.o(.text)
    EXTI3_IRQHandler                         0x080003bf   Thumb Code     0  startup_stm32f411xe.o(.text)
    EXTI4_IRQHandler                         0x080003bf   Thumb Code     0  startup_stm32f411xe.o(.text)
    EXTI9_5_IRQHandler                       0x080003bf   Thumb Code     0  startup_stm32f411xe.o(.text)
    FLASH_IRQHandler                         0x080003bf   Thumb Code     0  startup_stm32f411xe.o(.text)
    FPU_IRQHandler                           0x080003bf   Thumb Code     0  startup_stm32f411xe.o(.text)
    I2C1_ER_IRQHandler                       0x080003bf   Thumb Code     0  startup_stm32f411xe.o(.text)
    I2C1_EV_IRQHandler                       0x080003bf   Thumb Code     0  startup_stm32f411xe.o(.text)
    I2C2_ER_IRQHandler                       0x080003bf   Thumb Code     0  startup_stm32f411xe.o(.text)
    I2C2_EV_IRQHandler                       0x080003bf   Thumb Code     0  startup_stm32f411xe.o(.text)
    I2C3_ER_IRQHandler                       0x080003bf   Thumb Code     0  startup_stm32f411xe.o(.text)
    I2C3_EV_IRQHandler                       0x080003bf   Thumb Code     0  startup_stm32f411xe.o(.text)
    OTG_FS_IRQHandler                        0x080003bf   Thumb Code     0  startup_stm32f411xe.o(.text)
    OTG_FS_WKUP_IRQHandler                   0x080003bf   Thumb Code     0  startup_stm32f411xe.o(.text)
    PVD_IRQHandler                           0x080003bf   Thumb Code     0  startup_stm32f411xe.o(.text)
    RCC_IRQHandler                           0x080003bf   Thumb Code     0  startup_stm32f411xe.o(.text)
    RTC_Alarm_IRQHandler                     0x080003bf   Thumb Code     0  startup_stm32f411xe.o(.text)
    RTC_WKUP_IRQHandler                      0x080003bf   Thumb Code     0  startup_stm32f411xe.o(.text)
    SDIO_IRQHandler                          0x080003bf   Thumb Code     0  startup_stm32f411xe.o(.text)
    SPI1_IRQHandler                          0x080003bf   Thumb Code     0  startup_stm32f411xe.o(.text)
    SPI2_IRQHandler                          0x080003bf   Thumb Code     0  startup_stm32f411xe.o(.text)
    SPI3_IRQHandler                          0x080003bf   Thumb Code     0  startup_stm32f411xe.o(.text)
    SPI4_IRQHandler                          0x080003bf   Thumb Code     0  startup_stm32f411xe.o(.text)
    SPI5_IRQHandler                          0x080003bf   Thumb Code     0  startup_stm32f411xe.o(.text)
    TAMP_STAMP_IRQHandler                    0x080003bf   Thumb Code     0  startup_stm32f411xe.o(.text)
    TIM1_BRK_TIM9_IRQHandler                 0x080003bf   Thumb Code     0  startup_stm32f411xe.o(.text)
    TIM1_CC_IRQHandler                       0x080003bf   Thumb Code     0  startup_stm32f411xe.o(.text)
    TIM1_TRG_COM_TIM11_IRQHandler            0x080003bf   Thumb Code     0  startup_stm32f411xe.o(.text)
    TIM1_UP_TIM10_IRQHandler                 0x080003bf   Thumb Code     0  startup_stm32f411xe.o(.text)
    TIM3_IRQHandler                          0x080003bf   Thumb Code     0  startup_stm32f411xe.o(.text)
    TIM4_IRQHandler                          0x080003bf   Thumb Code     0  startup_stm32f411xe.o(.text)
    TIM5_IRQHandler                          0x080003bf   Thumb Code     0  startup_stm32f411xe.o(.text)
    USART1_IRQHandler                        0x080003bf   Thumb Code     0  startup_stm32f411xe.o(.text)
    USART2_IRQHandler                        0x080003bf   Thumb Code     0  startup_stm32f411xe.o(.text)
    USART6_IRQHandler                        0x080003bf   Thumb Code     0  startup_stm32f411xe.o(.text)
    WWDG_IRQHandler                          0x080003bf   Thumb Code     0  startup_stm32f411xe.o(.text)
    __user_initial_stackheap                 0x080003c1   Thumb Code     0  startup_stm32f411xe.o(.text)
    __aeabi_uldivmod                         0x080003e5   Thumb Code     0  lludivv7m.o(.text)
    _ll_udiv                                 0x080003e5   Thumb Code   238  lludivv7m.o(.text)
    vsnprintf                                0x080004d5   Thumb Code    48  vsnprintf.o(.text)
    __2snprintf                              0x08000509   Thumb Code    50  __2snprintf.o(.text)
    _printf_pre_padding                      0x08000541   Thumb Code    44  _printf_pad.o(.text)
    _printf_post_padding                     0x0800056d   Thumb Code    34  _printf_pad.o(.text)
    _printf_str                              0x0800058f   Thumb Code    82  _printf_str.o(.text)
    _printf_int_dec                          0x080005e1   Thumb Code   104  _printf_dec.o(.text)
    _printf_longlong_hex                     0x08000659   Thumb Code    86  _printf_hex_int_ll_ptr.o(.text)
    _printf_int_hex                          0x080006af   Thumb Code    28  _printf_hex_int_ll_ptr.o(.text)
    _printf_ll_hex                           0x080006cb   Thumb Code    12  _printf_hex_int_ll_ptr.o(.text)
    _printf_hex_ptr                          0x080006d7   Thumb Code    18  _printf_hex_int_ll_ptr.o(.text)
    __printf                                 0x080006ed   Thumb Code   388  __printf_flags_ss_wp.o(.text)
    strstr                                   0x08000875   Thumb Code    36  strstr.o(.text)
    strcpy                                   0x08000899   Thumb Code    72  strcpy.o(.text)
    strlen                                   0x080008e1   Thumb Code    62  strlen.o(.text)
    strncmp                                  0x0800091f   Thumb Code   150  strncmp.o(.text)
    __aeabi_memcpy                           0x080009b5   Thumb Code     0  rt_memcpy_v6.o(.text)
    __rt_memcpy                              0x080009b5   Thumb Code   138  rt_memcpy_v6.o(.text)
    _memcpy_lastbytes                        0x08000a1b   Thumb Code     0  rt_memcpy_v6.o(.text)
    __aeabi_memset                           0x08000a3f   Thumb Code    16  aeabi_memset.o(.text)
    __aeabi_memclr                           0x08000a4f   Thumb Code     0  rt_memclr.o(.text)
    __rt_memclr                              0x08000a4f   Thumb Code    68  rt_memclr.o(.text)
    _memset                                  0x08000a53   Thumb Code     0  rt_memclr.o(.text)
    __aeabi_memclr4                          0x08000a93   Thumb Code     0  rt_memclr_w.o(.text)
    __aeabi_memclr8                          0x08000a93   Thumb Code     0  rt_memclr_w.o(.text)
    __rt_memclr_w                            0x08000a93   Thumb Code    78  rt_memclr_w.o(.text)
    _memset_w                                0x08000a97   Thumb Code     0  rt_memclr_w.o(.text)
    __use_two_region_memory                  0x08000ae1   Thumb Code     2  heapauxi.o(.text)
    __rt_heap_escrow$2region                 0x08000ae3   Thumb Code     2  heapauxi.o(.text)
    __rt_heap_expand$2region                 0x08000ae5   Thumb Code     2  heapauxi.o(.text)
    _printf_truncate_signed                  0x08000ae7   Thumb Code    18  _printf_truncate.o(.text)
    _printf_truncate_unsigned                0x08000af9   Thumb Code    18  _printf_truncate.o(.text)
    _printf_int_common                       0x08000b0b   Thumb Code   178  _printf_intcommon.o(.text)
    _printf_charcount                        0x08000bbd   Thumb Code    40  _printf_charcount.o(.text)
    _printf_char_common                      0x08000bef   Thumb Code    32  _printf_char_common.o(.text)
    _sputc                                   0x08000c15   Thumb Code    10  _sputc.o(.text)
    _snputc                                  0x08000c1f   Thumb Code    16  _snputc.o(.text)
    _printf_cs_common                        0x08000c2f   Thumb Code    20  _printf_char.o(.text)
    _printf_char                             0x08000c43   Thumb Code    16  _printf_char.o(.text)
    _printf_string                           0x08000c53   Thumb Code     8  _printf_char.o(.text)
    _printf_wctomb                           0x08000c5d   Thumb Code   182  _printf_wctomb.o(.text)
    _printf_longlong_dec                     0x08000d19   Thumb Code   108  _printf_longlong_dec.o(.text)
    _printf_longlong_oct                     0x08000d95   Thumb Code    66  _printf_oct_int_ll.o(.text)
    _printf_int_oct                          0x08000dd7   Thumb Code    24  _printf_oct_int_ll.o(.text)
    _printf_ll_oct                           0x08000def   Thumb Code    12  _printf_oct_int_ll.o(.text)
    __aeabi_memcpy4                          0x08000e05   Thumb Code     0  rt_memcpy_w.o(.text)
    __aeabi_memcpy8                          0x08000e05   Thumb Code     0  rt_memcpy_w.o(.text)
    __rt_memcpy_w                            0x08000e05   Thumb Code   100  rt_memcpy_w.o(.text)
    _memcpy_lastbytes_aligned                0x08000e4d   Thumb Code     0  rt_memcpy_w.o(.text)
    _ll_udiv10                               0x08000e69   Thumb Code   138  lludiv10.o(.text)
    __lib_sel_fp_printf                      0x08000ef3   Thumb Code     2  _printf_fp_dec.o(.text)
    _printf_fp_dec_real                      0x080010a5   Thumb Code   620  _printf_fp_dec.o(.text)
    _printf_fp_hex_real                      0x08001311   Thumb Code   756  _printf_fp_hex.o(.text)
    _printf_lcs_common                       0x0800160d   Thumb Code    20  _printf_wchar.o(.text)
    _printf_wchar                            0x08001621   Thumb Code    16  _printf_wchar.o(.text)
    _printf_wstring                          0x08001631   Thumb Code     8  _printf_wchar.o(.text)
    _wcrtomb                                 0x08001639   Thumb Code    64  _wcrtomb.o(.text)
    __user_setup_stackheap                   0x08001679   Thumb Code    74  sys_stackheap_outer.o(.text)
    __rt_ctype_table                         0x080016c5   Thumb Code    16  rt_ctype_table.o(.text)
    __rt_locale                              0x080016d5   Thumb Code     8  rt_locale_intlibspace.o(.text)
    _printf_fp_infnan                        0x080016dd   Thumb Code   112  _printf_fp_infnan.o(.text)
    _btod_etento                             0x0800175d   Thumb Code   224  bigflt0.o(.text)
    exit                                     0x08001841   Thumb Code    18  exit.o(.text)
    __user_libspace                          0x08001855   Thumb Code     8  libspace.o(.text)
    __user_perproc_libspace                  0x08001855   Thumb Code     0  libspace.o(.text)
    __user_perthread_libspace                0x08001855   Thumb Code     0  libspace.o(.text)
    strcmp                                   0x0800185d   Thumb Code   128  strcmpv7m.o(.text)
    _sys_exit                                0x080018dd   Thumb Code     8  sys_exit.o(.text)
    __I$use$semihosting                      0x080018e9   Thumb Code     0  use_no_semi.o(.text)
    __use_no_semihosting_swi                 0x080018e9   Thumb Code     2  use_no_semi.o(.text)
    __semihosting_library_function           0x080018eb   Thumb Code     0  indicate_semi.o(.text)
    _btod_d2e                                0x080018eb   Thumb Code    62  btod.o(CL$$btod_d2e)
    _d2e_denorm_low                          0x08001929   Thumb Code    70  btod.o(CL$$btod_d2e_denorm_low)
    _d2e_norm_op1                            0x0800196f   Thumb Code    96  btod.o(CL$$btod_d2e_norm_op1)
    __btod_div_common                        0x080019cf   Thumb Code   696  btod.o(CL$$btod_div_common)
    _e2e                                     0x08001d07   Thumb Code   220  btod.o(CL$$btod_e2e)
    _btod_ediv                               0x08001de3   Thumb Code    42  btod.o(CL$$btod_ediv)
    _btod_emul                               0x08001e0d   Thumb Code    42  btod.o(CL$$btod_emul)
    __btod_mult_common                       0x08001e37   Thumb Code   580  btod.o(CL$$btod_mult_common)
    BusFault_Handler                         0x0800207b   Thumb Code     2  stm32f4xx_it.o(i.BusFault_Handler)
    DebugMon_Handler                         0x0800207d   Thumb Code     2  stm32f4xx_it.o(i.DebugMon_Handler)
    HAL_GetTick                              0x08002081   Thumb Code     6  stm32f4xx_hal.o(i.HAL_GetTick)
    HAL_IncTick                              0x0800208d   Thumb Code    12  stm32f4xx_hal.o(i.HAL_IncTick)
    HAL_Init                                 0x0800209d   Thumb Code    48  stm32f4xx_hal.o(i.HAL_Init)
    HAL_InitTick                             0x080020d1   Thumb Code   134  stm32f4xx_hal_timebase_tim.o(i.HAL_InitTick)
    HAL_MspInit                              0x08002169   Thumb Code    52  stm32f4xx_hal_msp.o(i.HAL_MspInit)
    HAL_NVIC_EnableIRQ                       0x080021a1   Thumb Code    26  stm32f4xx_hal_cortex.o(i.HAL_NVIC_EnableIRQ)
    HAL_NVIC_SetPriority                     0x080021bd   Thumb Code    60  stm32f4xx_hal_cortex.o(i.HAL_NVIC_SetPriority)
    HAL_NVIC_SetPriorityGrouping             0x080021fd   Thumb Code    26  stm32f4xx_hal_cortex.o(i.HAL_NVIC_SetPriorityGrouping)
    HAL_RCC_ClockConfig                      0x08002221   Thumb Code   288  stm32f4xx_hal_rcc.o(i.HAL_RCC_ClockConfig)
    HAL_RCC_GetClockConfig                   0x08002355   Thumb Code    54  stm32f4xx_hal_rcc.o(i.HAL_RCC_GetClockConfig)
    HAL_RCC_GetPCLK1Freq                     0x08002395   Thumb Code    20  stm32f4xx_hal_rcc.o(i.HAL_RCC_GetPCLK1Freq)
    HAL_RCC_GetSysClockFreq                  0x080023b5   Thumb Code    88  stm32f4xx_hal_rcc.o(i.HAL_RCC_GetSysClockFreq)
    HAL_RCC_OscConfig                        0x08002419   Thumb Code   856  stm32f4xx_hal_rcc.o(i.HAL_RCC_OscConfig)
    HAL_TIMEx_BreakCallback                  0x08002785   Thumb Code     2  stm32f4xx_hal_tim_ex.o(i.HAL_TIMEx_BreakCallback)
    HAL_TIMEx_CommutCallback                 0x08002787   Thumb Code     2  stm32f4xx_hal_tim_ex.o(i.HAL_TIMEx_CommutCallback)
    HAL_TIM_Base_Init                        0x08002789   Thumb Code    90  stm32f4xx_hal_tim.o(i.HAL_TIM_Base_Init)
    HAL_TIM_Base_MspInit                     0x080027e3   Thumb Code     2  stm32f4xx_hal_tim.o(i.HAL_TIM_Base_MspInit)
    HAL_TIM_Base_Start_IT                    0x080027e5   Thumb Code    88  stm32f4xx_hal_tim.o(i.HAL_TIM_Base_Start_IT)
    HAL_TIM_IC_CaptureCallback               0x08002851   Thumb Code     2  stm32f4xx_hal_tim.o(i.HAL_TIM_IC_CaptureCallback)
    HAL_TIM_IRQHandler                       0x08002853   Thumb Code   358  stm32f4xx_hal_tim.o(i.HAL_TIM_IRQHandler)
    HAL_TIM_OC_DelayElapsedCallback          0x080029b9   Thumb Code     2  stm32f4xx_hal_tim.o(i.HAL_TIM_OC_DelayElapsedCallback)
    HAL_TIM_PWM_PulseFinishedCallback        0x080029bb   Thumb Code     2  stm32f4xx_hal_tim.o(i.HAL_TIM_PWM_PulseFinishedCallback)
    HAL_TIM_PeriodElapsedCallback            0x080029bd   Thumb Code    14  main.o(i.HAL_TIM_PeriodElapsedCallback)
    HAL_TIM_TriggerCallback                  0x080029cb   Thumb Code     2  stm32f4xx_hal_tim.o(i.HAL_TIM_TriggerCallback)
    HardFault_Handler                        0x080029cd   Thumb Code     2  stm32f4xx_it.o(i.HardFault_Handler)
    MX_FREERTOS_Init                         0x080029d1   Thumb Code    18  freertos.o(i.MX_FREERTOS_Init)
    MX_GPIO_Init                             0x080029f1   Thumb Code    38  gpio.o(i.MX_GPIO_Init)
    MemManage_Handler                        0x08002a1d   Thumb Code     2  stm32f4xx_it.o(i.MemManage_Handler)
    NMI_Handler                              0x08002a1f   Thumb Code     2  stm32f4xx_it.o(i.NMI_Handler)
    SEGGER_RTT_Write                         0x08002a21   Thumb Code    50  segger_rtt.o(i.SEGGER_RTT_Write)
    SEGGER_RTT_WriteNoLock                   0x08002a59   Thumb Code    86  segger_rtt.o(i.SEGGER_RTT_WriteNoLock)
    StartDefaultTask                         0x08002ab5   Thumb Code     8  freertos.o(i.StartDefaultTask)
    SysTick_Handler                          0x08002abd   Thumb Code    26  cmsis_os2.o(i.SysTick_Handler)
    SystemClock_Config                       0x08002ad9   Thumb Code   136  main.o(i.SystemClock_Config)
    SystemInit                               0x08002b69   Thumb Code    12  system_stm32f4xx.o(i.SystemInit)
    TIM2_IRQHandler                          0x08002b79   Thumb Code     6  stm32f4xx_it.o(i.TIM2_IRQHandler)
    TIM_Base_SetConfig                       0x08002b85   Thumb Code   122  stm32f4xx_hal_tim.o(i.TIM_Base_SetConfig)
    UsageFault_Handler                       0x08002c1d   Thumb Code     2  stm32f4xx_it.o(i.UsageFault_Handler)
    __ARM_fpclassify                         0x08002d3b   Thumb Code    48  fpclassify.o(i.__ARM_fpclassify)
    _is_digit                                0x08002d8b   Thumb Code    14  __printf_wp.o(i._is_digit)
    elog_get_filter_tag_lvl                  0x08002d99   Thumb Code   130  elog.o(i.elog_get_filter_tag_lvl)
    elog_init                                0x08002e85   Thumb Code   100  elog.o(i.elog_init)
    elog_output                              0x08002eed   Thumb Code   758  elog.o(i.elog_output)
    elog_output_lock                         0x08003285   Thumb Code    28  elog.o(i.elog_output_lock)
    elog_output_lock_enabled                 0x080032a5   Thumb Code    40  elog.o(i.elog_output_lock_enabled)
    elog_output_unlock                       0x080032d1   Thumb Code    28  elog.o(i.elog_output_unlock)
    elog_port_get_p_info                     0x080032f1   Thumb Code     2  elog_port.o(i.elog_port_get_p_info)
    elog_port_get_t_info                     0x080032f3   Thumb Code     2  elog_port.o(i.elog_port_get_t_info)
    elog_port_get_time                       0x080032f5   Thumb Code     2  elog_port.o(i.elog_port_get_time)
    elog_port_init                           0x080032f7   Thumb Code     4  elog_port.o(i.elog_port_init)
    elog_port_output                         0x080032fb   Thumb Code    10  elog_port.o(i.elog_port_output)
    elog_port_output_lock                    0x08003305   Thumb Code     2  elog_port.o(i.elog_port_output_lock)
    elog_port_output_unlock                  0x08003307   Thumb Code     2  elog_port.o(i.elog_port_output_unlock)
    elog_set_filter_lvl                      0x08003309   Thumb Code    64  elog.o(i.elog_set_filter_lvl)
    elog_set_fmt                             0x080033b9   Thumb Code    72  elog.o(i.elog_set_fmt)
    elog_start                               0x08003471   Thumb Code    42  elog.o(i.elog_start)
    elog_strcpy                              0x080034f9   Thumb Code   148  elog_utils.o(i.elog_strcpy)
    main                                     0x080036cd   Thumb Code    82  main.o(i.main)
    osDelay                                  0x0800371f   Thumb Code    26  cmsis_os2.o(i.osDelay)
    osKernelInitialize                       0x08003739   Thumb Code    32  cmsis_os2.o(i.osKernelInitialize)
    osKernelStart                            0x0800375d   Thumb Code    48  cmsis_os2.o(i.osKernelStart)
    osThreadNew                              0x08003795   Thumb Code   138  cmsis_os2.o(i.osThreadNew)
    pvPortMalloc                             0x08003fb5   Thumb Code   216  heap_4.o(i.pvPortMalloc)
    pxPortInitialiseStack                    0x08004091   Thumb Code    40  port.o(i.pxPortInitialiseStack)
    uxListRemove                             0x080040bd   Thumb Code    38  list.o(i.uxListRemove)
    vApplicationGetIdleTaskMemory            0x080040e5   Thumb Code    16  cmsis_os2.o(i.vApplicationGetIdleTaskMemory)
    vApplicationGetTimerTaskMemory           0x080040f9   Thumb Code    18  cmsis_os2.o(i.vApplicationGetTimerTaskMemory)
    vListInitialise                          0x08004111   Thumb Code    22  list.o(i.vListInitialise)
    vListInitialiseItem                      0x08004127   Thumb Code     6  list.o(i.vListInitialiseItem)
    vListInsert                              0x0800412d   Thumb Code    48  list.o(i.vListInsert)
    vListInsertEnd                           0x0800415d   Thumb Code    24  list.o(i.vListInsertEnd)
    vPortEnterCritical                       0x08004175   Thumb Code    54  port.o(i.vPortEnterCritical)
    vPortExitCritical                        0x080041b5   Thumb Code    34  port.o(i.vPortExitCritical)
    vPortFree                                0x080041dd   Thumb Code    94  heap_4.o(i.vPortFree)
    vPortSetupTimerInterrupt                 0x08004241   Thumb Code    32  port.o(i.vPortSetupTimerInterrupt)
    vPortValidateInterruptPriority           0x08004265   Thumb Code    74  port.o(i.vPortValidateInterruptPriority)
    vQueueAddToRegistry                      0x080042b9   Thumb Code    34  queue.o(i.vQueueAddToRegistry)
    vQueueWaitForMessageRestricted           0x080042e1   Thumb Code    68  queue.o(i.vQueueWaitForMessageRestricted)
    vTaskDelay                               0x08004325   Thumb Code    66  tasks.o(i.vTaskDelay)
    vTaskInternalSetTimeOutState             0x08004371   Thumb Code    12  tasks.o(i.vTaskInternalSetTimeOutState)
    vTaskMissedYield                         0x08004381   Thumb Code     8  tasks.o(i.vTaskMissedYield)
    vTaskPlaceOnEventList                    0x0800438d   Thumb Code    44  tasks.o(i.vTaskPlaceOnEventList)
    vTaskPlaceOnEventListRestricted          0x080043bd   Thumb Code    52  tasks.o(i.vTaskPlaceOnEventListRestricted)
    vTaskStartScheduler                      0x080043f5   Thumb Code   118  tasks.o(i.vTaskStartScheduler)
    vTaskSuspendAll                          0x0800447d   Thumb Code    10  tasks.o(i.vTaskSuspendAll)
    vTaskSwitchContext                       0x0800448d   Thumb Code    90  tasks.o(i.vTaskSwitchContext)
    xPortStartScheduler                      0x080044f1   Thumb Code   222  port.o(i.xPortStartScheduler)
    xPortSysTickHandler                      0x080045e5   Thumb Code    38  port.o(i.xPortSysTickHandler)
    xQueueGenericCreateStatic                0x08004611   Thumb Code   102  queue.o(i.xQueueGenericCreateStatic)
    xQueueGenericReset                       0x08004679   Thumb Code   132  queue.o(i.xQueueGenericReset)
    xQueueGenericSend                        0x08004701   Thumb Code   346  queue.o(i.xQueueGenericSend)
    xQueueGenericSendFromISR                 0x08004861   Thumb Code   190  queue.o(i.xQueueGenericSendFromISR)
    xQueueReceive                            0x08004921   Thumb Code   308  queue.o(i.xQueueReceive)
    xTaskCheckForTimeOut                     0x08004a59   Thumb Code   112  tasks.o(i.xTaskCheckForTimeOut)
    xTaskCreate                              0x08004acd   Thumb Code    90  tasks.o(i.xTaskCreate)
    xTaskCreateStatic                        0x08004b27   Thumb Code    86  tasks.o(i.xTaskCreateStatic)
    xTaskGetSchedulerState                   0x08004b7d   Thumb Code    22  tasks.o(i.xTaskGetSchedulerState)
    xTaskGetTickCount                        0x08004b99   Thumb Code     6  tasks.o(i.xTaskGetTickCount)
    xTaskIncrementTick                       0x08004ba5   Thumb Code   192  tasks.o(i.xTaskIncrementTick)
    xTaskPriorityDisinherit                  0x08004c6d   Thumb Code   118  tasks.o(i.xTaskPriorityDisinherit)
    xTaskRemoveFromEventList                 0x08004ced   Thumb Code    98  tasks.o(i.xTaskRemoveFromEventList)
    xTaskResumeAll                           0x08004d5d   Thumb Code   182  tasks.o(i.xTaskResumeAll)
    xTimerCreateTimerTask                    0x08004e21   Thumb Code    78  timers.o(i.xTimerCreateTimerTask)
    xTimerGenericCommand                     0x08004e81   Thumb Code    98  timers.o(i.xTimerGenericCommand)
    _get_lc_numeric                          0x08004ee9   Thumb Code    44  lc_numeric_c.o(locale$$code)
    _get_lc_ctype                            0x08004f15   Thumb Code    44  lc_ctype_c.o(locale$$code)
    _fp_init                                 0x08004f41   Thumb Code    10  fpinit.o(x$fpl$fpinit)
    __fplib_config_fpu_vfp                   0x08004f49   Thumb Code     0  fpinit.o(x$fpl$fpinit)
    __fplib_config_pureend_doubles           0x08004f49   Thumb Code     0  fpinit.o(x$fpl$fpinit)
    _printf_fp_dec                           0x08004f4b   Thumb Code     4  printf1.o(x$fpl$printf1)
    _printf_fp_hex                           0x08004f4f   Thumb Code     4  printf2.o(x$fpl$printf2)
    __I$use$fp                               0x08004f52   Number         0  usenofp.o(x$fpl$usenofp)
    defaultTask_attributes                   0x08004f54   Data          36  freertos.o(.constdata)
    AHBPrescTable                            0x08004f78   Data          16  system_stm32f4xx.o(.constdata)
    APBPrescTable                            0x08004f88   Data           8  system_stm32f4xx.o(.constdata)
    Region$$Table$$Base                      0x080051e8   Number         0  anon$$obj.o(Region$$Table)
    Region$$Table$$Limit                     0x08005208   Number         0  anon$$obj.o(Region$$Table)
    __ctype                                  0x08005231   Data           0  lc_ctype_c.o(locale$$data)
    defaultTaskHandle                        0x20000000   Data           4  freertos.o(.data)
    uwTickFreq                               0x20000004   Data           1  stm32f4xx_hal.o(.data)
    uwTickPrio                               0x20000008   Data           4  stm32f4xx_hal.o(.data)
    uwTick                                   0x2000000c   Data           4  stm32f4xx_hal.o(.data)
    SystemCoreClock                          0x20000010   Data           4  system_stm32f4xx.o(.data)
    pxCurrentTCB                             0x20000014   Data           4  tasks.o(.data)
    elog_assert_hook                         0x20000094   Data           4  elog.o(.data)
    htim2                                    0x200000c8   Data          72  stm32f4xx_hal_timebase_tim.o(.bss)
    xQueueRegistry                           0x20000110   Data          64  queue.o(.bss)
    _SEGGER_RTT                              0x200049e4   Data         168  segger_rtt.o(.bss)
    __libspace_start                         0x20005394   Data          96  libspace.o(.bss)
    __temporary_stack_top$libspace           0x200053f4   Data           0  libspace.o(.bss)



==============================================================================

Memory Map of the image

  Image Entry point : 0x08000199

  Load Region LR_IROM1 (Base: 0x08000000, Size: 0x000053fc, Max: 0x00080000, ABSOLUTE)

    Execution Region ER_IROM1 (Exec base: 0x08000000, Load base: 0x08000000, Size: 0x00005334, Max: 0x00080000, ABSOLUTE)

    Exec Addr    Load Addr    Size         Type   Attr      Idx    E Section Name        Object

    0x08000000   0x08000000   0x00000198   Data   RO            3    RESET               startup_stm32f411xe.o
    0x08000198   0x08000198   0x00000008   Code   RO         4994  * !!!main             c_w.l(__main.o)
    0x080001a0   0x080001a0   0x00000034   Code   RO         5277    !!!scatter          c_w.l(__scatter.o)
    0x080001d4   0x080001d4   0x0000001a   Code   RO         5279    !!handler_copy      c_w.l(__scatter_copy.o)
    0x080001ee   0x080001ee   0x00000002   PAD
    0x080001f0   0x080001f0   0x0000001c   Code   RO         5281    !!handler_zi        c_w.l(__scatter_zi.o)
    0x0800020c   0x0800020c   0x00000000   Code   RO         4969    .ARM.Collect$$_printf_percent$$00000000  c_w.l(_printf_percent.o)
    0x0800020c   0x0800020c   0x00000006   Code   RO         5026    .ARM.Collect$$_printf_percent$$00000001  c_w.l(_printf_n.o)
    0x08000212   0x08000212   0x00000006   Code   RO         5027    .ARM.Collect$$_printf_percent$$00000002  c_w.l(_printf_p.o)
    0x08000218   0x08000218   0x00000006   Code   RO         5031    .ARM.Collect$$_printf_percent$$00000003  c_w.l(_printf_f.o)
    0x0800021e   0x0800021e   0x00000006   Code   RO         5032    .ARM.Collect$$_printf_percent$$00000004  c_w.l(_printf_e.o)
    0x08000224   0x08000224   0x00000006   Code   RO         5033    .ARM.Collect$$_printf_percent$$00000005  c_w.l(_printf_g.o)
    0x0800022a   0x0800022a   0x00000006   Code   RO         5034    .ARM.Collect$$_printf_percent$$00000006  c_w.l(_printf_a.o)
    0x08000230   0x08000230   0x0000000a   Code   RO         5039    .ARM.Collect$$_printf_percent$$00000007  c_w.l(_printf_ll.o)
    0x0800023a   0x0800023a   0x00000006   Code   RO         5029    .ARM.Collect$$_printf_percent$$00000008  c_w.l(_printf_i.o)
    0x08000240   0x08000240   0x00000006   Code   RO         4968    .ARM.Collect$$_printf_percent$$00000009  c_w.l(_printf_d.o)
    0x08000246   0x08000246   0x00000006   Code   RO         5030    .ARM.Collect$$_printf_percent$$0000000A  c_w.l(_printf_u.o)
    0x0800024c   0x0800024c   0x00000006   Code   RO         5028    .ARM.Collect$$_printf_percent$$0000000B  c_w.l(_printf_o.o)
    0x08000252   0x08000252   0x00000006   Code   RO         4967    .ARM.Collect$$_printf_percent$$0000000C  c_w.l(_printf_x.o)
    0x08000258   0x08000258   0x00000006   Code   RO         5036    .ARM.Collect$$_printf_percent$$0000000D  c_w.l(_printf_lli.o)
    0x0800025e   0x0800025e   0x00000006   Code   RO         5037    .ARM.Collect$$_printf_percent$$0000000E  c_w.l(_printf_lld.o)
    0x08000264   0x08000264   0x00000006   Code   RO         5038    .ARM.Collect$$_printf_percent$$0000000F  c_w.l(_printf_llu.o)
    0x0800026a   0x0800026a   0x00000006   Code   RO         5043    .ARM.Collect$$_printf_percent$$00000010  c_w.l(_printf_llo.o)
    0x08000270   0x08000270   0x00000006   Code   RO         5044    .ARM.Collect$$_printf_percent$$00000011  c_w.l(_printf_llx.o)
    0x08000276   0x08000276   0x0000000a   Code   RO         5040    .ARM.Collect$$_printf_percent$$00000012  c_w.l(_printf_l.o)
    0x08000280   0x08000280   0x00000006   Code   RO         4965    .ARM.Collect$$_printf_percent$$00000013  c_w.l(_printf_c.o)
    0x08000286   0x08000286   0x00000006   Code   RO         4966    .ARM.Collect$$_printf_percent$$00000014  c_w.l(_printf_s.o)
    0x0800028c   0x0800028c   0x00000006   Code   RO         5041    .ARM.Collect$$_printf_percent$$00000015  c_w.l(_printf_lc.o)
    0x08000292   0x08000292   0x00000006   Code   RO         5042    .ARM.Collect$$_printf_percent$$00000016  c_w.l(_printf_ls.o)
    0x08000298   0x08000298   0x00000004   Code   RO         5035    .ARM.Collect$$_printf_percent$$00000017  c_w.l(_printf_percent_end.o)
    0x0800029c   0x0800029c   0x00000002   Code   RO         5135    .ARM.Collect$$libinit$$00000000  c_w.l(libinit.o)
    0x0800029e   0x0800029e   0x00000004   Code   RO         5157    .ARM.Collect$$libinit$$00000001  c_w.l(libinit2.o)
    0x080002a2   0x080002a2   0x00000000   Code   RO         5160    .ARM.Collect$$libinit$$00000004  c_w.l(libinit2.o)
    0x080002a2   0x080002a2   0x00000000   Code   RO         5163    .ARM.Collect$$libinit$$0000000A  c_w.l(libinit2.o)
    0x080002a2   0x080002a2   0x00000000   Code   RO         5165    .ARM.Collect$$libinit$$0000000C  c_w.l(libinit2.o)
    0x080002a2   0x080002a2   0x00000000   Code   RO         5167    .ARM.Collect$$libinit$$0000000E  c_w.l(libinit2.o)
    0x080002a2   0x080002a2   0x00000006   Code   RO         5168    .ARM.Collect$$libinit$$0000000F  c_w.l(libinit2.o)
    0x080002a8   0x080002a8   0x00000000   Code   RO         5170    .ARM.Collect$$libinit$$00000011  c_w.l(libinit2.o)
    0x080002a8   0x080002a8   0x0000000c   Code   RO         5171    .ARM.Collect$$libinit$$00000012  c_w.l(libinit2.o)
    0x080002b4   0x080002b4   0x00000000   Code   RO         5172    .ARM.Collect$$libinit$$00000013  c_w.l(libinit2.o)
    0x080002b4   0x080002b4   0x00000000   Code   RO         5174    .ARM.Collect$$libinit$$00000015  c_w.l(libinit2.o)
    0x080002b4   0x080002b4   0x0000000a   Code   RO         5175    .ARM.Collect$$libinit$$00000016  c_w.l(libinit2.o)
    0x080002be   0x080002be   0x00000000   Code   RO         5176    .ARM.Collect$$libinit$$00000017  c_w.l(libinit2.o)
    0x080002be   0x080002be   0x00000000   Code   RO         5178    .ARM.Collect$$libinit$$00000019  c_w.l(libinit2.o)
    0x080002be   0x080002be   0x00000000   Code   RO         5180    .ARM.Collect$$libinit$$0000001B  c_w.l(libinit2.o)
    0x080002be   0x080002be   0x00000000   Code   RO         5182    .ARM.Collect$$libinit$$0000001D  c_w.l(libinit2.o)
    0x080002be   0x080002be   0x00000000   Code   RO         5184    .ARM.Collect$$libinit$$0000001F  c_w.l(libinit2.o)
    0x080002be   0x080002be   0x00000000   Code   RO         5186    .ARM.Collect$$libinit$$00000021  c_w.l(libinit2.o)
    0x080002be   0x080002be   0x00000000   Code   RO         5188    .ARM.Collect$$libinit$$00000023  c_w.l(libinit2.o)
    0x080002be   0x080002be   0x00000000   Code   RO         5190    .ARM.Collect$$libinit$$00000025  c_w.l(libinit2.o)
    0x080002be   0x080002be   0x00000000   Code   RO         5194    .ARM.Collect$$libinit$$0000002C  c_w.l(libinit2.o)
    0x080002be   0x080002be   0x00000000   Code   RO         5196    .ARM.Collect$$libinit$$0000002E  c_w.l(libinit2.o)
    0x080002be   0x080002be   0x00000000   Code   RO         5198    .ARM.Collect$$libinit$$00000030  c_w.l(libinit2.o)
    0x080002be   0x080002be   0x00000000   Code   RO         5200    .ARM.Collect$$libinit$$00000032  c_w.l(libinit2.o)
    0x080002be   0x080002be   0x00000002   Code   RO         5201    .ARM.Collect$$libinit$$00000033  c_w.l(libinit2.o)
    0x080002c0   0x080002c0   0x00000002   Code   RO         5232    .ARM.Collect$$libshutdown$$00000000  c_w.l(libshutdown.o)
    0x080002c2   0x080002c2   0x00000000   Code   RO         5258    .ARM.Collect$$libshutdown$$00000002  c_w.l(libshutdown2.o)
    0x080002c2   0x080002c2   0x00000000   Code   RO         5260    .ARM.Collect$$libshutdown$$00000004  c_w.l(libshutdown2.o)
    0x080002c2   0x080002c2   0x00000000   Code   RO         5262    .ARM.Collect$$libshutdown$$00000006  c_w.l(libshutdown2.o)
    0x080002c2   0x080002c2   0x00000000   Code   RO         5265    .ARM.Collect$$libshutdown$$00000009  c_w.l(libshutdown2.o)
    0x080002c2   0x080002c2   0x00000000   Code   RO         5268    .ARM.Collect$$libshutdown$$0000000C  c_w.l(libshutdown2.o)
    0x080002c2   0x080002c2   0x00000000   Code   RO         5270    .ARM.Collect$$libshutdown$$0000000E  c_w.l(libshutdown2.o)
    0x080002c2   0x080002c2   0x00000000   Code   RO         5273    .ARM.Collect$$libshutdown$$00000011  c_w.l(libshutdown2.o)
    0x080002c2   0x080002c2   0x00000002   Code   RO         5274    .ARM.Collect$$libshutdown$$00000012  c_w.l(libshutdown2.o)
    0x080002c4   0x080002c4   0x00000000   Code   RO         4996    .ARM.Collect$$rtentry$$00000000  c_w.l(__rtentry.o)
    0x080002c4   0x080002c4   0x00000000   Code   RO         5056    .ARM.Collect$$rtentry$$00000002  c_w.l(__rtentry2.o)
    0x080002c4   0x080002c4   0x00000006   Code   RO         5068    .ARM.Collect$$rtentry$$00000004  c_w.l(__rtentry4.o)
    0x080002ca   0x080002ca   0x00000000   Code   RO         5058    .ARM.Collect$$rtentry$$00000009  c_w.l(__rtentry2.o)
    0x080002ca   0x080002ca   0x00000004   Code   RO         5059    .ARM.Collect$$rtentry$$0000000A  c_w.l(__rtentry2.o)
    0x080002ce   0x080002ce   0x00000000   Code   RO         5061    .ARM.Collect$$rtentry$$0000000C  c_w.l(__rtentry2.o)
    0x080002ce   0x080002ce   0x00000008   Code   RO         5062    .ARM.Collect$$rtentry$$0000000D  c_w.l(__rtentry2.o)
    0x080002d6   0x080002d6   0x00000002   Code   RO         5144    .ARM.Collect$$rtexit$$00000000  c_w.l(rtexit.o)
    0x080002d8   0x080002d8   0x00000000   Code   RO         5205    .ARM.Collect$$rtexit$$00000002  c_w.l(rtexit2.o)
    0x080002d8   0x080002d8   0x00000004   Code   RO         5206    .ARM.Collect$$rtexit$$00000003  c_w.l(rtexit2.o)
    0x080002dc   0x080002dc   0x00000006   Code   RO         5207    .ARM.Collect$$rtexit$$00000004  c_w.l(rtexit2.o)
    0x080002e2   0x080002e2   0x00000002   PAD
    0x080002e4   0x080002e4   0x000000be   Code   RO         4288    .emb_text           port.o
    0x080003a2   0x080003a2   0x00000002   PAD
    0x080003a4   0x080003a4   0x00000040   Code   RO            4    .text               startup_stm32f411xe.o
    0x080003e4   0x080003e4   0x000000ee   Code   RO         4908    .text               c_w.l(lludivv7m.o)
    0x080004d2   0x080004d2   0x00000002   PAD
    0x080004d4   0x080004d4   0x00000034   Code   RO         4910    .text               c_w.l(vsnprintf.o)
    0x08000508   0x08000508   0x00000038   Code   RO         4912    .text               c_w.l(__2snprintf.o)
    0x08000540   0x08000540   0x0000004e   Code   RO         4918    .text               c_w.l(_printf_pad.o)
    0x0800058e   0x0800058e   0x00000052   Code   RO         4920    .text               c_w.l(_printf_str.o)
    0x080005e0   0x080005e0   0x00000078   Code   RO         4922    .text               c_w.l(_printf_dec.o)
    0x08000658   0x08000658   0x00000094   Code   RO         4942    .text               c_w.l(_printf_hex_int_ll_ptr.o)
    0x080006ec   0x080006ec   0x00000188   Code   RO         4962    .text               c_w.l(__printf_flags_ss_wp.o)
    0x08000874   0x08000874   0x00000024   Code   RO         4970    .text               c_w.l(strstr.o)
    0x08000898   0x08000898   0x00000048   Code   RO         4972    .text               c_w.l(strcpy.o)
    0x080008e0   0x080008e0   0x0000003e   Code   RO         4974    .text               c_w.l(strlen.o)
    0x0800091e   0x0800091e   0x00000096   Code   RO         4978    .text               c_w.l(strncmp.o)
    0x080009b4   0x080009b4   0x0000008a   Code   RO         4980    .text               c_w.l(rt_memcpy_v6.o)
    0x08000a3e   0x08000a3e   0x00000010   Code   RO         4984    .text               c_w.l(aeabi_memset.o)
    0x08000a4e   0x08000a4e   0x00000044   Code   RO         4986    .text               c_w.l(rt_memclr.o)
    0x08000a92   0x08000a92   0x0000004e   Code   RO         4988    .text               c_w.l(rt_memclr_w.o)
    0x08000ae0   0x08000ae0   0x00000006   Code   RO         4992    .text               c_w.l(heapauxi.o)
    0x08000ae6   0x08000ae6   0x00000024   Code   RO         5001    .text               c_w.l(_printf_truncate.o)
    0x08000b0a   0x08000b0a   0x000000b2   Code   RO         5003    .text               c_w.l(_printf_intcommon.o)
    0x08000bbc   0x08000bbc   0x00000028   Code   RO         5005    .text               c_w.l(_printf_charcount.o)
    0x08000be4   0x08000be4   0x00000030   Code   RO         5007    .text               c_w.l(_printf_char_common.o)
    0x08000c14   0x08000c14   0x0000000a   Code   RO         5009    .text               c_w.l(_sputc.o)
    0x08000c1e   0x08000c1e   0x00000010   Code   RO         5011    .text               c_w.l(_snputc.o)
    0x08000c2e   0x08000c2e   0x0000002c   Code   RO         5013    .text               c_w.l(_printf_char.o)
    0x08000c5a   0x08000c5a   0x00000002   PAD
    0x08000c5c   0x08000c5c   0x000000bc   Code   RO         5015    .text               c_w.l(_printf_wctomb.o)
    0x08000d18   0x08000d18   0x0000007c   Code   RO         5018    .text               c_w.l(_printf_longlong_dec.o)
    0x08000d94   0x08000d94   0x00000070   Code   RO         5024    .text               c_w.l(_printf_oct_int_ll.o)
    0x08000e04   0x08000e04   0x00000064   Code   RO         5045    .text               c_w.l(rt_memcpy_w.o)
    0x08000e68   0x08000e68   0x0000008a   Code   RO         5072    .text               c_w.l(lludiv10.o)
    0x08000ef2   0x08000ef2   0x0000041e   Code   RO         5074    .text               c_w.l(_printf_fp_dec.o)
    0x08001310   0x08001310   0x000002fc   Code   RO         5076    .text               c_w.l(_printf_fp_hex.o)
    0x0800160c   0x0800160c   0x0000002c   Code   RO         5081    .text               c_w.l(_printf_wchar.o)
    0x08001638   0x08001638   0x00000040   Code   RO         5083    .text               c_w.l(_wcrtomb.o)
    0x08001678   0x08001678   0x0000004a   Code   RO         5085    .text               c_w.l(sys_stackheap_outer.o)
    0x080016c2   0x080016c2   0x00000002   PAD
    0x080016c4   0x080016c4   0x00000010   Code   RO         5087    .text               c_w.l(rt_ctype_table.o)
    0x080016d4   0x080016d4   0x00000008   Code   RO         5092    .text               c_w.l(rt_locale_intlibspace.o)
    0x080016dc   0x080016dc   0x00000080   Code   RO         5094    .text               c_w.l(_printf_fp_infnan.o)
    0x0800175c   0x0800175c   0x000000e4   Code   RO         5096    .text               c_w.l(bigflt0.o)
    0x08001840   0x08001840   0x00000012   Code   RO         5124    .text               c_w.l(exit.o)
    0x08001852   0x08001852   0x00000002   PAD
    0x08001854   0x08001854   0x00000008   Code   RO         5141    .text               c_w.l(libspace.o)
    0x0800185c   0x0800185c   0x00000080   Code   RO         5155    .text               c_w.l(strcmpv7m.o)
    0x080018dc   0x080018dc   0x0000000c   Code   RO         5202    .text               c_w.l(sys_exit.o)
    0x080018e8   0x080018e8   0x00000002   Code   RO         5221    .text               c_w.l(use_no_semi.o)
    0x080018ea   0x080018ea   0x00000000   Code   RO         5223    .text               c_w.l(indicate_semi.o)
    0x080018ea   0x080018ea   0x0000003e   Code   RO         5099    CL$$btod_d2e        c_w.l(btod.o)
    0x08001928   0x08001928   0x00000046   Code   RO         5101    CL$$btod_d2e_denorm_low  c_w.l(btod.o)
    0x0800196e   0x0800196e   0x00000060   Code   RO         5100    CL$$btod_d2e_norm_op1  c_w.l(btod.o)
    0x080019ce   0x080019ce   0x00000338   Code   RO         5109    CL$$btod_div_common  c_w.l(btod.o)
    0x08001d06   0x08001d06   0x000000dc   Code   RO         5106    CL$$btod_e2e        c_w.l(btod.o)
    0x08001de2   0x08001de2   0x0000002a   Code   RO         5103    CL$$btod_ediv       c_w.l(btod.o)
    0x08001e0c   0x08001e0c   0x0000002a   Code   RO         5102    CL$$btod_emul       c_w.l(btod.o)
    0x08001e36   0x08001e36   0x00000244   Code   RO         5108    CL$$btod_mult_common  c_w.l(btod.o)
    0x0800207a   0x0800207a   0x00000002   Code   RO          262    i.BusFault_Handler  stm32f4xx_it.o
    0x0800207c   0x0800207c   0x00000002   Code   RO          263    i.DebugMon_Handler  stm32f4xx_it.o
    0x0800207e   0x0800207e   0x00000002   PAD
    0x08002080   0x08002080   0x0000000c   Code   RO         1354    i.HAL_GetTick       stm32f4xx_hal.o
    0x0800208c   0x0800208c   0x00000010   Code   RO         1360    i.HAL_IncTick       stm32f4xx_hal.o
    0x0800209c   0x0800209c   0x00000034   Code   RO         1361    i.HAL_Init          stm32f4xx_hal.o
    0x080020d0   0x080020d0   0x00000098   Code   RO          350    i.HAL_InitTick      stm32f4xx_hal_timebase_tim.o
    0x08002168   0x08002168   0x00000038   Code   RO          326    i.HAL_MspInit       stm32f4xx_hal_msp.o
    0x080021a0   0x080021a0   0x0000001a   Code   RO         1211    i.HAL_NVIC_EnableIRQ  stm32f4xx_hal_cortex.o
    0x080021ba   0x080021ba   0x00000002   PAD
    0x080021bc   0x080021bc   0x00000040   Code   RO         1217    i.HAL_NVIC_SetPriority  stm32f4xx_hal_cortex.o
    0x080021fc   0x080021fc   0x00000024   Code   RO         1218    i.HAL_NVIC_SetPriorityGrouping  stm32f4xx_hal_cortex.o
    0x08002220   0x08002220   0x00000134   Code   RO          390    i.HAL_RCC_ClockConfig  stm32f4xx_hal_rcc.o
    0x08002354   0x08002354   0x00000040   Code   RO          394    i.HAL_RCC_GetClockConfig  stm32f4xx_hal_rcc.o
    0x08002394   0x08002394   0x00000020   Code   RO          397    i.HAL_RCC_GetPCLK1Freq  stm32f4xx_hal_rcc.o
    0x080023b4   0x080023b4   0x00000064   Code   RO          399    i.HAL_RCC_GetSysClockFreq  stm32f4xx_hal_rcc.o
    0x08002418   0x08002418   0x0000036c   Code   RO          402    i.HAL_RCC_OscConfig  stm32f4xx_hal_rcc.o
    0x08002784   0x08002784   0x00000002   Code   RO         2305    i.HAL_TIMEx_BreakCallback  stm32f4xx_hal_tim_ex.o
    0x08002786   0x08002786   0x00000002   Code   RO         2306    i.HAL_TIMEx_CommutCallback  stm32f4xx_hal_tim_ex.o
    0x08002788   0x08002788   0x0000005a   Code   RO         1601    i.HAL_TIM_Base_Init  stm32f4xx_hal_tim.o
    0x080027e2   0x080027e2   0x00000002   Code   RO         1603    i.HAL_TIM_Base_MspInit  stm32f4xx_hal_tim.o
    0x080027e4   0x080027e4   0x0000006c   Code   RO         1606    i.HAL_TIM_Base_Start_IT  stm32f4xx_hal_tim.o
    0x08002850   0x08002850   0x00000002   Code   RO         1635    i.HAL_TIM_IC_CaptureCallback  stm32f4xx_hal_tim.o
    0x08002852   0x08002852   0x00000166   Code   RO         1649    i.HAL_TIM_IRQHandler  stm32f4xx_hal_tim.o
    0x080029b8   0x080029b8   0x00000002   Code   RO         1652    i.HAL_TIM_OC_DelayElapsedCallback  stm32f4xx_hal_tim.o
    0x080029ba   0x080029ba   0x00000002   Code   RO         1679    i.HAL_TIM_PWM_PulseFinishedCallback  stm32f4xx_hal_tim.o
    0x080029bc   0x080029bc   0x0000000e   Code   RO           14    i.HAL_TIM_PeriodElapsedCallback  main.o
    0x080029ca   0x080029ca   0x00000002   Code   RO         1692    i.HAL_TIM_TriggerCallback  stm32f4xx_hal_tim.o
    0x080029cc   0x080029cc   0x00000002   Code   RO          264    i.HardFault_Handler  stm32f4xx_it.o
    0x080029ce   0x080029ce   0x00000002   PAD
    0x080029d0   0x080029d0   0x00000020   Code   RO          219    i.MX_FREERTOS_Init  freertos.o
    0x080029f0   0x080029f0   0x0000002c   Code   RO          195    i.MX_GPIO_Init      gpio.o
    0x08002a1c   0x08002a1c   0x00000002   Code   RO          265    i.MemManage_Handler  stm32f4xx_it.o
    0x08002a1e   0x08002a1e   0x00000002   Code   RO          266    i.NMI_Handler       stm32f4xx_it.o
    0x08002a20   0x08002a20   0x00000038   Code   RO         4389    i.SEGGER_RTT_Write  segger_rtt.o
    0x08002a58   0x08002a58   0x0000005c   Code   RO         4392    i.SEGGER_RTT_WriteNoLock  segger_rtt.o
    0x08002ab4   0x08002ab4   0x00000008   Code   RO          220    i.StartDefaultTask  freertos.o
    0x08002abc   0x08002abc   0x0000001a   Code   RO         3720    i.SysTick_Handler   cmsis_os2.o
    0x08002ad6   0x08002ad6   0x00000002   PAD
    0x08002ad8   0x08002ad8   0x00000090   Code   RO           15    i.SystemClock_Config  main.o
    0x08002b68   0x08002b68   0x00000010   Code   RO         2573    i.SystemInit        system_stm32f4xx.o
    0x08002b78   0x08002b78   0x0000000c   Code   RO          267    i.TIM2_IRQHandler   stm32f4xx_it.o
    0x08002b84   0x08002b84   0x00000098   Code   RO         1694    i.TIM_Base_SetConfig  stm32f4xx_hal_tim.o
    0x08002c1c   0x08002c1c   0x00000002   Code   RO          268    i.UsageFault_Handler  stm32f4xx_it.o
    0x08002c1e   0x08002c1e   0x00000002   PAD
    0x08002c20   0x08002c20   0x00000068   Code   RO         4396    i._DoInit           segger_rtt.o
    0x08002c88   0x08002c88   0x00000016   Code   RO         4397    i._GetAvailWriteSpace  segger_rtt.o
    0x08002c9e   0x08002c9e   0x0000005a   Code   RO         4399    i._WriteBlocking    segger_rtt.o
    0x08002cf8   0x08002cf8   0x00000042   Code   RO         4400    i._WriteNoCheck     segger_rtt.o
    0x08002d3a   0x08002d3a   0x00000030   Code   RO         5139    i.__ARM_fpclassify  m_wm.l(fpclassify.o)
    0x08002d6a   0x08002d6a   0x00000020   Code   RO         1224    i.__NVIC_SetPriority  stm32f4xx_hal_cortex.o
    0x08002d8a   0x08002d8a   0x0000000e   Code   RO         4955    i._is_digit         c_w.l(__printf_wp.o)
    0x08002d98   0x08002d98   0x000000ec   Code   RO         4697    i.elog_get_filter_tag_lvl  elog.o
    0x08002e84   0x08002e84   0x00000068   Code   RO         4701    i.elog_init         elog.o
    0x08002eec   0x08002eec   0x00000398   Code   RO         4702    i.elog_output       elog.o
    0x08003284   0x08003284   0x00000020   Code   RO         4703    i.elog_output_lock  elog.o
    0x080032a4   0x080032a4   0x0000002c   Code   RO         4704    i.elog_output_lock_enabled  elog.o
    0x080032d0   0x080032d0   0x00000020   Code   RO         4705    i.elog_output_unlock  elog.o
    0x080032f0   0x080032f0   0x00000002   Code   RO         4633    i.elog_port_get_p_info  elog_port.o
    0x080032f2   0x080032f2   0x00000002   Code   RO         4634    i.elog_port_get_t_info  elog_port.o
    0x080032f4   0x080032f4   0x00000002   Code   RO         4635    i.elog_port_get_time  elog_port.o
    0x080032f6   0x080032f6   0x00000004   Code   RO         4636    i.elog_port_init    elog_port.o
    0x080032fa   0x080032fa   0x0000000a   Code   RO         4637    i.elog_port_output  elog_port.o
    0x08003304   0x08003304   0x00000002   Code   RO         4638    i.elog_port_output_lock  elog_port.o
    0x08003306   0x08003306   0x00000002   Code   RO         4639    i.elog_port_output_unlock  elog_port.o
    0x08003308   0x08003308   0x000000b0   Code   RO         4709    i.elog_set_filter_lvl  elog.o
    0x080033b8   0x080033b8   0x000000b8   Code   RO         4712    i.elog_set_fmt      elog.o
    0x08003470   0x08003470   0x00000088   Code   RO         4715    i.elog_start        elog.o
    0x080034f8   0x080034f8   0x000000f0   Code   RO         4883    i.elog_strcpy       elog_utils.o
    0x080035e8   0x080035e8   0x000000c0   Code   RO         4717    i.get_fmt_enabled   elog.o
    0x080036a8   0x080036a8   0x00000012   Code   RO         4718    i.get_fmt_used_and_enabled_ptr  elog.o
    0x080036ba   0x080036ba   0x00000012   Code   RO         4719    i.get_fmt_used_and_enabled_u32  elog.o
    0x080036cc   0x080036cc   0x00000052   Code   RO           16    i.main              main.o
    0x0800371e   0x0800371e   0x0000001a   Code   RO         3722    i.osDelay           cmsis_os2.o
    0x08003738   0x08003738   0x00000024   Code   RO         3736    i.osKernelInitialize  cmsis_os2.o
    0x0800375c   0x0800375c   0x00000038   Code   RO         3739    i.osKernelStart     cmsis_os2.o
    0x08003794   0x08003794   0x0000008a   Code   RO         3781    i.osThreadNew       cmsis_os2.o
    0x0800381e   0x0800381e   0x00000002   PAD
    0x08003820   0x08003820   0x0000005c   Code   RO         3181    i.prvAddCurrentTaskToDelayedList  tasks.o
    0x0800387c   0x0800387c   0x000000d0   Code   RO         3182    i.prvAddNewTaskToReadyList  tasks.o
    0x0800394c   0x0800394c   0x00000058   Code   RO         3546    i.prvCheckForValidListAndQueue  timers.o
    0x080039a4   0x080039a4   0x00000026   Code   RO         2778    i.prvCopyDataFromQueue  queue.o
    0x080039ca   0x080039ca   0x0000006c   Code   RO         2779    i.prvCopyDataToQueue  queue.o
    0x08003a36   0x08003a36   0x00000034   Code   RO         3183    i.prvDeleteTCB      tasks.o
    0x08003a6a   0x08003a6a   0x00000002   PAD
    0x08003a6c   0x08003a6c   0x0000004c   Code   RO         4233    i.prvHeapInit       heap_4.o
    0x08003ab8   0x08003ab8   0x00000060   Code   RO         3184    i.prvIdleTask       tasks.o
    0x08003b18   0x08003b18   0x00000022   Code   RO         2781    i.prvInitialiseNewQueue  queue.o
    0x08003b3a   0x08003b3a   0x00000002   PAD
    0x08003b3c   0x08003b3c   0x000000b0   Code   RO         3185    i.prvInitialiseNewTask  tasks.o
    0x08003bec   0x08003bec   0x0000004c   Code   RO         4234    i.prvInsertBlockIntoFreeList  heap_4.o
    0x08003c38   0x08003c38   0x00000038   Code   RO         3548    i.prvInsertTimerInActiveList  timers.o
    0x08003c70   0x08003c70   0x0000001c   Code   RO         2782    i.prvIsQueueEmpty   queue.o
    0x08003c8c   0x08003c8c   0x000000fc   Code   RO         3549    i.prvProcessReceivedCommands  timers.o
    0x08003d88   0x08003d88   0x000000c0   Code   RO         3550    i.prvProcessTimerOrBlockTask  timers.o
    0x08003e48   0x08003e48   0x00000020   Code   RO         3187    i.prvResetNextTaskUnblockTime  tasks.o
    0x08003e68   0x08003e68   0x00000028   Code   RO         3551    i.prvSampleTimeNow  timers.o
    0x08003e90   0x08003e90   0x0000006c   Code   RO         3552    i.prvSwitchTimerLists  timers.o
    0x08003efc   0x08003efc   0x00000028   Code   RO         4289    i.prvTaskExitError  port.o
    0x08003f24   0x08003f24   0x00000024   Code   RO         3553    i.prvTimerTask      timers.o
    0x08003f48   0x08003f48   0x0000006a   Code   RO         2783    i.prvUnlockQueue    queue.o
    0x08003fb2   0x08003fb2   0x00000002   PAD
    0x08003fb4   0x08003fb4   0x000000dc   Code   RO         4235    i.pvPortMalloc      heap_4.o
    0x08004090   0x08004090   0x0000002c   Code   RO         4290    i.pxPortInitialiseStack  port.o
    0x080040bc   0x080040bc   0x00000026   Code   RO         2738    i.uxListRemove      list.o
    0x080040e2   0x080040e2   0x00000002   PAD
    0x080040e4   0x080040e4   0x00000014   Code   RO         3793    i.vApplicationGetIdleTaskMemory  cmsis_os2.o
    0x080040f8   0x080040f8   0x00000018   Code   RO         3794    i.vApplicationGetTimerTaskMemory  cmsis_os2.o
    0x08004110   0x08004110   0x00000016   Code   RO         2739    i.vListInitialise   list.o
    0x08004126   0x08004126   0x00000006   Code   RO         2740    i.vListInitialiseItem  list.o
    0x0800412c   0x0800412c   0x00000030   Code   RO         2741    i.vListInsert       list.o
    0x0800415c   0x0800415c   0x00000018   Code   RO         2742    i.vListInsertEnd    list.o
    0x08004174   0x08004174   0x00000040   Code   RO         4292    i.vPortEnterCritical  port.o
    0x080041b4   0x080041b4   0x00000028   Code   RO         4293    i.vPortExitCritical  port.o
    0x080041dc   0x080041dc   0x00000064   Code   RO         4236    i.vPortFree         heap_4.o
    0x08004240   0x08004240   0x00000024   Code   RO         4294    i.vPortSetupTimerInterrupt  port.o
    0x08004264   0x08004264   0x00000054   Code   RO         4295    i.vPortValidateInterruptPriority  port.o
    0x080042b8   0x080042b8   0x00000028   Code   RO         2789    i.vQueueAddToRegistry  queue.o
    0x080042e0   0x080042e0   0x00000044   Code   RO         2793    i.vQueueWaitForMessageRestricted  queue.o
    0x08004324   0x08004324   0x0000004c   Code   RO         3200    i.vTaskDelay        tasks.o
    0x08004370   0x08004370   0x00000010   Code   RO         3205    i.vTaskInternalSetTimeOutState  tasks.o
    0x08004380   0x08004380   0x0000000c   Code   RO         3206    i.vTaskMissedYield  tasks.o
    0x0800438c   0x0800438c   0x00000030   Code   RO         3208    i.vTaskPlaceOnEventList  tasks.o
    0x080043bc   0x080043bc   0x00000038   Code   RO         3209    i.vTaskPlaceOnEventListRestricted  tasks.o
    0x080043f4   0x080043f4   0x00000088   Code   RO         3217    i.vTaskStartScheduler  tasks.o
    0x0800447c   0x0800447c   0x00000010   Code   RO         3219    i.vTaskSuspendAll   tasks.o
    0x0800448c   0x0800448c   0x00000064   Code   RO         3220    i.vTaskSwitchContext  tasks.o
    0x080044f0   0x080044f0   0x000000f4   Code   RO         4296    i.xPortStartScheduler  port.o
    0x080045e4   0x080045e4   0x0000002c   Code   RO         4297    i.xPortSysTickHandler  port.o
    0x08004610   0x08004610   0x00000066   Code   RO         2799    i.xQueueGenericCreateStatic  queue.o
    0x08004676   0x08004676   0x00000002   PAD
    0x08004678   0x08004678   0x00000088   Code   RO         2800    i.xQueueGenericReset  queue.o
    0x08004700   0x08004700   0x00000160   Code   RO         2801    i.xQueueGenericSend  queue.o
    0x08004860   0x08004860   0x000000be   Code   RO         2802    i.xQueueGenericSendFromISR  queue.o
    0x0800491e   0x0800491e   0x00000002   PAD
    0x08004920   0x08004920   0x00000138   Code   RO         2811    i.xQueueReceive     queue.o
    0x08004a58   0x08004a58   0x00000074   Code   RO         3222    i.xTaskCheckForTimeOut  tasks.o
    0x08004acc   0x08004acc   0x0000005a   Code   RO         3223    i.xTaskCreate       tasks.o
    0x08004b26   0x08004b26   0x00000056   Code   RO         3224    i.xTaskCreateStatic  tasks.o
    0x08004b7c   0x08004b7c   0x0000001c   Code   RO         3228    i.xTaskGetSchedulerState  tasks.o
    0x08004b98   0x08004b98   0x0000000c   Code   RO         3229    i.xTaskGetTickCount  tasks.o
    0x08004ba4   0x08004ba4   0x000000c8   Code   RO         3231    i.xTaskIncrementTick  tasks.o
    0x08004c6c   0x08004c6c   0x00000080   Code   RO         3234    i.xTaskPriorityDisinherit  tasks.o
    0x08004cec   0x08004cec   0x00000070   Code   RO         3236    i.xTaskRemoveFromEventList  tasks.o
    0x08004d5c   0x08004d5c   0x000000c4   Code   RO         3237    i.xTaskResumeAll    tasks.o
    0x08004e20   0x08004e20   0x00000060   Code   RO         3562    i.xTimerCreateTimerTask  timers.o
    0x08004e80   0x08004e80   0x00000068   Code   RO         3563    i.xTimerGenericCommand  timers.o
    0x08004ee8   0x08004ee8   0x0000002c   Code   RO         5122    locale$$code        c_w.l(lc_numeric_c.o)
    0x08004f14   0x08004f14   0x0000002c   Code   RO         5149    locale$$code        c_w.l(lc_ctype_c.o)
    0x08004f40   0x08004f40   0x0000000a   Code   RO         5217    x$fpl$fpinit        fz_wm.l(fpinit.o)
    0x08004f4a   0x08004f4a   0x00000004   Code   RO         5047    x$fpl$printf1       fz_wm.l(printf1.o)
    0x08004f4e   0x08004f4e   0x00000004   Code   RO         5049    x$fpl$printf2       fz_wm.l(printf2.o)
    0x08004f52   0x08004f52   0x00000000   Code   RO         5138    x$fpl$usenofp       fz_wm.l(usenofp.o)
    0x08004f52   0x08004f52   0x00000002   PAD
    0x08004f54   0x08004f54   0x00000024   Data   RO          221    .constdata          freertos.o
    0x08004f78   0x08004f78   0x00000010   Data   RO         2574    .constdata          system_stm32f4xx.o
    0x08004f88   0x08004f88   0x00000008   Data   RO         2575    .constdata          system_stm32f4xx.o
    0x08004f90   0x08004f90   0x000000e2   Data   RO         4721    .constdata          elog.o
    0x08005072   0x08005072   0x00000023   Data   RO         4884    .constdata          elog_utils.o
    0x08005095   0x08005095   0x00000028   Data   RO         4943    .constdata          c_w.l(_printf_hex_int_ll_ptr.o)
    0x080050bd   0x080050bd   0x00000011   Data   RO         4963    .constdata          c_w.l(__printf_flags_ss_wp.o)
    0x080050ce   0x080050ce   0x00000002   PAD
    0x080050d0   0x080050d0   0x00000008   Data   RO         5016    .constdata          c_w.l(_printf_wctomb.o)
    0x080050d8   0x080050d8   0x00000026   Data   RO         5077    .constdata          c_w.l(_printf_fp_hex.o)
    0x080050fe   0x080050fe   0x00000002   PAD
    0x08005100   0x08005100   0x00000094   Data   RO         5097    .constdata          c_w.l(bigflt0.o)
    0x08005194   0x08005194   0x0000000c   Data   RO          222    .conststring        freertos.o
    0x080051a0   0x080051a0   0x00000047   Data   RO         4722    .conststring        elog.o
    0x080051e7   0x080051e7   0x00000001   PAD
    0x080051e8   0x080051e8   0x00000020   Data   RO         5275    Region$$Table       anon$$obj.o
    0x08005208   0x08005208   0x0000001c   Data   RO         5121    locale$$data        c_w.l(lc_numeric_c.o)
    0x08005224   0x08005224   0x00000110   Data   RO         5148    locale$$data        c_w.l(lc_ctype_c.o)


    Execution Region RW_IRAM1 (Exec base: 0x20000000, Load base: 0x08005334, Size: 0x000059f8, Max: 0x00020000, ABSOLUTE)

    Exec Addr    Load Addr    Size         Type   Attr      Idx    E Section Name        Object

    0x20000000   0x08005334   0x00000004   Data   RW          223    .data               freertos.o
    0x20000004   0x08005338   0x0000000c   Data   RW         1368    .data               stm32f4xx_hal.o
    0x20000010   0x08005344   0x00000004   Data   RW         2576    .data               system_stm32f4xx.o
    0x20000014   0x08005348   0x0000003c   Data   RW         3240    .data               tasks.o
    0x20000050   0x08005384   0x00000014   Data   RW         3571    .data               timers.o
    0x20000064   0x08005398   0x00000004   Data   RW         3796    .data               cmsis_os2.o
    0x20000068   0x0800539c   0x00000020   Data   RW         4242    .data               heap_4.o
    0x20000088   0x080053bc   0x0000000c   Data   RW         4298    .data               port.o
    0x20000094   0x080053c8   0x00000034   Data   RW         4723    .data               elog.o
    0x200000c8        -       0x00000048   Zero   RW          353    .bss                stm32f4xx_hal_timebase_tim.o
    0x20000110        -       0x00000040   Zero   RW         2815    .bss                queue.o
    0x20000150        -       0x000004c4   Zero   RW         3239    .bss                tasks.o
    0x20000614        -       0x00000118   Zero   RW         3570    .bss                timers.o
    0x2000072c        -       0x000006b8   Zero   RW         3795    .bss                cmsis_os2.o
    0x20000de4        -       0x00003c00   Zero   RW         4241    .bss                heap_4.o
    0x200049e4        -       0x000004b8   Zero   RW         4401    .bss                segger_rtt.o
    0x20004e9c        -       0x000004f8   Zero   RW         4720    .bss                elog.o
    0x20005394        -       0x00000060   Zero   RW         5142    .bss                c_w.l(libspace.o)
    0x200053f4   0x080053fc   0x00000004   PAD
    0x200053f8        -       0x00000200   Zero   RW            2    HEAP                startup_stm32f411xe.o
    0x200055f8        -       0x00000400   Zero   RW            1    STACK               startup_stm32f411xe.o


==============================================================================

Image component sizes


      Code (inc. data)   RO Data    RW Data    ZI Data      Debug   Object Name

       326         22          0          4       1720      66651   cmsis_os2.o
      2092        716        297         52       1272      19201   elog.o
        24          0          0          0          0       4237   elog_port.o
       240         92         35          0          0       2977   elog_utils.o
         0          0          0          0          0      19920   event_groups.o
        40         14         48          4          0       2077   freertos.o
        44          6          0          0          0        987   gpio.o
       472         24          0         32      15360       5427   heap_4.o
       138          0          0          0          0       4110   list.o
       240          8          0          0          0     424827   main.o
       786         82          0         12          0      12633   port.o
      1514         20          0          0         64      18824   queue.o
       430         40          0          0       1208      10054   segger_rtt.o
        64         26        408          0       1536        936   startup_stm32f411xe.o
        80         14          0         12          0       8502   stm32f4xx_hal.o
       158         14          0          0          0      33626   stm32f4xx_hal_cortex.o
        56          4          0          0          0       1054   stm32f4xx_hal_msp.o
      1380         74          0          0          0       5866   stm32f4xx_hal_rcc.o
       718         50          0          0          0       8264   stm32f4xx_hal_tim.o
         4          0          0          0          0       1885   stm32f4xx_hal_tim_ex.o
       152         18          0          0         72       1763   stm32f4xx_hal_timebase_tim.o
        24          6          0          0          0       3911   stm32f4xx_it.o
         0          0          0          0          0        392   stream_buffer.o
        16          4         24          4          0       1411   system_stm32f4xx.o
      2084        168          0         60       1220      29348   tasks.o
       972         80          0         20        280      33727   timers.o

    ----------------------------------------------------------------------
     12080       1482        845        200      22732     722610   Object Totals
         0          0         32          0          0          0   (incl. Generated)
        26          0          1          0          0          0   (incl. Padding)

    ----------------------------------------------------------------------

      Code (inc. data)   RO Data    RW Data    ZI Data      Debug   Library Member Name

        56          6          0          0          0         88   __2snprintf.o
         8          0          0          0          0         68   __main.o
       392          4         17          0          0         92   __printf_flags_ss_wp.o
        14          0          0          0          0         68   __printf_wp.o
         0          0          0          0          0          0   __rtentry.o
        12          0          0          0          0          0   __rtentry2.o
         6          0          0          0          0          0   __rtentry4.o
        52          8          0          0          0          0   __scatter.o
        26          0          0          0          0          0   __scatter_copy.o
        28          0          0          0          0          0   __scatter_zi.o
         6          0          0          0          0          0   _printf_a.o
         6          0          0          0          0          0   _printf_c.o
        44          0          0          0          0        108   _printf_char.o
        48          6          0          0          0         96   _printf_char_common.o
        40          0          0          0          0         68   _printf_charcount.o
         6          0          0          0          0          0   _printf_d.o
       120         16          0          0          0         92   _printf_dec.o
         6          0          0          0          0          0   _printf_e.o
         6          0          0          0          0          0   _printf_f.o
      1054          0          0          0          0        216   _printf_fp_dec.o
       764          8         38          0          0        100   _printf_fp_hex.o
       128         16          0          0          0         84   _printf_fp_infnan.o
         6          0          0          0          0          0   _printf_g.o
       148          4         40          0          0        160   _printf_hex_int_ll_ptr.o
         6          0          0          0          0          0   _printf_i.o
       178          0          0          0          0         88   _printf_intcommon.o
        10          0          0          0          0          0   _printf_l.o
         6          0          0          0          0          0   _printf_lc.o
        10          0          0          0          0          0   _printf_ll.o
         6          0          0          0          0          0   _printf_lld.o
         6          0          0          0          0          0   _printf_lli.o
         6          0          0          0          0          0   _printf_llo.o
         6          0          0          0          0          0   _printf_llu.o
         6          0          0          0          0          0   _printf_llx.o
       124         16          0          0          0         92   _printf_longlong_dec.o
         6          0          0          0          0          0   _printf_ls.o
         6          0          0          0          0          0   _printf_n.o
         6          0          0          0          0          0   _printf_o.o
       112         10          0          0          0        124   _printf_oct_int_ll.o
         6          0          0          0          0          0   _printf_p.o
        78          0          0          0          0        108   _printf_pad.o
         0          0          0          0          0          0   _printf_percent.o
         4          0          0          0          0          0   _printf_percent_end.o
         6          0          0          0          0          0   _printf_s.o
        82          0          0          0          0         80   _printf_str.o
        36          0          0          0          0         84   _printf_truncate.o
         6          0          0          0          0          0   _printf_u.o
        44          0          0          0          0        108   _printf_wchar.o
       188          6          8          0          0         92   _printf_wctomb.o
         6          0          0          0          0          0   _printf_x.o
        16          0          0          0          0         68   _snputc.o
        10          0          0          0          0         68   _sputc.o
        64          0          0          0          0         92   _wcrtomb.o
        16          0          0          0          0         68   aeabi_memset.o
       228          4        148          0          0         96   bigflt0.o
      1936        128          0          0          0        672   btod.o
        18          0          0          0          0         80   exit.o
         6          0          0          0          0        152   heapauxi.o
         0          0          0          0          0          0   indicate_semi.o
        44         10        272          0          0         76   lc_ctype_c.o
        44         10         28          0          0         76   lc_numeric_c.o
         2          0          0          0          0          0   libinit.o
        34          0          0          0          0          0   libinit2.o
         2          0          0          0          0          0   libshutdown.o
         2          0          0          0          0          0   libshutdown2.o
         8          4          0          0         96         68   libspace.o
       138          0          0          0          0         80   lludiv10.o
       238          0          0          0          0        100   lludivv7m.o
        16          4          0          0          0         76   rt_ctype_table.o
         8          4          0          0          0         68   rt_locale_intlibspace.o
        68          0          0          0          0         68   rt_memclr.o
        78          0          0          0          0         80   rt_memclr_w.o
       138          0          0          0          0         68   rt_memcpy_v6.o
       100          0          0          0          0         80   rt_memcpy_w.o
         2          0          0          0          0          0   rtexit.o
        10          0          0          0          0          0   rtexit2.o
       128          0          0          0          0         68   strcmpv7m.o
        72          0          0          0          0         80   strcpy.o
        62          0          0          0          0         76   strlen.o
       150          0          0          0          0         80   strncmp.o
        36          0          0          0          0         80   strstr.o
        12          4          0          0          0         68   sys_exit.o
        74          0          0          0          0         80   sys_stackheap_outer.o
         2          0          0          0          0         68   use_no_semi.o
        52          4          0          0          0         80   vsnprintf.o
        10          0          0          0          0        116   fpinit.o
         4          0          0          0          0        116   printf1.o
         4          0          0          0          0        116   printf2.o
         0          0          0          0          0          0   usenofp.o
        48          0          0          0          0        124   fpclassify.o

    ----------------------------------------------------------------------
      7820        272        555          0        100       5304   Library Totals
        14          0          4          0          4          0   (incl. Padding)

    ----------------------------------------------------------------------

      Code (inc. data)   RO Data    RW Data    ZI Data      Debug   Library Name

      7740        272        551          0         96       4832   c_w.l
        18          0          0          0          0        348   fz_wm.l
        48          0          0          0          0        124   m_wm.l

    ----------------------------------------------------------------------
      7820        272        555          0        100       5304   Library Totals

    ----------------------------------------------------------------------

==============================================================================


      Code (inc. data)   RO Data    RW Data    ZI Data      Debug   

     19900       1754       1400        200      22832     712310   Grand Totals
     19900       1754       1400        200      22832     712310   ELF Image Totals
     19900       1754       1400        200          0          0   ROM Totals

==============================================================================

    Total RO  Size (Code + RO Data)                21300 (  20.80kB)
    Total RW  Size (RW Data + ZI Data)             23032 (  22.49kB)
    Total ROM Size (Code + RO Data + RW Data)      21500 (  21.00kB)

==============================================================================

