Component: ARM Compiler 5.06 update 7 (build 960) Tool: armlink [4d3601]

==============================================================================

Section Cross References

    main.o(i.Delay) refers to main.o(.data) for uwTimingDelay
    main.o(i.TimingDelay_Decrement) refers to main.o(.data) for uwTimingDelay
    main.o(i.main) refers to stm32f4xx_rcc.o(i.RCC_ClockSecuritySystemCmd) for RCC_ClockSecuritySystemCmd
    main.o(i.main) refers to system_stm32f4xx.o(i.SystemCoreClockUpdate) for SystemCoreClockUpdate
    main.o(i.main) refers to stm32f4xx_rcc.o(i.RCC_GetClocksFreq) for RCC_GetClocksFreq
    main.o(i.main) refers to gpio.o(i.Key_IO_Init) for Key_IO_Init
    main.o(i.main) refers to gpio.o(i.Led_IO_Init) for Led_IO_Init
    main.o(i.main) refers to usart.o(i.USART1_Init) for USART1_Init
    main.o(i.main) refers to debug.o(i.app_elog_init) for app_elog_init
    main.o(i.main) refers to elog.o(i.elog_output) for elog_output
    main.o(i.main) refers to boot_manager.o(i.JumpToApp) for JumpToApp
    main.o(i.main) refers to spi.o(i.SPI1_Init) for SPI1_Init
    main.o(i.main) refers to w25qxx_handler.o(i.W25Q64_Init) for W25Q64_Init
    main.o(i.main) refers to gpio.o(i.Key_Scan) for Key_Scan
    main.o(i.main) refers to ymodem.o(i.Ymodem_Receive) for Ymodem_Receive
    main.o(i.main) refers to boot_manager.o(i.BackToApp) for BackToApp
    main.o(i.main) refers to main.o(i.Delay) for Delay
    main.o(i.main) refers to main.o(.bss) for RCC_Clocks
    main.o(i.main) refers to main.o(.constdata) for __FUNCTION__
    main.o(i.main) refers to main.o(.data) for fil_size
    tim.o(i.TIM3_IT_Update_Callback) refers to stm32f4xx_gpio.o(i.GPIO_SetBits) for GPIO_SetBits
    tim.o(i.TIM3_IT_Update_Callback) refers to stm32f4xx_gpio.o(i.GPIO_ResetBits) for GPIO_ResetBits
    tim.o(i.TIM3_IT_Update_Callback) refers to tim.o(.data) for timeflag
    tim.o(i.TIM_Config) refers to stm32f4xx_rcc.o(i.RCC_APB1PeriphClockCmd) for RCC_APB1PeriphClockCmd
    tim.o(i.TIM_Config) refers to misc.o(i.NVIC_Init) for NVIC_Init
    tim.o(i.TIM_Config) refers to stm32f4xx_tim.o(i.TIM_TimeBaseInit) for TIM_TimeBaseInit
    tim.o(i.TIM_Config) refers to stm32f4xx_tim.o(i.TIM_PrescalerConfig) for TIM_PrescalerConfig
    tim.o(i.TIM_Config) refers to stm32f4xx_tim.o(i.TIM_ITConfig) for TIM_ITConfig
    tim.o(i.TIM_Config) refers to stm32f4xx_tim.o(i.TIM_Cmd) for TIM_Cmd
    tim.o(i.TIM_Config) refers to system_stm32f4xx.o(.data) for SystemCoreClock
    stm32f4xx_it.o(i.SysTick_Handler) refers to main.o(i.TimingDelay_Decrement) for TimingDelay_Decrement
    stm32f4xx_it.o(i.SysTick_Handler) refers to stm32f4xx_it.o(.data) for SysTickUptime
    stm32f4xx_it.o(i.TIM3_IRQHandler) refers to stm32f4xx_tim.o(i.TIM_GetITStatus) for TIM_GetITStatus
    stm32f4xx_it.o(i.TIM3_IRQHandler) refers to stm32f4xx_tim.o(i.TIM_ClearITPendingBit) for TIM_ClearITPendingBit
    stm32f4xx_it.o(i.TIM3_IRQHandler) refers to tim.o(i.TIM3_IT_Update_Callback) for TIM3_IT_Update_Callback
    gpio.o(i.Breathing_light) refers to stm32f4xx_gpio.o(i.GPIO_SetBits) for GPIO_SetBits
    gpio.o(i.Breathing_light) refers to stm32f4xx_gpio.o(i.GPIO_ResetBits) for GPIO_ResetBits
    gpio.o(i.Breathing_light) refers to main.o(i.Delay) for Delay
    gpio.o(i.Breathing_light) refers to gpio.o(.data) for timeflag
    gpio.o(i.Key_IO_Init) refers to stm32f4xx_rcc.o(i.RCC_AHB1PeriphClockCmd) for RCC_AHB1PeriphClockCmd
    gpio.o(i.Key_IO_Init) refers to stm32f4xx_gpio.o(i.GPIO_Init) for GPIO_Init
    gpio.o(i.Key_Scan) refers to stm32f4xx_gpio.o(i.GPIO_ReadInputDataBit) for GPIO_ReadInputDataBit
    gpio.o(i.Key_Scan) refers to main.o(i.Delay) for Delay
    gpio.o(i.Led_IO_Init) refers to stm32f4xx_rcc.o(i.RCC_AHB1PeriphClockCmd) for RCC_AHB1PeriphClockCmd
    gpio.o(i.Led_IO_Init) refers to stm32f4xx_gpio.o(i.GPIO_Init) for GPIO_Init
    usart.o(i.GPIO_Configuration) refers to stm32f4xx_gpio.o(i.GPIO_Init) for GPIO_Init
    usart.o(i.GPIO_Configuration) refers to stm32f4xx_gpio.o(i.GPIO_PinAFConfig) for GPIO_PinAFConfig
    usart.o(i.RCC_Configuration) refers to stm32f4xx_rcc.o(i.RCC_AHB1PeriphClockCmd) for RCC_AHB1PeriphClockCmd
    usart.o(i.RCC_Configuration) refers to stm32f4xx_rcc.o(i.RCC_APB2PeriphClockCmd) for RCC_APB2PeriphClockCmd
    usart.o(i.USART1_Init) refers to usart.o(i.RCC_Configuration) for RCC_Configuration
    usart.o(i.USART1_Init) refers to usart.o(i.GPIO_Configuration) for GPIO_Configuration
    usart.o(i.USART1_Init) refers to usart.o(i.USART_Configuration) for USART_Configuration
    usart.o(i.USART_Configuration) refers to stm32f4xx_usart.o(i.USART_Init) for USART_Init
    usart.o(i.USART_Configuration) refers to stm32f4xx_usart.o(i.USART_Cmd) for USART_Cmd
    usart.o(i.USART_ReceiveChar) refers to stm32f4xx_usart.o(i.USART_GetFlagStatus) for USART_GetFlagStatus
    usart.o(i.USART_ReceiveChar) refers to stm32f4xx_usart.o(i.USART_ReceiveData) for USART_ReceiveData
[...]
    timecount                                0x2000000d   Data           1  tim.o(.data)
    .data                                    0x20000010   Section        4  stm32f4xx_it.o(.data)
    .data                                    0x20000014   Section       20  system_stm32f4xx.o(.data)
    .data                                    0x20000028   Section       16  stm32f4xx_rcc.o(.data)
    APBAHBPrescTable                         0x20000028   Data          16  stm32f4xx_rcc.o(.data)
    .data                                    0x20000038   Section       52  elog.o(.data)
    level_output_info                        0x20000038   Data          24  elog.o(.data)
    color_output_info                        0x20000050   Data          24  elog.o(.data)
    .data                                    0x2000006c   Section       56  boot_manager.o(.data)
    .data                                    0x200000a4   Section       24  ymodem.o(.data)
    .bss                                     0x200000bc   Section     1040  main.o(.bss)
    .bss                                     0x200004cc   Section     1272  elog.o(.bss)
    elog                                     0x200004cc   Data         248  elog.o(.bss)
    log_buf                                  0x200005c4   Data        1024  elog.o(.bss)
    .bss                                     0x200009c4   Section     1208  segger_rtt.o(.bss)
    _acUpBuffer                              0x20000a6c   Data        1024  segger_rtt.o(.bss)
    _acDownBuffer                            0x20000e6c   Data          16  segger_rtt.o(.bss)
    .bss                                     0x20000e7c   Section     4096  boot_manager.o(.bss)
    .bss                                     0x20001e7c   Section      256  ymodem.o(.bss)
    .bss                                     0x20001f7c   Section      256  aes.o(.bss)
    Round_Key                                0x20001f7c   Data         256  aes.o(.bss)
    .bss                                     0x2000207c   Section       28  w25qxx.o(.bss)
    .bss                                     0x20002098   Section     4116  w25qxx_handler.o(.bss)
    s_st_W25Q_Handler_1                      0x20002098   Data        4116  w25qxx_handler.o(.bss)
    .bss                                     0x200030ac   Section       96  libspace.o(.bss)
    HEAP                                     0x20003110   Section      512  startup_stm32f411xe.o(HEAP)
    Heap_Mem                                 0x20003110   Data         512  startup_stm32f411xe.o(HEAP)
    STACK                                    0x20003310   Section     1024  startup_stm32f411xe.o(STACK)
    Stack_Mem                                0x20003310   Data        1024  startup_stm32f411xe.o(STACK)
    __initial_sp                             0x20003710   Data           0  startup_stm32f411xe.o(STACK)

    Global Symbols

    Symbol Name                              Value     Ov Type        Size  Object(Section)

    BuildAttributes$$THM_ISAv4$E$P$D$K$B$S$7EM$VFPi3$EXTD16$VFPS$VFMA$PE$A:L22UL41UL21$X:L11$S22US41US21$IEEE1$IW$USESV6$~STKCKD$USESV7$~SHL$OTIME$ROPI$IEEEX$EBA8$UX$STANDARDLIB$REQ8$PRES8$EABIv2 0x00000000   Number         0  anon$$obj.o ABSOLUTE
    __ARM_use_no_argv                        0x00000000   Number         0  main.o ABSOLUTE
    _printf_flags                            0x00000000   Number         0  printf_stubs.o ABSOLUTE
    _printf_return_value                     0x00000000   Number         0  printf_stubs.o ABSOLUTE
    _printf_sizespec                         0x00000000   Number         0  printf_stubs.o ABSOLUTE
    _printf_widthprec                        0x00000000   Number         0  printf_stubs.o ABSOLUTE
    __ARM_exceptions_init                     - Undefined Weak Reference
    __alloca_initialize                       - Undefined Weak Reference
    __arm_fini_                               - Undefined Weak Reference
    __arm_preinit_                            - Undefined Weak Reference
    __cpp_initialize__aeabi_                  - Undefined Weak Reference
    __cxa_finalize                            - Undefined Weak Reference
    __sigvec_lookup                           - Undefined Weak Reference
    _atexit_init                              - Undefined Weak Reference
    _call_atexit_fns                          - Undefined Weak Reference
    _clock_init                               - Undefined Weak Reference
    _fp_trap_init                             - Undefined Weak Reference
    _fp_trap_shutdown                         - Undefined Weak Reference
    _get_lc_collate                           - Undefined Weak Reference
    _get_lc_monetary                          - Undefined Weak Reference
    _get_lc_time                              - Undefined Weak Reference
    _getenv_init                              - Undefined Weak Reference
    _handle_redirection                       - Undefined Weak Reference
    _init_alloc                               - Undefined Weak Reference
    _init_user_alloc                          - Undefined Weak Reference
    _initio                                   - Undefined Weak Reference
    _printf_mbtowc                            - Undefined Weak Reference
    _printf_wc                                - Undefined Weak Reference
    _rand_init                                - Undefined Weak Reference
    _signal_finish                            - Undefined Weak Reference
    _signal_init                              - Undefined Weak Reference
    _terminate_alloc                          - Undefined Weak Reference
    _terminate_user_alloc                     - Undefined Weak Reference
    _terminateio                              - Undefined Weak Reference
    __Vectors_Size                           0x00000198   Number         0  startup_stm32f411xe.o ABSOLUTE
    __Vectors                                0x08008000   Data           4  startup_stm32f411xe.o(RESET)
    __Vectors_End                            0x08008198   Data           0  startup_stm32f411xe.o(RESET)
    __main                                   0x08008199   Thumb Code     8  __main.o(!!!main)
    __scatterload                            0x080081a1   Thumb Code     0  __scatter.o(!!!scatter)
    __scatterload_rt2                        0x080081a1   Thumb Code    44  __scatter.o(!!!scatter)
    __scatterload_rt2_thumb_only             0x080081a1   Thumb Code     0  __scatter.o(!!!scatter)
    __scatterload_null                       0x080081af   Thumb Code     0  __scatter.o(!!!scatter)
    __scatterload_copy                       0x080081d5   Thumb Code    26  __scatter_copy.o(!!handler_copy)
    __scatterload_zeroinit                   0x080081f1   Thumb Code    28  __scatter_zi.o(!!handler_zi)
    _printf_n                                0x0800820d   Thumb Code     0  _printf_n.o(.ARM.Collect$$_printf_percent$$00000001)
    _printf_percent                          0x0800820d   Thumb Code     0  _printf_percent.o(.ARM.Collect$$_printf_percent$$00000000)
    _printf_p                                0x08008213   Thumb Code     0  _printf_p.o(.ARM.Collect$$_printf_percent$$00000002)
    _printf_f                                0x08008219   Thumb Code     0  _printf_f.o(.ARM.Collect$$_printf_percent$$00000003)
    _printf_e                                0x0800821f   Thumb Code     0  _printf_e.o(.ARM.Collect$$_printf_percent$$00000004)
    _printf_g                                0x08008225   Thumb Code     0  _printf_g.o(.ARM.Collect$$_printf_percent$$00000005)
    _printf_a                                0x0800822b   Thumb Code     0  _printf_a.o(.ARM.Collect$$_printf_percent$$00000006)
    _printf_ll                               0x08008231   Thumb Code     0  _printf_ll.o(.ARM.Collect$$_printf_percent$$00000007)
    _printf_i                                0x0800823b   Thumb Code     0  _printf_i.o(.ARM.Collect$$_printf_percent$$00000008)
    _printf_d                                0x08008241   Thumb Code     0  _printf_d.o(.ARM.Collect$$_printf_percent$$00000009)
    _printf_u                                0x08008247   Thumb Code     0  _printf_u.o(.ARM.Collect$$_printf_percent$$0000000A)
    _printf_o                                0x0800824d   Thumb Code     0  _printf_o.o(.ARM.Collect$$_printf_percent$$0000000B)
    _printf_x                                0x08008253   Thumb Code     0  _printf_x.o(.ARM.Collect$$_printf_percent$$0000000C)
    _printf_lli                              0x08008259   Thumb Code     0  _printf_lli.o(.ARM.Collect$$_printf_percent$$0000000D)
    _printf_lld                              0x0800825f   Thumb Code     0  _printf_lld.o(.ARM.Collect$$_printf_percent$$0000000E)
    _printf_llu                              0x08008265   Thumb Code     0  _printf_llu.o(.ARM.Collect$$_printf_percent$$0000000F)
    _printf_llo                              0x0800826b   Thumb Code     0  _printf_llo.o(.ARM.Collect$$_printf_percent$$00000010)
    _printf_llx                              0x08008271   Thumb Code     0  _printf_llx.o(.ARM.Collect$$_printf_percent$$00000011)
    _printf_l                                0x08008277   Thumb Code     0  _printf_l.o(.ARM.Collect$$_printf_percent$$00000012)
    _printf_c                                0x08008281   Thumb Code     0  _printf_c.o(.ARM.Collect$$_printf_percent$$00000013)
    _printf_s                                0x08008287   Thumb Code     0  _printf_s.o(.ARM.Collect$$_printf_percent$$00000014)
    _printf_lc                               0x0800828d   Thumb Code     0  _printf_lc.o(.ARM.Collect$$_printf_percent$$00000015)
    _printf_ls                               0x08008293   Thumb Code     0  _printf_ls.o(.ARM.Collect$$_printf_percent$$00000016)
    _printf_percent_end                      0x08008299   Thumb Code     0  _printf_percent_end.o(.ARM.Collect$$_printf_percent$$00000017)
    __rt_lib_init                            0x0800829d   Thumb Code     0  libinit.o(.ARM.Collect$$libinit$$00000000)
    __rt_lib_init_fp_1                       0x0800829f   Thumb Code     0  libinit2.o(.ARM.Collect$$libinit$$00000001)
    __rt_lib_init_heap_1                     0x080082a3   Thumb Code     0  libinit2.o(.ARM.Collect$$libinit$$0000000A)
    __rt_lib_init_lc_common                  0x080082a3   Thumb Code     0  libinit2.o(.ARM.Collect$$libinit$$0000000F)
    __rt_lib_init_preinit_1                  0x080082a3   Thumb Code     0  libinit2.o(.ARM.Collect$$libinit$$00000004)
    __rt_lib_init_rand_1                     0x080082a3   Thumb Code     0  libinit2.o(.ARM.Collect$$libinit$$0000000E)
    __rt_lib_init_user_alloc_1               0x080082a3   Thumb Code     0  libinit2.o(.ARM.Collect$$libinit$$0000000C)
    __rt_lib_init_lc_collate_1               0x080082a9   Thumb Code     0  libinit2.o(.ARM.Collect$$libinit$$00000011)
    __rt_lib_init_lc_ctype_2                 0x080082a9   Thumb Code     0  libinit2.o(.ARM.Collect$$libinit$$00000012)
    __rt_lib_init_lc_ctype_1                 0x080082b5   Thumb Code     0  libinit2.o(.ARM.Collect$$libinit$$00000013)
    __rt_lib_init_lc_monetary_1              0x080082b5   Thumb Code     0  libinit2.o(.ARM.Collect$$libinit$$00000015)
    __rt_lib_init_lc_numeric_2               0x080082b5   Thumb Code     0  libinit2.o(.ARM.Collect$$libinit$$00000016)
    __rt_lib_init_alloca_1                   0x080082bf   Thumb Code     0  libinit2.o(.ARM.Collect$$libinit$$0000002E)
    __rt_lib_init_argv_1                     0x080082bf   Thumb Code     0  libinit2.o(.ARM.Collect$$libinit$$0000002C)
    __rt_lib_init_atexit_1                   0x080082bf   Thumb Code     0  libinit2.o(.ARM.Collect$$libinit$$0000001B)
    __rt_lib_init_clock_1                    0x080082bf   Thumb Code     0  libinit2.o(.ARM.Collect$$libinit$$00000021)
    __rt_lib_init_cpp_1                      0x080082bf   Thumb Code     0  libinit2.o(.ARM.Collect$$libinit$$00000032)
    __rt_lib_init_exceptions_1               0x080082bf   Thumb Code     0  libinit2.o(.ARM.Collect$$libinit$$00000030)
    __rt_lib_init_fp_trap_1                  0x080082bf   Thumb Code     0  libinit2.o(.ARM.Collect$$libinit$$0000001F)
    __rt_lib_init_getenv_1                   0x080082bf   Thumb Code     0  libinit2.o(.ARM.Collect$$libinit$$00000023)
    __rt_lib_init_lc_numeric_1               0x080082bf   Thumb Code     0  libinit2.o(.ARM.Collect$$libinit$$00000017)
    __rt_lib_init_lc_time_1                  0x080082bf   Thumb Code     0  libinit2.o(.ARM.Collect$$libinit$$00000019)
    __rt_lib_init_return                     0x080082bf   Thumb Code     0  libinit2.o(.ARM.Collect$$libinit$$00000033)
    __rt_lib_init_signal_1                   0x080082bf   Thumb Code     0  libinit2.o(.ARM.Collect$$libinit$$0000001D)
    __rt_lib_init_stdio_1                    0x080082bf   Thumb Code     0  libinit2.o(.ARM.Collect$$libinit$$00000025)
    __rt_lib_shutdown                        0x080082c1   Thumb Code     0  libshutdown.o(.ARM.Collect$$libshutdown$$00000000)
    __rt_lib_shutdown_cpp_1                  0x080082c3   Thumb Code     0  libshutdown2.o(.ARM.Collect$$libshutdown$$00000004)
    __rt_lib_shutdown_fini_1                 0x080082c3   Thumb Code     0  libshutdown2.o(.ARM.Collect$$libshutdown$$00000002)
    __rt_lib_shutdown_fp_trap_1              0x080082c3   Thumb Code     0  libshutdown2.o(.ARM.Collect$$libshutdown$$00000009)
    __rt_lib_shutdown_heap_1                 0x080082c3   Thumb Code     0  libshutdown2.o(.ARM.Collect$$libshutdown$$00000011)
    __rt_lib_shutdown_return                 0x080082c3   Thumb Code     0  libshutdown2.o(.ARM.Collect$$libshutdown$$00000012)
    __rt_lib_shutdown_signal_1               0x080082c3   Thumb Code     0  libshutdown2.o(.ARM.Collect$$libshutdown$$0000000C)
    __rt_lib_shutdown_stdio_1                0x080082c3   Thumb Code     0  libshutdown2.o(.ARM.Collect$$libshutdown$$00000006)
    __rt_lib_shutdown_user_alloc_1           0x080082c3   Thumb Code     0  libshutdown2.o(.ARM.Collect$$libshutdown$$0000000E)
    __rt_entry                               0x080082c5   Thumb Code     0  __rtentry.o(.ARM.Collect$$rtentry$$00000000)
    __rt_entry_presh_1                       0x080082c5   Thumb Code     0  __rtentry2.o(.ARM.Collect$$rtentry$$00000002)
    __rt_entry_sh                            0x080082c5   Thumb Code     0  __rtentry4.o(.ARM.Collect$$rtentry$$00000004)
    __rt_entry_li                            0x080082cb   Thumb Code     0  __rtentry2.o(.ARM.Collect$$rtentry$$0000000A)
    __rt_entry_postsh_1                      0x080082cb   Thumb Code     0  __rtentry2.o(.ARM.Collect$$rtentry$$00000009)
    __rt_entry_main                          0x080082cf   Thumb Code     0  __rtentry2.o(.ARM.Collect$$rtentry$$0000000D)
    __rt_entry_postli_1                      0x080082cf   Thumb Code     0  __rtentry2.o(.ARM.Collect$$rtentry$$0000000C)
    __rt_exit                                0x080082d7   Thumb Code     0  rtexit.o(.ARM.Collect$$rtexit$$00000000)
    __rt_exit_ls                             0x080082d9   Thumb Code     0  rtexit2.o(.ARM.Collect$$rtexit$$00000003)
    __rt_exit_prels_1                        0x080082d9   Thumb Code     0  rtexit2.o(.ARM.Collect$$rtexit$$00000002)
    __rt_exit_exit                           0x080082dd   Thumb Code     0  rtexit2.o(.ARM.Collect$$rtexit$$00000004)
    Reset_Handler                            0x080082e5   Thumb Code     8  startup_stm32f411xe.o(.text)
    ADC_IRQHandler                           0x080082ff   Thumb Code     0  startup_stm32f411xe.o(.text)
    DMA1_Stream0_IRQHandler                  0x080082ff   Thumb Code     0  startup_stm32f411xe.o(.text)
    DMA1_Stream1_IRQHandler                  0x080082ff   Thumb Code     0  startup_stm32f411xe.o(.text)
    DMA1_Stream2_IRQHandler                  0x080082ff   Thumb Code     0  startup_stm32f411xe.o(.text)
    DMA1_Stream3_IRQHandler                  0x080082ff   Thumb Code     0  startup_stm32f411xe.o(.text)
    DMA1_Stream4_IRQHandler                  0x080082ff   Thumb Code     0  startup_stm32f411xe.o(.text)
    DMA1_Stream5_IRQHandler                  0x080082ff   Thumb Code     0  startup_stm32f411xe.o(.text)
    DMA1_Stream6_IRQHandler                  0x080082ff   Thumb Code     0  startup_stm32f411xe.o(.text)
    DMA1_Stream7_IRQHandler                  0x080082ff   Thumb Code     0  startup_stm32f411xe.o(.text)
    DMA2_Stream0_IRQHandler                  0x080082ff   Thumb Code     0  startup_stm32f411xe.o(.text)
    DMA2_Stream1_IRQHandler                  0x080082ff   Thumb Code     0  startup_stm32f411xe.o(.text)
    DMA2_Stream2_IRQHandler                  0x080082ff   Thumb Code     0  startup_stm32f411xe.o(.text)
    DMA2_Stream3_IRQHandler                  0x080082ff   Thumb Code     0  startup_stm32f411xe.o(.text)
    DMA2_Stream4_IRQHandler                  0x080082ff   Thumb Code     0  startup_stm32f411xe.o(.text)
    DMA2_Stream5_IRQHandler                  0x080082ff   Thumb Code     0  startup_stm32f411xe.o(.text)
    DMA2_Stream6_IRQHandler                  0x080082ff   Thumb Code     0  startup_stm32f411xe.o(.text)
    DMA2_Stream7_IRQHandler                  0x080082ff   Thumb Code     0  startup_stm32f411xe.o(.text)
    EXTI0_IRQHandler                         0x080082ff   Thumb Code     0  startup_stm32f411xe.o(.text)
    EXTI15_10_IRQHandler                     0x080082ff   Thumb Code     0  startup_stm32f411xe.o(.text)
    EXTI1_IRQHandler                         0x080082ff   Thumb Code     0  startup_stm32f411xe.o(.text)
    EXTI2_IRQHandler                         0x080082ff   Thumb Code     0  startup_stm32f411xe.o(.text)
    EXTI3_IRQHandler                         0x080082ff   Thumb Code     0  startup_stm32f411xe.o(.text)
    EXTI4_IRQHandler                         0x080082ff   Thumb Code     0  startup_stm32f411xe.o(.text)
    EXTI9_5_IRQHandler                       0x080082ff   Thumb Code     0  startup_stm32f411xe.o(.text)
    FLASH_IRQHandler                         0x080082ff   Thumb Code     0  startup_stm32f411xe.o(.text)
    FPU_IRQHandler                           0x080082ff   Thumb Code     0  startup_stm32f411xe.o(.text)
    I2C1_ER_IRQHandler                       0x080082ff   Thumb Code     0  startup_stm32f411xe.o(.text)
    I2C1_EV_IRQHandler                       0x080082ff   Thumb Code     0  startup_stm32f411xe.o(.text)
    I2C2_ER_IRQHandler                       0x080082ff   Thumb Code     0  startup_stm32f411xe.o(.text)
    I2C2_EV_IRQHandler                       0x080082ff   Thumb Code     0  startup_stm32f411xe.o(.text)
    I2C3_ER_IRQHandler                       0x080082ff   Thumb Code     0  startup_stm32f411xe.o(.text)
    I2C3_EV_IRQHandler                       0x080082ff   Thumb Code     0  startup_stm32f411xe.o(.text)
    OTG_FS_IRQHandler                        0x080082ff   Thumb Code     0  startup_stm32f411xe.o(.text)
    OTG_FS_WKUP_IRQHandler                   0x080082ff   Thumb Code     0  startup_stm32f411xe.o(.text)
    PVD_IRQHandler                           0x080082ff   Thumb Code     0  startup_stm32f411xe.o(.text)
    RCC_IRQHandler                           0x080082ff   Thumb Code     0  startup_stm32f411xe.o(.text)
    RTC_Alarm_IRQHandler                     0x080082ff   Thumb Code     0  startup_stm32f411xe.o(.text)
    RTC_WKUP_IRQHandler                      0x080082ff   Thumb Code     0  startup_stm32f411xe.o(.text)
    SDIO_IRQHandler                          0x080082ff   Thumb Code     0  startup_stm32f411xe.o(.text)
    SPI1_IRQHandler                          0x080082ff   Thumb Code     0  startup_stm32f411xe.o(.text)
    SPI2_IRQHandler                          0x080082ff   Thumb Code     0  startup_stm32f411xe.o(.text)
    SPI3_IRQHandler                          0x080082ff   Thumb Code     0  startup_stm32f411xe.o(.text)
    SPI4_IRQHandler                          0x080082ff   Thumb Code     0  startup_stm32f411xe.o(.text)
    SPI5_IRQHandler                          0x080082ff   Thumb Code     0  startup_stm32f411xe.o(.text)
    TAMP_STAMP_IRQHandler                    0x080082ff   Thumb Code     0  startup_stm32f411xe.o(.text)
    TIM1_BRK_TIM9_IRQHandler                 0x080082ff   Thumb Code     0  startup_stm32f411xe.o(.text)
    TIM1_CC_IRQHandler                       0x080082ff   Thumb Code     0  startup_stm32f411xe.o(.text)
    TIM1_TRG_COM_TIM11_IRQHandler            0x080082ff   Thumb Code     0  startup_stm32f411xe.o(.text)
    TIM1_UP_TIM10_IRQHandler                 0x080082ff   Thumb Code     0  startup_stm32f411xe.o(.text)
    TIM2_IRQHandler                          0x080082ff   Thumb Code     0  startup_stm32f411xe.o(.text)
    TIM4_IRQHandler                          0x080082ff   Thumb Code     0  startup_stm32f411xe.o(.text)
    TIM5_IRQHandler                          0x080082ff   Thumb Code     0  startup_stm32f411xe.o(.text)
    USART1_IRQHandler                        0x080082ff   Thumb Code     0  startup_stm32f411xe.o(.text)
    USART2_IRQHandler                        0x080082ff   Thumb Code     0  startup_stm32f411xe.o(.text)
    USART6_IRQHandler                        0x080082ff   Thumb Code     0  startup_stm32f411xe.o(.text)
    WWDG_IRQHandler                          0x080082ff   Thumb Code     0  startup_stm32f411xe.o(.text)
    __user_initial_stackheap                 0x08008301   Thumb Code     0  startup_stm32f411xe.o(.text)
    vsnprintf                                0x08008325   Thumb Code    48  vsnprintf.o(.text)
    __2snprintf                              0x08008359   Thumb Code    50  __2snprintf.o(.text)
    _printf_pre_padding                      0x08008391   Thumb Code    44  _printf_pad.o(.text)
    _printf_post_padding                     0x080083bd   Thumb Code    34  _printf_pad.o(.text)
    _printf_str                              0x080083df   Thumb Code    82  _printf_str.o(.text)
    _printf_int_dec                          0x08008431   Thumb Code   104  _printf_dec.o(.text)
    _printf_longlong_hex                     0x080084a9   Thumb Code    86  _printf_hex_int_ll_ptr.o(.text)
    _printf_int_hex                          0x080084ff   Thumb Code    28  _printf_hex_int_ll_ptr.o(.text)
    _printf_ll_hex                           0x0800851b   Thumb Code    12  _printf_hex_int_ll_ptr.o(.text)
    _printf_hex_ptr                          0x08008527   Thumb Code    18  _printf_hex_int_ll_ptr.o(.text)
    __printf                                 0x0800853d   Thumb Code   388  __printf_flags_ss_wp.o(.text)
    strstr                                   0x080086c5   Thumb Code    36  strstr.o(.text)
    strlen                                   0x080086e9   Thumb Code    62  strlen.o(.text)
    strncmp                                  0x08008727   Thumb Code   150  strncmp.o(.text)
    __aeabi_memcpy                           0x080087bd   Thumb Code     0  rt_memcpy_v6.o(.text)
    __rt_memcpy                              0x080087bd   Thumb Code   138  rt_memcpy_v6.o(.text)
    _memcpy_lastbytes                        0x08008823   Thumb Code     0  rt_memcpy_v6.o(.text)
    __aeabi_memset                           0x08008847   Thumb Code    16  aeabi_memset.o(.text)
    __aeabi_memclr                           0x08008857   Thumb Code     0  rt_memclr.o(.text)
    __rt_memclr                              0x08008857   Thumb Code    68  rt_memclr.o(.text)
    _memset                                  0x0800885b   Thumb Code     0  rt_memclr.o(.text)
    __aeabi_memclr4                          0x0800889b   Thumb Code     0  rt_memclr_w.o(.text)
    __aeabi_memclr8                          0x0800889b   Thumb Code     0  rt_memclr_w.o(.text)
    __rt_memclr_w                            0x0800889b   Thumb Code    78  rt_memclr_w.o(.text)
    _memset_w                                0x0800889f   Thumb Code     0  rt_memclr_w.o(.text)
    __use_two_region_memory                  0x080088e9   Thumb Code     2  heapauxi.o(.text)
    __rt_heap_escrow$2region                 0x080088eb   Thumb Code     2  heapauxi.o(.text)
    __rt_heap_expand$2region                 0x080088ed   Thumb Code     2  heapauxi.o(.text)
    __read_errno                             0x080088ef   Thumb Code    10  _rserrno.o(.text)
    __set_errno                              0x080088f9   Thumb Code    12  _rserrno.o(.text)
    _printf_truncate_signed                  0x08008905   Thumb Code    18  _printf_truncate.o(.text)
    _printf_truncate_unsigned                0x08008917   Thumb Code    18  _printf_truncate.o(.text)
    _printf_int_common                       0x08008929   Thumb Code   178  _printf_intcommon.o(.text)
    _printf_charcount                        0x080089db   Thumb Code    40  _printf_charcount.o(.text)
    _printf_char_common                      0x08008a0f   Thumb Code    32  _printf_char_common.o(.text)
    _sputc                                   0x08008a35   Thumb Code    10  _sputc.o(.text)
    _snputc                                  0x08008a3f   Thumb Code    16  _snputc.o(.text)
    _printf_cs_common                        0x08008a4f   Thumb Code    20  _printf_char.o(.text)
    _printf_char                             0x08008a63   Thumb Code    16  _printf_char.o(.text)
    _printf_string                           0x08008a73   Thumb Code     8  _printf_char.o(.text)
    _printf_wctomb                           0x08008a7d   Thumb Code   182  _printf_wctomb.o(.text)
    _printf_longlong_dec                     0x08008b39   Thumb Code   108  _printf_longlong_dec.o(.text)
    _printf_longlong_oct                     0x08008bb5   Thumb Code    66  _printf_oct_int_ll.o(.text)
    _printf_int_oct                          0x08008bf7   Thumb Code    24  _printf_oct_int_ll.o(.text)
    _printf_ll_oct                           0x08008c0f   Thumb Code    12  _printf_oct_int_ll.o(.text)
    __aeabi_memcpy4                          0x08008c25   Thumb Code     0  rt_memcpy_w.o(.text)
    __aeabi_memcpy8                          0x08008c25   Thumb Code     0  rt_memcpy_w.o(.text)
    __rt_memcpy_w                            0x08008c25   Thumb Code   100  rt_memcpy_w.o(.text)
    _memcpy_lastbytes_aligned                0x08008c6d   Thumb Code     0  rt_memcpy_w.o(.text)
    __aeabi_errno_addr                       0x08008c89   Thumb Code     8  rt_errno_addr_intlibspace.o(.text)
    __errno$intlibspace                      0x08008c89   Thumb Code     0  rt_errno_addr_intlibspace.o(.text)
    __rt_errno_addr$intlibspace              0x08008c89   Thumb Code     0  rt_errno_addr_intlibspace.o(.text)
    _ll_udiv10                               0x08008c91   Thumb Code   138  lludiv10.o(.text)
    __lib_sel_fp_printf                      0x08008d1b   Thumb Code     2  _printf_fp_dec.o(.text)
    _printf_fp_dec_real                      0x08008ecd   Thumb Code   620  _printf_fp_dec.o(.text)
    _printf_fp_hex_real                      0x08009139   Thumb Code   756  _printf_fp_hex.o(.text)
    _printf_lcs_common                       0x08009435   Thumb Code    20  _printf_wchar.o(.text)
    _printf_wchar                            0x08009449   Thumb Code    16  _printf_wchar.o(.text)
    _printf_wstring                          0x08009459   Thumb Code     8  _printf_wchar.o(.text)
    _wcrtomb                                 0x08009461   Thumb Code    64  _wcrtomb.o(.text)
    __user_libspace                          0x080094a1   Thumb Code     8  libspace.o(.text)
    __user_perproc_libspace                  0x080094a1   Thumb Code     0  libspace.o(.text)
    __user_perthread_libspace                0x080094a1   Thumb Code     0  libspace.o(.text)
    __user_setup_stackheap                   0x080094a9   Thumb Code    74  sys_stackheap_outer.o(.text)
    __rt_ctype_table                         0x080094f5   Thumb Code    16  rt_ctype_table.o(.text)
    __rt_locale                              0x08009505   Thumb Code     8  rt_locale_intlibspace.o(.text)
    _printf_fp_infnan                        0x0800950d   Thumb Code   112  _printf_fp_infnan.o(.text)
    _btod_etento                             0x0800958d   Thumb Code   224  bigflt0.o(.text)
    exit                                     0x08009671   Thumb Code    18  exit.o(.text)
    strcmp                                   0x08009685   Thumb Code   128  strcmpv7m.o(.text)
    _sys_exit                                0x08009705   Thumb Code     8  sys_exit.o(.text)
    __I$use$semihosting                      0x08009711   Thumb Code     0  use_no_semi.o(.text)
    __use_no_semihosting_swi                 0x08009711   Thumb Code     2  use_no_semi.o(.text)
    __semihosting_library_function           0x08009713   Thumb Code     0  indicate_semi.o(.text)
    _btod_d2e                                0x08009713   Thumb Code    62  btod.o(CL$$btod_d2e)
    _d2e_denorm_low                          0x08009751   Thumb Code    70  btod.o(CL$$btod_d2e_denorm_low)
    _d2e_norm_op1                            0x08009797   Thumb Code    96  btod.o(CL$$btod_d2e_norm_op1)
    __btod_div_common                        0x080097f7   Thumb Code   696  btod.o(CL$$btod_div_common)
    _e2e                                     0x08009b2f   Thumb Code   220  btod.o(CL$$btod_e2e)
    _btod_ediv                               0x08009c0b   Thumb Code    42  btod.o(CL$$btod_ediv)
    _btod_emul                               0x08009c35   Thumb Code    42  btod.o(CL$$btod_emul)
    __btod_mult_common                       0x08009c5f   Thumb Code   580  btod.o(CL$$btod_mult_common)
    Aes_Bytes_Xor                            0x08009ea3   Thumb Code    26  aes.o(i.Aes_Bytes_Xor)
    Aes_G_function                           0x08009ebd   Thumb Code    52  aes.o(i.Aes_G_function)
    Aes_IV_key256bit_Decode                  0x08009ef5   Thumb Code   150  aes.o(i.Aes_IV_key256bit_Decode)
    Aes_Key_Schedule_Create                  0x08009f91   Thumb Code    26  aes.o(i.Aes_Key_Schedule_Create)
    Aes_SubBytes                             0x08009fb1   Thumb Code    38  aes.o(i.Aes_SubBytes)
    Aes_invMixColumns                        0x08009fdd   Thumb Code   276  aes.o(i.Aes_invMixColumns)
    Aes_invShiftRows                         0x0800a0f5   Thumb Code    36  aes.o(i.Aes_invShiftRows)
    Aes_invSubBytes                          0x0800a119   Thumb Code    38  aes.o(i.Aes_invSubBytes)
    BackToApp                                0x0800a145   Thumb Code   376  boot_manager.o(i.BackToApp)
    BusFault_Handler                         0x0800a395   Thumb Code     4  stm32f4xx_it.o(i.BusFault_Handler)
    DebugMon_Handler                         0x0800a3c5   Thumb Code     2  stm32f4xx_it.o(i.DebugMon_Handler)
    Delay                                    0x0800a3c9   Thumb Code    20  main.o(i.Delay)
    EreaseAppSector                          0x0800a3e1   Thumb Code    26  flash.o(i.EreaseAppSector)
    FLASH_EraseSector                        0x0800a3fd   Thumb Code   130  stm32f4xx_flash.o(i.FLASH_EraseSector)
    FLASH_GetStatus                          0x0800a485   Thumb Code    80  stm32f4xx_flash.o(i.FLASH_GetStatus)
    FLASH_Lock                               0x0800a4d9   Thumb Code    14  stm32f4xx_flash.o(i.FLASH_Lock)
    FLASH_ProgramWord                        0x0800a4ed   Thumb Code    74  stm32f4xx_flash.o(i.FLASH_ProgramWord)
    FLASH_Unlock                             0x0800a53d   Thumb Code    24  stm32f4xx_flash.o(i.FLASH_Unlock)
    FLASH_WaitForLastOperation               0x0800a561   Thumb Code    34  stm32f4xx_flash.o(i.FLASH_WaitForLastOperation)
    Flash_Lock                               0x0800a583   Thumb Code     8  flash.o(i.Flash_Lock)
    Flash_Unlock                             0x0800a58b   Thumb Code    18  flash.o(i.Flash_Unlock)
    Flash_Write                              0x0800a59d   Thumb Code    26  flash.o(i.Flash_Write)
    Flash_erase                              0x0800a5b9   Thumb Code    84  flash.o(i.Flash_erase)
    GPIO_Init                                0x0800a661   Thumb Code   144  stm32f4xx_gpio.o(i.GPIO_Init)
    GPIO_PinAFConfig                         0x0800a6f1   Thumb Code    70  stm32f4xx_gpio.o(i.GPIO_PinAFConfig)
    GPIO_ReadInputDataBit                    0x0800a737   Thumb Code    18  stm32f4xx_gpio.o(i.GPIO_ReadInputDataBit)
    GPIO_ResetBits                           0x0800a749   Thumb Code     4  stm32f4xx_gpio.o(i.GPIO_ResetBits)
    GPIO_SetBits                             0x0800a74d   Thumb Code     4  stm32f4xx_gpio.o(i.GPIO_SetBits)
    GPIO_WriteBit                            0x0800a751   Thumb Code    10  stm32f4xx_gpio.o(i.GPIO_WriteBit)
    Get_Calculate_GF28                       0x0800a75b   Thumb Code    50  aes.o(i.Get_Calculate_GF28)
    HardFault_Handler                        0x0800a78d   Thumb Code     4  stm32f4xx_it.o(i.HardFault_Handler)
    JumpToApp                                0x0800a791   Thumb Code    52  boot_manager.o(i.JumpToApp)
    Key_IO_Init                              0x0800a7cd   Thumb Code    48  gpio.o(i.Key_IO_Init)
    Key_Scan                                 0x0800a801   Thumb Code    36  gpio.o(i.Key_Scan)
    Key_Schedule                             0x0800a829   Thumb Code   182  aes.o(i.Key_Schedule)
    Led_IO_Init                              0x0800a8e1   Thumb Code    48  gpio.o(i.Led_IO_Init)
    MemManage_Handler                        0x0800a915   Thumb Code     4  stm32f4xx_it.o(i.MemManage_Handler)
    NMI_Handler                              0x0800a919   Thumb Code     2  stm32f4xx_it.o(i.NMI_Handler)
    NVIC_SetVectorTable                      0x0800a91d   Thumb Code    12  misc.o(i.NVIC_SetVectorTable)
    PendSV_Handler                           0x0800a931   Thumb Code     2  stm32f4xx_it.o(i.PendSV_Handler)
    RCC_AHB1PeriphClockCmd                   0x0800a935   Thumb Code    26  stm32f4xx_rcc.o(i.RCC_AHB1PeriphClockCmd)
    RCC_APB2PeriphClockCmd                   0x0800a955   Thumb Code    26  stm32f4xx_rcc.o(i.RCC_APB2PeriphClockCmd)
    RCC_APB2PeriphResetCmd                   0x0800a975   Thumb Code    26  stm32f4xx_rcc.o(i.RCC_APB2PeriphResetCmd)
    RCC_ClockSecuritySystemCmd               0x0800a995   Thumb Code     6  stm32f4xx_rcc.o(i.RCC_ClockSecuritySystemCmd)
    RCC_DeInit                               0x0800a9b5   Thumb Code    74  stm32f4xx_rcc.o(i.RCC_DeInit)
    RCC_GetClocksFreq                        0x0800aa11   Thumb Code   214  stm32f4xx_rcc.o(i.RCC_GetClocksFreq)
    SEGGER_RTT_Write                         0x0800abd9   Thumb Code    70  segger_rtt.o(i.SEGGER_RTT_Write)
    SEGGER_RTT_WriteNoLock                   0x0800ac25   Thumb Code   126  segger_rtt.o(i.SEGGER_RTT_WriteNoLock)
    SEGGER_RTT_printf                        0x0800aca9   Thumb Code    34  segger_rtt_printf.o(i.SEGGER_RTT_printf)
    SEGGER_RTT_vprintf                       0x0800accd   Thumb Code   536  segger_rtt_printf.o(i.SEGGER_RTT_vprintf)
    SPI1_Init                                0x0800aeed   Thumb Code   198  spi.o(i.SPI1_Init)
    SPI1_ReadByte                            0x0800afbd   Thumb Code   150  spi.o(i.SPI1_ReadByte)
    SPI1_ReadWriteByte                       0x0800b05d   Thumb Code    50  spi.o(i.SPI1_ReadWriteByte)
    SPI1_WriteByte                           0x0800b095   Thumb Code   152  spi.o(i.SPI1_WriteByte)
    SPI_Cmd                                  0x0800b135   Thumb Code    24  stm32f4xx_spi.o(i.SPI_Cmd)
    SPI_I2S_ClearFlag                        0x0800b14d   Thumb Code     6  stm32f4xx_spi.o(i.SPI_I2S_ClearFlag)
    SPI_I2S_GetFlagStatus                    0x0800b153   Thumb Code    18  stm32f4xx_spi.o(i.SPI_I2S_GetFlagStatus)
    SPI_I2S_ReceiveData                      0x0800b165   Thumb Code     6  stm32f4xx_spi.o(i.SPI_I2S_ReceiveData)
    SPI_I2S_SendData                         0x0800b16b   Thumb Code     4  stm32f4xx_spi.o(i.SPI_I2S_SendData)
    SPI_Init                                 0x0800b16f   Thumb Code    60  stm32f4xx_spi.o(i.SPI_Init)
    SVC_Handler                              0x0800b24d   Thumb Code     2  stm32f4xx_it.o(i.SVC_Handler)
    SerialKeyPressed                         0x0800b25d   Thumb Code    28  common.o(i.SerialKeyPressed)
    SerialPutChar                            0x0800b27d   Thumb Code    14  common.o(i.SerialPutChar)
    ShiftByteNumRows                         0x0800b379   Thumb Code   102  aes.o(i.ShiftByteNumRows)
    Str2Int                                  0x0800b3df   Thumb Code   260  common.o(i.Str2Int)
    SysTick_Handler                          0x0800b4e5   Thumb Code    18  stm32f4xx_it.o(i.SysTick_Handler)
    SystemCoreClockUpdate                    0x0800b4fd   Thumb Code   148  system_stm32f4xx.o(i.SystemCoreClockUpdate)
    SystemInit                               0x0800b5a5   Thumb Code    88  system_stm32f4xx.o(i.SystemInit)
    TIM3_IRQHandler                          0x0800b60d   Thumb Code    26  stm32f4xx_it.o(i.TIM3_IRQHandler)
    TIM3_IT_Update_Callback                  0x0800b62d   Thumb Code   136  tim.o(i.TIM3_IT_Update_Callback)
    TIM_ClearITPendingBit                    0x0800b6c9   Thumb Code     6  stm32f4xx_tim.o(i.TIM_ClearITPendingBit)
    TIM_GetITStatus                          0x0800b6cf   Thumb Code    34  stm32f4xx_tim.o(i.TIM_GetITStatus)
    TimingDelay_Decrement                    0x0800b6f1   Thumb Code    18  main.o(i.TimingDelay_Decrement)
    USART1_Init                              0x0800b709   Thumb Code    16  usart.o(i.USART1_Init)
    USART_Cmd                                0x0800b719   Thumb Code    24  stm32f4xx_usart.o(i.USART_Cmd)
    USART_GetFlagStatus                      0x0800b769   Thumb Code    26  stm32f4xx_usart.o(i.USART_GetFlagStatus)
    USART_Init                               0x0800b785   Thumb Code   204  stm32f4xx_usart.o(i.USART_Init)
    USART_SendChar                           0x0800b859   Thumb Code    30  usart.o(i.USART_SendChar)
    USART_SendData                           0x0800b877   Thumb Code     8  stm32f4xx_usart.o(i.USART_SendData)
    UsageFault_Handler                       0x0800b87f   Thumb Code     4  stm32f4xx_it.o(i.UsageFault_Handler)
    W25Q64_Init                              0x0800b885   Thumb Code    22  w25qxx_handler.o(i.W25Q64_Init)
    W25Q64_ReadData                          0x0800b8a1   Thumb Code   146  w25qxx_handler.o(i.W25Q64_ReadData)
    W25Q64_WriteData                         0x0800b93d   Thumb Code   178  w25qxx_handler.o(i.W25Q64_WriteData)
    W25Q64_WriteData_End                     0x0800b9fd   Thumb Code   196  w25qxx_handler.o(i.W25Q64_WriteData_End)
    W25Qx_Erase_Block                        0x0800bacd   Thumb Code    96  w25qxx.o(i.W25Qx_Erase_Block)
    W25Qx_Get_Parameter                      0x0800bb81   Thumb Code   122  w25qxx.o(i.W25Qx_Get_Parameter)
    W25Qx_Init                               0x0800bbfd   Thumb Code    18  w25qxx.o(i.W25Qx_Init)
    W25Qx_Read                               0x0800bc15   Thumb Code    84  w25qxx.o(i.W25Qx_Read)
    W25Qx_Read_ID                            0x0800bc6d   Thumb Code    66  w25qxx.o(i.W25Qx_Read_ID)
    W25Qx_Write                              0x0800bce9   Thumb Code   190  w25qxx.o(i.W25Qx_Write)
    W25Qx_WriteEnable                        0x0800bdb1   Thumb Code    76  w25qxx.o(i.W25Qx_WriteEnable)
    Ymodem_Receive                           0x0800be09   Thumb Code   414  ymodem.o(i.Ymodem_Receive)
    __ARM_fpclassify                         0x0800c32f   Thumb Code    48  fpclassify.o(i.__ARM_fpclassify)
    __ARM_fpclassifyf                        0x0800c35f   Thumb Code    38  fpclassifyf.o(i.__ARM_fpclassifyf)
    __hardfp_powf                            0x0800c385   Thumb Code  1606  powf.o(i.__hardfp_powf)
    __mathlib_powf                           0x0800c385   Thumb Code     0  powf.o(i.__hardfp_powf)
    __mathlib_flt_divzero                    0x0800c9e9   Thumb Code    14  funder.o(i.__mathlib_flt_divzero)
    __mathlib_flt_infnan2                    0x0800c9fd   Thumb Code     6  funder.o(i.__mathlib_flt_infnan2)
    __mathlib_flt_invalid                    0x0800ca05   Thumb Code    10  funder.o(i.__mathlib_flt_invalid)
    __mathlib_flt_overflow                   0x0800ca15   Thumb Code    10  funder.o(i.__mathlib_flt_overflow)
    __mathlib_flt_underflow                  0x0800ca25   Thumb Code    10  funder.o(i.__mathlib_flt_underflow)
    _is_digit                                0x0800ca35   Thumb Code    14  __printf_wp.o(i._is_digit)
    app_elog_init                            0x0800ca43   Thumb Code    66  debug.o(i.app_elog_init)
    elog_get_filter_tag_lvl                  0x0800ca85   Thumb Code   164  elog.o(i.elog_get_filter_tag_lvl)
    elog_init                                0x0800cb9d   Thumb Code    76  elog.o(i.elog_init)
    elog_output                              0x0800cbed   Thumb Code   866  elog.o(i.elog_output)
    elog_output_lock                         0x0800d005   Thumb Code    34  elog.o(i.elog_output_lock)
    elog_output_lock_enabled                 0x0800d02d   Thumb Code    60  elog.o(i.elog_output_lock_enabled)
    elog_output_unlock                       0x0800d06d   Thumb Code    34  elog.o(i.elog_output_unlock)
    elog_port_get_p_info                     0x0800d095   Thumb Code     2  elog_port.o(i.elog_port_get_p_info)
    elog_port_get_t_info                     0x0800d097   Thumb Code     2  elog_port.o(i.elog_port_get_t_info)
    elog_port_get_time                       0x0800d099   Thumb Code     2  elog_port.o(i.elog_port_get_time)
    elog_port_init                           0x0800d09b   Thumb Code     4  elog_port.o(i.elog_port_init)
    elog_port_output                         0x0800d09f   Thumb Code    18  elog_port.o(i.elog_port_output)
    elog_port_output_lock                    0x0800d0b1   Thumb Code     2  elog_port.o(i.elog_port_output_lock)
    elog_port_output_unlock                  0x0800d0b3   Thumb Code     2  elog_port.o(i.elog_port_output_unlock)
    elog_set_filter_lvl                      0x0800d0b5   Thumb Code    76  elog.o(i.elog_set_filter_lvl)
    elog_set_fmt                             0x0800d1b9   Thumb Code    80  elog.o(i.elog_set_fmt)
    elog_set_output_enabled                  0x0800d285   Thumb Code    82  elog.o(i.elog_set_output_enabled)
    elog_set_text_color_enabled              0x0800d361   Thumb Code    82  elog.o(i.elog_set_text_color_enabled)
    elog_start                               0x0800d43d   Thumb Code    46  elog.o(i.elog_start)
    elog_strcpy                              0x0800d4d5   Thumb Code   164  elog_utils.o(i.elog_strcpy)
    main                                     0x0800d6f1   Thumb Code   240  main.o(i.main)
    _get_lc_numeric                          0x0800d85d   Thumb Code    44  lc_numeric_c.o(locale$$code)
    _get_lc_ctype                            0x0800d889   Thumb Code    44  lc_ctype_c.o(locale$$code)
    _fp_init                                 0x0800d8b5   Thumb Code    10  fpinit.o(x$fpl$fpinit)
    __fplib_config_fpu_vfp                   0x0800d8bd   Thumb Code     0  fpinit.o(x$fpl$fpinit)
    __fplib_config_pureend_doubles           0x0800d8bd   Thumb Code     0  fpinit.o(x$fpl$fpinit)
    _printf_fp_dec                           0x0800d8bf   Thumb Code     4  printf1.o(x$fpl$printf1)
    _printf_fp_hex                           0x0800d8c3   Thumb Code     4  printf2.o(x$fpl$printf2)
    __I$use$fp                               0x0800d8c6   Number         0  usenofp.o(x$fpl$usenofp)
    Flash_Sectorsize                         0x0800d8cc   Data          48  flash.o(.constdata)
    aes_s_box                                0x0800da3c   Data         256  aes.o(.constdata)
    aes_inv_s_box                            0x0800db3c   Data         256  aes.o(.constdata)
    aes_MixColumns                           0x0800dc3c   Data          16  aes.o(.constdata)
    aes_invMixColumns                        0x0800dc4c   Data          16  aes.o(.constdata)
    aes_Rcon                                 0x0800dc5c   Data          14  aes.o(.constdata)
    Region$$Table$$Base                      0x0800def0   Number         0  anon$$obj.o(Region$$Table)
    Region$$Table$$Limit                     0x0800df10   Number         0  anon$$obj.o(Region$$Table)
    __ctype                                  0x0800df39   Data           0  lc_ctype_c.o(locale$$data)
    fil_size                                 0x20000004   Data           4  main.o(.data)
    SysTickUptime                            0x20000010   Data           4  stm32f4xx_it.o(.data)
    SystemCoreClock                          0x20000014   Data           4  system_stm32f4xx.o(.data)
    AHBPrescTable                            0x20000018   Data          16  system_stm32f4xx.o(.data)
    elog_assert_hook                         0x20000068   Data           4  elog.o(.data)
    JumpAddress                              0x2000006c   Data           4  boot_manager.o(.data)
    app_size                                 0x20000070   Data           4  boot_manager.o(.data)
    IV                                       0x20000074   Data          16  boot_manager.o(.data)
    Key                                      0x20000084   Data          32  boot_manager.o(.data)
    FlashDestination                         0x200000a4   Data           4  ymodem.o(.data)
    PageSize                                 0x200000a8   Data           2  ymodem.o(.data)
    EraseCounter                             0x200000ac   Data           4  ymodem.o(.data)
    NbrOfPage                                0x200000b0   Data           4  ymodem.o(.data)
    FLASHStatus                              0x200000b4   Data           1  ymodem.o(.data)
    RamSource                                0x200000b8   Data           4  ymodem.o(.data)
    RCC_Clocks                               0x200000bc   Data          16  main.o(.bss)
    au8_test                                 0x200000cc   Data        1024  main.o(.bss)
    _SEGGER_RTT                              0x200009c4   Data         168  segger_rtt.o(.bss)
    Mem_Read_buffer                          0x20000e7c   Data        4096  boot_manager.o(.bss)
    file_name                                0x20001e7c   Data         256  ymodem.o(.bss)
    W25Qx_Para                               0x2000207c   Data          28  w25qxx.o(.bss)
    __libspace_start                         0x200030ac   Data          96  libspace.o(.bss)
    __temporary_stack_top$libspace           0x2000310c   Data           0  libspace.o(.bss)



==============================================================================

Memory Map of the image

  Image Entry point : 0x08008199

  Load Region LR_IROM1 (Base: 0x08008000, Size: 0x000060f8, Max: 0x00080000, ABSOLUTE)

    Execution Region ER_IROM1 (Exec base: 0x08008000, Load base: 0x08008000, Size: 0x0000603c, Max: 0x00080000, ABSOLUTE)

    Exec Addr    Load Addr    Size         Type   Attr      Idx    E Section Name        Object

    0x08008000   0x08008000   0x00000198   Data   RO          508    RESET               startup_stm32f411xe.o
    0x08008198   0x08008198   0x00000008   Code   RO         5405  * !!!main             c_w.l(__main.o)
    0x080081a0   0x080081a0   0x00000034   Code   RO         5715    !!!scatter          c_w.l(__scatter.o)
    0x080081d4   0x080081d4   0x0000001a   Code   RO         5717    !!handler_copy      c_w.l(__scatter_copy.o)
    0x080081ee   0x080081ee   0x00000002   PAD
    0x080081f0   0x080081f0   0x0000001c   Code   RO         5719    !!handler_zi        c_w.l(__scatter_zi.o)
    0x0800820c   0x0800820c   0x00000000   Code   RO         5384    .ARM.Collect$$_printf_percent$$00000000  c_w.l(_printf_percent.o)
    0x0800820c   0x0800820c   0x00000006   Code   RO         5449    .ARM.Collect$$_printf_percent$$00000001  c_w.l(_printf_n.o)
    0x08008212   0x08008212   0x00000006   Code   RO         5450    .ARM.Collect$$_printf_percent$$00000002  c_w.l(_printf_p.o)
    0x08008218   0x08008218   0x00000006   Code   RO         5454    .ARM.Collect$$_printf_percent$$00000003  c_w.l(_printf_f.o)
    0x0800821e   0x0800821e   0x00000006   Code   RO         5455    .ARM.Collect$$_printf_percent$$00000004  c_w.l(_printf_e.o)
    0x08008224   0x08008224   0x00000006   Code   RO         5456    .ARM.Collect$$_printf_percent$$00000005  c_w.l(_printf_g.o)
    0x0800822a   0x0800822a   0x00000006   Code   RO         5457    .ARM.Collect$$_printf_percent$$00000006  c_w.l(_printf_a.o)
    0x08008230   0x08008230   0x0000000a   Code   RO         5462    .ARM.Collect$$_printf_percent$$00000007  c_w.l(_printf_ll.o)
    0x0800823a   0x0800823a   0x00000006   Code   RO         5452    .ARM.Collect$$_printf_percent$$00000008  c_w.l(_printf_i.o)
    0x08008240   0x08008240   0x00000006   Code   RO         5383    .ARM.Collect$$_printf_percent$$00000009  c_w.l(_printf_d.o)
    0x08008246   0x08008246   0x00000006   Code   RO         5453    .ARM.Collect$$_printf_percent$$0000000A  c_w.l(_printf_u.o)
    0x0800824c   0x0800824c   0x00000006   Code   RO         5451    .ARM.Collect$$_printf_percent$$0000000B  c_w.l(_printf_o.o)
    0x08008252   0x08008252   0x00000006   Code   RO         5382    .ARM.Collect$$_printf_percent$$0000000C  c_w.l(_printf_x.o)
    0x08008258   0x08008258   0x00000006   Code   RO         5459    .ARM.Collect$$_printf_percent$$0000000D  c_w.l(_printf_lli.o)
    0x0800825e   0x0800825e   0x00000006   Code   RO         5460    .ARM.Collect$$_printf_percent$$0000000E  c_w.l(_printf_lld.o)
    0x08008264   0x08008264   0x00000006   Code   RO         5461    .ARM.Collect$$_printf_percent$$0000000F  c_w.l(_printf_llu.o)
    0x0800826a   0x0800826a   0x00000006   Code   RO         5466    .ARM.Collect$$_printf_percent$$00000010  c_w.l(_printf_llo.o)
    0x08008270   0x08008270   0x00000006   Code   RO         5467    .ARM.Collect$$_printf_percent$$00000011  c_w.l(_printf_llx.o)
    0x08008276   0x08008276   0x0000000a   Code   RO         5463    .ARM.Collect$$_printf_percent$$00000012  c_w.l(_printf_l.o)
    0x08008280   0x08008280   0x00000006   Code   RO         5380    .ARM.Collect$$_printf_percent$$00000013  c_w.l(_printf_c.o)
    0x08008286   0x08008286   0x00000006   Code   RO         5381    .ARM.Collect$$_printf_percent$$00000014  c_w.l(_printf_s.o)
    0x0800828c   0x0800828c   0x00000006   Code   RO         5464    .ARM.Collect$$_printf_percent$$00000015  c_w.l(_printf_lc.o)
    0x08008292   0x08008292   0x00000006   Code   RO         5465    .ARM.Collect$$_printf_percent$$00000016  c_w.l(_printf_ls.o)
    0x08008298   0x08008298   0x00000004   Code   RO         5458    .ARM.Collect$$_printf_percent$$00000017  c_w.l(_printf_percent_end.o)
    0x0800829c   0x0800829c   0x00000002   Code   RO         5579    .ARM.Collect$$libinit$$00000000  c_w.l(libinit.o)
    0x0800829e   0x0800829e   0x00000004   Code   RO         5589    .ARM.Collect$$libinit$$00000001  c_w.l(libinit2.o)
    0x080082a2   0x080082a2   0x00000000   Code   RO         5592    .ARM.Collect$$libinit$$00000004  c_w.l(libinit2.o)
    0x080082a2   0x080082a2   0x00000000   Code   RO         5595    .ARM.Collect$$libinit$$0000000A  c_w.l(libinit2.o)
    0x080082a2   0x080082a2   0x00000000   Code   RO         5597    .ARM.Collect$$libinit$$0000000C  c_w.l(libinit2.o)
    0x080082a2   0x080082a2   0x00000000   Code   RO         5599    .ARM.Collect$$libinit$$0000000E  c_w.l(libinit2.o)
    0x080082a2   0x080082a2   0x00000006   Code   RO         5600    .ARM.Collect$$libinit$$0000000F  c_w.l(libinit2.o)
    0x080082a8   0x080082a8   0x00000000   Code   RO         5602    .ARM.Collect$$libinit$$00000011  c_w.l(libinit2.o)
    0x080082a8   0x080082a8   0x0000000c   Code   RO         5603    .ARM.Collect$$libinit$$00000012  c_w.l(libinit2.o)
    0x080082b4   0x080082b4   0x00000000   Code   RO         5604    .ARM.Collect$$libinit$$00000013  c_w.l(libinit2.o)
    0x080082b4   0x080082b4   0x00000000   Code   RO         5606    .ARM.Collect$$libinit$$00000015  c_w.l(libinit2.o)
    0x080082b4   0x080082b4   0x0000000a   Code   RO         5607    .ARM.Collect$$libinit$$00000016  c_w.l(libinit2.o)
    0x080082be   0x080082be   0x00000000   Code   RO         5608    .ARM.Collect$$libinit$$00000017  c_w.l(libinit2.o)
    0x080082be   0x080082be   0x00000000   Code   RO         5610    .ARM.Collect$$libinit$$00000019  c_w.l(libinit2.o)
    0x080082be   0x080082be   0x00000000   Code   RO         5612    .ARM.Collect$$libinit$$0000001B  c_w.l(libinit2.o)
    0x080082be   0x080082be   0x00000000   Code   RO         5614    .ARM.Collect$$libinit$$0000001D  c_w.l(libinit2.o)
    0x080082be   0x080082be   0x00000000   Code   RO         5616    .ARM.Collect$$libinit$$0000001F  c_w.l(libinit2.o)
    0x080082be   0x080082be   0x00000000   Code   RO         5618    .ARM.Collect$$libinit$$00000021  c_w.l(libinit2.o)
    0x080082be   0x080082be   0x00000000   Code   RO         5620    .ARM.Collect$$libinit$$00000023  c_w.l(libinit2.o)
    0x080082be   0x080082be   0x00000000   Code   RO         5622    .ARM.Collect$$libinit$$00000025  c_w.l(libinit2.o)
    0x080082be   0x080082be   0x00000000   Code   RO         5626    .ARM.Collect$$libinit$$0000002C  c_w.l(libinit2.o)
    0x080082be   0x080082be   0x00000000   Code   RO         5628    .ARM.Collect$$libinit$$0000002E  c_w.l(libinit2.o)
    0x080082be   0x080082be   0x00000000   Code   RO         5630    .ARM.Collect$$libinit$$00000030  c_w.l(libinit2.o)
    0x080082be   0x080082be   0x00000000   Code   RO         5632    .ARM.Collect$$libinit$$00000032  c_w.l(libinit2.o)
    0x080082be   0x080082be   0x00000002   Code   RO         5633    .ARM.Collect$$libinit$$00000033  c_w.l(libinit2.o)
    0x080082c0   0x080082c0   0x00000002   Code   RO         5653    .ARM.Collect$$libshutdown$$00000000  c_w.l(libshutdown.o)
    0x080082c2   0x080082c2   0x00000000   Code   RO         5666    .ARM.Collect$$libshutdown$$00000002  c_w.l(libshutdown2.o)
    0x080082c2   0x080082c2   0x00000000   Code   RO         5668    .ARM.Collect$$libshutdown$$00000004  c_w.l(libshutdown2.o)
    0x080082c2   0x080082c2   0x00000000   Code   RO         5670    .ARM.Collect$$libshutdown$$00000006  c_w.l(libshutdown2.o)
    0x080082c2   0x080082c2   0x00000000   Code   RO         5673    .ARM.Collect$$libshutdown$$00000009  c_w.l(libshutdown2.o)
    0x080082c2   0x080082c2   0x00000000   Code   RO         5676    .ARM.Collect$$libshutdown$$0000000C  c_w.l(libshutdown2.o)
    0x080082c2   0x080082c2   0x00000000   Code   RO         5678    .ARM.Collect$$libshutdown$$0000000E  c_w.l(libshutdown2.o)
    0x080082c2   0x080082c2   0x00000000   Code   RO         5681    .ARM.Collect$$libshutdown$$00000011  c_w.l(libshutdown2.o)
    0x080082c2   0x080082c2   0x00000002   Code   RO         5682    .ARM.Collect$$libshutdown$$00000012  c_w.l(libshutdown2.o)
    0x080082c4   0x080082c4   0x00000000   Code   RO         5421    .ARM.Collect$$rtentry$$00000000  c_w.l(__rtentry.o)
    0x080082c4   0x080082c4   0x00000000   Code   RO         5498    .ARM.Collect$$rtentry$$00000002  c_w.l(__rtentry2.o)
    0x080082c4   0x080082c4   0x00000006   Code   RO         5510    .ARM.Collect$$rtentry$$00000004  c_w.l(__rtentry4.o)
    0x080082ca   0x080082ca   0x00000000   Code   RO         5500    .ARM.Collect$$rtentry$$00000009  c_w.l(__rtentry2.o)
    0x080082ca   0x080082ca   0x00000004   Code   RO         5501    .ARM.Collect$$rtentry$$0000000A  c_w.l(__rtentry2.o)
    0x080082ce   0x080082ce   0x00000000   Code   RO         5503    .ARM.Collect$$rtentry$$0000000C  c_w.l(__rtentry2.o)
    0x080082ce   0x080082ce   0x00000008   Code   RO         5504    .ARM.Collect$$rtentry$$0000000D  c_w.l(__rtentry2.o)
    0x080082d6   0x080082d6   0x00000002   Code   RO         5582    .ARM.Collect$$rtexit$$00000000  c_w.l(rtexit.o)
    0x080082d8   0x080082d8   0x00000000   Code   RO         5635    .ARM.Collect$$rtexit$$00000002  c_w.l(rtexit2.o)
    0x080082d8   0x080082d8   0x00000004   Code   RO         5636    .ARM.Collect$$rtexit$$00000003  c_w.l(rtexit2.o)
    0x080082dc   0x080082dc   0x00000006   Code   RO         5637    .ARM.Collect$$rtexit$$00000004  c_w.l(rtexit2.o)
    0x080082e2   0x080082e2   0x00000002   PAD
    0x080082e4   0x080082e4   0x00000040   Code   RO          509    .text               startup_stm32f411xe.o
    0x08008324   0x08008324   0x00000034   Code   RO         5325    .text               c_w.l(vsnprintf.o)
    0x08008358   0x08008358   0x00000038   Code   RO         5327    .text               c_w.l(__2snprintf.o)
    0x08008390   0x08008390   0x0000004e   Code   RO         5333    .text               c_w.l(_printf_pad.o)
    0x080083de   0x080083de   0x00000052   Code   RO         5335    .text               c_w.l(_printf_str.o)
    0x08008430   0x08008430   0x00000078   Code   RO         5337    .text               c_w.l(_printf_dec.o)
    0x080084a8   0x080084a8   0x00000094   Code   RO         5357    .text               c_w.l(_printf_hex_int_ll_ptr.o)
    0x0800853c   0x0800853c   0x00000188   Code   RO         5377    .text               c_w.l(__printf_flags_ss_wp.o)
    0x080086c4   0x080086c4   0x00000024   Code   RO         5385    .text               c_w.l(strstr.o)
    0x080086e8   0x080086e8   0x0000003e   Code   RO         5387    .text               c_w.l(strlen.o)
    0x08008726   0x08008726   0x00000096   Code   RO         5391    .text               c_w.l(strncmp.o)
    0x080087bc   0x080087bc   0x0000008a   Code   RO         5393    .text               c_w.l(rt_memcpy_v6.o)
    0x08008846   0x08008846   0x00000010   Code   RO         5395    .text               c_w.l(aeabi_memset.o)
    0x08008856   0x08008856   0x00000044   Code   RO         5397    .text               c_w.l(rt_memclr.o)
    0x0800889a   0x0800889a   0x0000004e   Code   RO         5399    .text               c_w.l(rt_memclr_w.o)
    0x080088e8   0x080088e8   0x00000006   Code   RO         5403    .text               c_w.l(heapauxi.o)
    0x080088ee   0x080088ee   0x00000016   Code   RO         5422    .text               c_w.l(_rserrno.o)
    0x08008904   0x08008904   0x00000024   Code   RO         5424    .text               c_w.l(_printf_truncate.o)
    0x08008928   0x08008928   0x000000b2   Code   RO         5426    .text               c_w.l(_printf_intcommon.o)
    0x080089da   0x080089da   0x00000028   Code   RO         5428    .text               c_w.l(_printf_charcount.o)
    0x08008a02   0x08008a02   0x00000002   PAD
    0x08008a04   0x08008a04   0x00000030   Code   RO         5430    .text               c_w.l(_printf_char_common.o)
    0x08008a34   0x08008a34   0x0000000a   Code   RO         5432    .text               c_w.l(_sputc.o)
    0x08008a3e   0x08008a3e   0x00000010   Code   RO         5434    .text               c_w.l(_snputc.o)
    0x08008a4e   0x08008a4e   0x0000002c   Code   RO         5436    .text               c_w.l(_printf_char.o)
    0x08008a7a   0x08008a7a   0x00000002   PAD
    0x08008a7c   0x08008a7c   0x000000bc   Code   RO         5438    .text               c_w.l(_printf_wctomb.o)
    0x08008b38   0x08008b38   0x0000007c   Code   RO         5441    .text               c_w.l(_printf_longlong_dec.o)
    0x08008bb4   0x08008bb4   0x00000070   Code   RO         5447    .text               c_w.l(_printf_oct_int_ll.o)
    0x08008c24   0x08008c24   0x00000064   Code   RO         5468    .text               c_w.l(rt_memcpy_w.o)
    0x08008c88   0x08008c88   0x00000008   Code   RO         5515    .text               c_w.l(rt_errno_addr_intlibspace.o)
    0x08008c90   0x08008c90   0x0000008a   Code   RO         5517    .text               c_w.l(lludiv10.o)
    0x08008d1a   0x08008d1a   0x0000041e   Code   RO         5519    .text               c_w.l(_printf_fp_dec.o)
    0x08009138   0x08009138   0x000002fc   Code   RO         5521    .text               c_w.l(_printf_fp_hex.o)
    0x08009434   0x08009434   0x0000002c   Code   RO         5526    .text               c_w.l(_printf_wchar.o)
    0x08009460   0x08009460   0x00000040   Code   RO         5528    .text               c_w.l(_wcrtomb.o)
    0x080094a0   0x080094a0   0x00000008   Code   RO         5530    .text               c_w.l(libspace.o)
    0x080094a8   0x080094a8   0x0000004a   Code   RO         5533    .text               c_w.l(sys_stackheap_outer.o)
    0x080094f2   0x080094f2   0x00000002   PAD
    0x080094f4   0x080094f4   0x00000010   Code   RO         5535    .text               c_w.l(rt_ctype_table.o)
    0x08009504   0x08009504   0x00000008   Code   RO         5540    .text               c_w.l(rt_locale_intlibspace.o)
    0x0800950c   0x0800950c   0x00000080   Code   RO         5542    .text               c_w.l(_printf_fp_infnan.o)
    0x0800958c   0x0800958c   0x000000e4   Code   RO         5544    .text               c_w.l(bigflt0.o)
    0x08009670   0x08009670   0x00000012   Code   RO         5572    .text               c_w.l(exit.o)
    0x08009682   0x08009682   0x00000002   PAD
    0x08009684   0x08009684   0x00000080   Code   RO         5587    .text               c_w.l(strcmpv7m.o)
    0x08009704   0x08009704   0x0000000c   Code   RO         5645    .text               c_w.l(sys_exit.o)
    0x08009710   0x08009710   0x00000002   Code   RO         5656    .text               c_w.l(use_no_semi.o)
    0x08009712   0x08009712   0x00000000   Code   RO         5658    .text               c_w.l(indicate_semi.o)
    0x08009712   0x08009712   0x0000003e   Code   RO         5547    CL$$btod_d2e        c_w.l(btod.o)
    0x08009750   0x08009750   0x00000046   Code   RO         5549    CL$$btod_d2e_denorm_low  c_w.l(btod.o)
    0x08009796   0x08009796   0x00000060   Code   RO         5548    CL$$btod_d2e_norm_op1  c_w.l(btod.o)
    0x080097f6   0x080097f6   0x00000338   Code   RO         5557    CL$$btod_div_common  c_w.l(btod.o)
    0x08009b2e   0x08009b2e   0x000000dc   Code   RO         5554    CL$$btod_e2e        c_w.l(btod.o)
    0x08009c0a   0x08009c0a   0x0000002a   Code   RO         5551    CL$$btod_ediv       c_w.l(btod.o)
    0x08009c34   0x08009c34   0x0000002a   Code   RO         5550    CL$$btod_emul       c_w.l(btod.o)
    0x08009c5e   0x08009c5e   0x00000244   Code   RO         5556    CL$$btod_mult_common  c_w.l(btod.o)
    0x08009ea2   0x08009ea2   0x0000001a   Code   RO         5059    i.Aes_Bytes_Xor     aes.o
    0x08009ebc   0x08009ebc   0x00000038   Code   RO         5060    i.Aes_G_function    aes.o
    0x08009ef4   0x08009ef4   0x0000009c   Code   RO         5065    i.Aes_IV_key256bit_Decode  aes.o
    0x08009f90   0x08009f90   0x00000020   Code   RO         5067    i.Aes_Key_Schedule_Create  aes.o
    0x08009fb0   0x08009fb0   0x0000002c   Code   RO         5070    i.Aes_SubBytes      aes.o
    0x08009fdc   0x08009fdc   0x00000118   Code   RO         5071    i.Aes_invMixColumns  aes.o
    0x0800a0f4   0x0800a0f4   0x00000024   Code   RO         5072    i.Aes_invShiftRows  aes.o
    0x0800a118   0x0800a118   0x0000002c   Code   RO         5073    i.Aes_invSubBytes   aes.o
    0x0800a144   0x0800a144   0x00000250   Code   RO         4808    i.BackToApp         boot_manager.o
    0x0800a394   0x0800a394   0x00000004   Code   RO          215    i.BusFault_Handler  stm32f4xx_it.o
    0x0800a398   0x0800a398   0x0000002c   Code   RO          455    i.CS_IO_Init        spi.o
    0x0800a3c4   0x0800a3c4   0x00000002   Code   RO          216    i.DebugMon_Handler  stm32f4xx_it.o
    0x0800a3c6   0x0800a3c6   0x00000002   PAD
    0x0800a3c8   0x0800a3c8   0x00000018   Code   RO            4    i.Delay             main.o
    0x0800a3e0   0x0800a3e0   0x0000001a   Code   RO          399    i.EreaseAppSector   flash.o
    0x0800a3fa   0x0800a3fa   0x00000002   PAD
    0x0800a3fc   0x0800a3fc   0x00000088   Code   RO         1523    i.FLASH_EraseSector  stm32f4xx_flash.o
    0x0800a484   0x0800a484   0x00000054   Code   RO         1525    i.FLASH_GetStatus   stm32f4xx_flash.o
    0x0800a4d8   0x0800a4d8   0x00000014   Code   RO         1529    i.FLASH_Lock        stm32f4xx_flash.o
    0x0800a4ec   0x0800a4ec   0x00000050   Code   RO         1553    i.FLASH_ProgramWord  stm32f4xx_flash.o
    0x0800a53c   0x0800a53c   0x00000024   Code   RO         1555    i.FLASH_Unlock      stm32f4xx_flash.o
    0x0800a560   0x0800a560   0x00000022   Code   RO         1556    i.FLASH_WaitForLastOperation  stm32f4xx_flash.o
    0x0800a582   0x0800a582   0x00000008   Code   RO          400    i.Flash_Lock        flash.o
    0x0800a58a   0x0800a58a   0x00000012   Code   RO          401    i.Flash_Unlock      flash.o
    0x0800a59c   0x0800a59c   0x0000001a   Code   RO          402    i.Flash_Write       flash.o
    0x0800a5b6   0x0800a5b6   0x00000002   PAD
    0x0800a5b8   0x0800a5b8   0x00000058   Code   RO          403    i.Flash_erase       flash.o
    0x0800a610   0x0800a610   0x00000050   Code   RO          348    i.GPIO_Configuration  usart.o
    0x0800a660   0x0800a660   0x00000090   Code   RO         1806    i.GPIO_Init         stm32f4xx_gpio.o
    0x0800a6f0   0x0800a6f0   0x00000046   Code   RO         1807    i.GPIO_PinAFConfig  stm32f4xx_gpio.o
    0x0800a736   0x0800a736   0x00000012   Code   RO         1810    i.GPIO_ReadInputDataBit  stm32f4xx_gpio.o
    0x0800a748   0x0800a748   0x00000004   Code   RO         1813    i.GPIO_ResetBits    stm32f4xx_gpio.o
    0x0800a74c   0x0800a74c   0x00000004   Code   RO         1814    i.GPIO_SetBits      stm32f4xx_gpio.o
    0x0800a750   0x0800a750   0x0000000a   Code   RO         1818    i.GPIO_WriteBit     stm32f4xx_gpio.o
    0x0800a75a   0x0800a75a   0x00000032   Code   RO         5074    i.Get_Calculate_GF28  aes.o
    0x0800a78c   0x0800a78c   0x00000004   Code   RO          217    i.HardFault_Handler  stm32f4xx_it.o
    0x0800a790   0x0800a790   0x0000003c   Code   RO         4809    i.JumpToApp         boot_manager.o
    0x0800a7cc   0x0800a7cc   0x00000034   Code   RO          306    i.Key_IO_Init       gpio.o
    0x0800a800   0x0800a800   0x00000028   Code   RO          307    i.Key_Scan          gpio.o
    0x0800a828   0x0800a828   0x000000b6   Code   RO         5075    i.Key_Schedule      aes.o
    0x0800a8de   0x0800a8de   0x00000002   PAD
    0x0800a8e0   0x0800a8e0   0x00000034   Code   RO          308    i.Led_IO_Init       gpio.o
    0x0800a914   0x0800a914   0x00000004   Code   RO          218    i.MemManage_Handler  stm32f4xx_it.o
    0x0800a918   0x0800a918   0x00000002   Code   RO          219    i.NMI_Handler       stm32f4xx_it.o
    0x0800a91a   0x0800a91a   0x00000002   PAD
    0x0800a91c   0x0800a91c   0x00000014   Code   RO          559    i.NVIC_SetVectorTable  misc.o
    0x0800a930   0x0800a930   0x00000002   Code   RO          220    i.PendSV_Handler    stm32f4xx_it.o
    0x0800a932   0x0800a932   0x00000002   PAD
    0x0800a934   0x0800a934   0x00000020   Code   RO         2315    i.RCC_AHB1PeriphClockCmd  stm32f4xx_rcc.o
    0x0800a954   0x0800a954   0x00000020   Code   RO         2324    i.RCC_APB2PeriphClockCmd  stm32f4xx_rcc.o
    0x0800a974   0x0800a974   0x00000020   Code   RO         2326    i.RCC_APB2PeriphResetCmd  stm32f4xx_rcc.o
    0x0800a994   0x0800a994   0x0000000c   Code   RO         2331    i.RCC_ClockSecuritySystemCmd  stm32f4xx_rcc.o
    0x0800a9a0   0x0800a9a0   0x00000014   Code   RO          349    i.RCC_Configuration  usart.o
    0x0800a9b4   0x0800a9b4   0x0000005c   Code   RO         2332    i.RCC_DeInit        stm32f4xx_rcc.o
    0x0800aa10   0x0800aa10   0x000000e8   Code   RO         2333    i.RCC_GetClocksFreq  stm32f4xx_rcc.o
    0x0800aaf8   0x0800aaf8   0x00000022   Code   RO         4865    i.Receive_Byte      ymodem.o
    0x0800ab1a   0x0800ab1a   0x000000bc   Code   RO         4866    i.Receive_Packet    ymodem.o
    0x0800abd6   0x0800abd6   0x00000002   PAD
    0x0800abd8   0x0800abd8   0x0000004c   Code   RO         4559    i.SEGGER_RTT_Write  segger_rtt.o
    0x0800ac24   0x0800ac24   0x00000084   Code   RO         4562    i.SEGGER_RTT_WriteNoLock  segger_rtt.o
    0x0800aca8   0x0800aca8   0x00000022   Code   RO         4771    i.SEGGER_RTT_printf  segger_rtt_printf.o
    0x0800acca   0x0800acca   0x00000002   PAD
    0x0800accc   0x0800accc   0x00000220   Code   RO         4772    i.SEGGER_RTT_vprintf  segger_rtt_printf.o
    0x0800aeec   0x0800aeec   0x000000d0   Code   RO          456    i.SPI1_Init         spi.o
    0x0800afbc   0x0800afbc   0x000000a0   Code   RO          457    i.SPI1_ReadByte     spi.o
    0x0800b05c   0x0800b05c   0x00000038   Code   RO          458    i.SPI1_ReadWriteByte  spi.o
    0x0800b094   0x0800b094   0x000000a0   Code   RO          460    i.SPI1_WriteByte    spi.o
    0x0800b134   0x0800b134   0x00000018   Code   RO         3185    i.SPI_Cmd           stm32f4xx_spi.o
    0x0800b14c   0x0800b14c   0x00000006   Code   RO         3189    i.SPI_I2S_ClearFlag  stm32f4xx_spi.o
    0x0800b152   0x0800b152   0x00000012   Code   RO         3193    i.SPI_I2S_GetFlagStatus  stm32f4xx_spi.o
    0x0800b164   0x0800b164   0x00000006   Code   RO         3196    i.SPI_I2S_ReceiveData  stm32f4xx_spi.o
    0x0800b16a   0x0800b16a   0x00000004   Code   RO         3197    i.SPI_I2S_SendData  stm32f4xx_spi.o
    0x0800b16e   0x0800b16e   0x0000003c   Code   RO         3198    i.SPI_Init          stm32f4xx_spi.o
    0x0800b1aa   0x0800b1aa   0x00000002   PAD
    0x0800b1ac   0x0800b1ac   0x000000a0   Code   RO          404    i.STMFLASH_GetFlashSector  flash.o
    0x0800b24c   0x0800b24c   0x00000002   Code   RO          221    i.SVC_Handler       stm32f4xx_it.o
    0x0800b24e   0x0800b24e   0x0000000e   Code   RO         4867    i.Send_Byte         ymodem.o
    0x0800b25c   0x0800b25c   0x00000020   Code   RO         4978    i.SerialKeyPressed  common.o
    0x0800b27c   0x0800b27c   0x00000014   Code   RO         4979    i.SerialPutChar     common.o
    0x0800b290   0x0800b290   0x000000e8   Code   RO          516    i.SetSysClock       system_stm32f4xx.o
    0x0800b378   0x0800b378   0x00000066   Code   RO         5076    i.ShiftByteNumRows  aes.o
    0x0800b3de   0x0800b3de   0x00000104   Code   RO         4981    i.Str2Int           common.o
    0x0800b4e2   0x0800b4e2   0x00000002   PAD
    0x0800b4e4   0x0800b4e4   0x00000018   Code   RO          222    i.SysTick_Handler   stm32f4xx_it.o
    0x0800b4fc   0x0800b4fc   0x000000a8   Code   RO          517    i.SystemCoreClockUpdate  system_stm32f4xx.o
    0x0800b5a4   0x0800b5a4   0x00000068   Code   RO          518    i.SystemInit        system_stm32f4xx.o
    0x0800b60c   0x0800b60c   0x00000020   Code   RO          223    i.TIM3_IRQHandler   stm32f4xx_it.o
    0x0800b62c   0x0800b62c   0x0000009c   Code   RO          180    i.TIM3_IT_Update_Callback  tim.o
    0x0800b6c8   0x0800b6c8   0x00000006   Code   RO         3418    i.TIM_ClearITPendingBit  stm32f4xx_tim.o
    0x0800b6ce   0x0800b6ce   0x00000022   Code   RO         3444    i.TIM_GetITStatus   stm32f4xx_tim.o
    0x0800b6f0   0x0800b6f0   0x00000018   Code   RO            5    i.TimingDelay_Decrement  main.o
    0x0800b708   0x0800b708   0x00000010   Code   RO          350    i.USART1_Init       usart.o
    0x0800b718   0x0800b718   0x00000018   Code   RO         3977    i.USART_Cmd         stm32f4xx_usart.o
    0x0800b730   0x0800b730   0x00000038   Code   RO          351    i.USART_Configuration  usart.o
    0x0800b768   0x0800b768   0x0000001a   Code   RO         3980    i.USART_GetFlagStatus  stm32f4xx_usart.o
    0x0800b782   0x0800b782   0x00000002   PAD
    0x0800b784   0x0800b784   0x000000d4   Code   RO         3984    i.USART_Init        stm32f4xx_usart.o
    0x0800b858   0x0800b858   0x0000001e   Code   RO          353    i.USART_SendChar    usart.o
    0x0800b876   0x0800b876   0x00000008   Code   RO         3994    i.USART_SendData    stm32f4xx_usart.o
    0x0800b87e   0x0800b87e   0x00000004   Code   RO          225    i.UsageFault_Handler  stm32f4xx_it.o
    0x0800b882   0x0800b882   0x00000002   PAD
    0x0800b884   0x0800b884   0x0000001c   Code   RO         5277    i.W25Q64_Init       w25qxx_handler.o
    0x0800b8a0   0x0800b8a0   0x0000009c   Code   RO         5278    i.W25Q64_ReadData   w25qxx_handler.o
    0x0800b93c   0x0800b93c   0x000000c0   Code   RO         5279    i.W25Q64_WriteData  w25qxx_handler.o
    0x0800b9fc   0x0800b9fc   0x000000d0   Code   RO         5280    i.W25Q64_WriteData_End  w25qxx_handler.o
    0x0800bacc   0x0800bacc   0x00000068   Code   RO         5189    i.W25Qx_Erase_Block  w25qxx.o
    0x0800bb34   0x0800bb34   0x0000004c   Code   RO         5191    i.W25Qx_GetStatus   w25qxx.o
    0x0800bb80   0x0800bb80   0x0000007a   Code   RO         5192    i.W25Qx_Get_Parameter  w25qxx.o
    0x0800bbfa   0x0800bbfa   0x00000002   PAD
    0x0800bbfc   0x0800bbfc   0x00000018   Code   RO         5193    i.W25Qx_Init        w25qxx.o
    0x0800bc14   0x0800bc14   0x00000058   Code   RO         5194    i.W25Qx_Read        w25qxx.o
    0x0800bc6c   0x0800bc6c   0x0000004c   Code   RO         5195    i.W25Qx_Read_ID     w25qxx.o
    0x0800bcb8   0x0800bcb8   0x00000030   Code   RO         5196    i.W25Qx_Reset       w25qxx.o
    0x0800bce8   0x0800bce8   0x000000c8   Code   RO         5197    i.W25Qx_Write       w25qxx.o
    0x0800bdb0   0x0800bdb0   0x00000058   Code   RO         5198    i.W25Qx_WriteEnable  w25qxx.o
    0x0800be08   0x0800be08   0x000001b0   Code   RO         4872    i.Ymodem_Receive    ymodem.o
    0x0800bfb8   0x0800bfb8   0x00000070   Code   RO         4566    i._DoInit           segger_rtt.o
    0x0800c028   0x0800c028   0x0000001c   Code   RO         4567    i._GetAvailWriteSpace  segger_rtt.o
    0x0800c044   0x0800c044   0x000000ec   Code   RO         4773    i._PrintInt         segger_rtt_printf.o
    0x0800c130   0x0800c130   0x000000ec   Code   RO         4774    i._PrintUnsigned    segger_rtt_printf.o
    0x0800c21c   0x0800c21c   0x00000044   Code   RO         4775    i._StoreChar        segger_rtt_printf.o
    0x0800c260   0x0800c260   0x00000076   Code   RO         4569    i._WriteBlocking    segger_rtt.o
    0x0800c2d6   0x0800c2d6   0x00000058   Code   RO         4570    i._WriteNoCheck     segger_rtt.o
    0x0800c32e   0x0800c32e   0x00000030   Code   RO         5580    i.__ARM_fpclassify  m_wm.l(fpclassify.o)
    0x0800c35e   0x0800c35e   0x00000026   Code   RO         5481    i.__ARM_fpclassifyf  m_wm.l(fpclassifyf.o)
    0x0800c384   0x0800c384   0x00000664   Code   RO         5407    i.__hardfp_powf     m_wm.l(powf.o)
    0x0800c9e8   0x0800c9e8   0x00000014   Code   RO         5483    i.__mathlib_flt_divzero  m_wm.l(funder.o)
    0x0800c9fc   0x0800c9fc   0x00000006   Code   RO         5485    i.__mathlib_flt_infnan2  m_wm.l(funder.o)
    0x0800ca02   0x0800ca02   0x00000002   PAD
    0x0800ca04   0x0800ca04   0x00000010   Code   RO         5486    i.__mathlib_flt_invalid  m_wm.l(funder.o)
    0x0800ca14   0x0800ca14   0x00000010   Code   RO         5487    i.__mathlib_flt_overflow  m_wm.l(funder.o)
    0x0800ca24   0x0800ca24   0x00000010   Code   RO         5489    i.__mathlib_flt_underflow  m_wm.l(funder.o)
    0x0800ca34   0x0800ca34   0x0000000e   Code   RO         5370    i._is_digit         c_w.l(__printf_wp.o)
    0x0800ca42   0x0800ca42   0x00000042   Code   RO         4518    i.app_elog_init     debug.o
    0x0800ca84   0x0800ca84   0x00000118   Code   RO         4299    i.elog_get_filter_tag_lvl  elog.o
    0x0800cb9c   0x0800cb9c   0x00000050   Code   RO         4303    i.elog_init         elog.o
    0x0800cbec   0x0800cbec   0x00000418   Code   RO         4304    i.elog_output       elog.o
    0x0800d004   0x0800d004   0x00000028   Code   RO         4305    i.elog_output_lock  elog.o
    0x0800d02c   0x0800d02c   0x00000040   Code   RO         4306    i.elog_output_lock_enabled  elog.o
    0x0800d06c   0x0800d06c   0x00000028   Code   RO         4307    i.elog_output_unlock  elog.o
    0x0800d094   0x0800d094   0x00000002   Code   RO         4229    i.elog_port_get_p_info  elog_port.o
    0x0800d096   0x0800d096   0x00000002   Code   RO         4230    i.elog_port_get_t_info  elog_port.o
    0x0800d098   0x0800d098   0x00000002   Code   RO         4231    i.elog_port_get_time  elog_port.o
    0x0800d09a   0x0800d09a   0x00000004   Code   RO         4232    i.elog_port_init    elog_port.o
    0x0800d09e   0x0800d09e   0x00000012   Code   RO         4233    i.elog_port_output  elog_port.o
    0x0800d0b0   0x0800d0b0   0x00000002   Code   RO         4234    i.elog_port_output_lock  elog_port.o
    0x0800d0b2   0x0800d0b2   0x00000002   Code   RO         4235    i.elog_port_output_unlock  elog_port.o
    0x0800d0b4   0x0800d0b4   0x000000c8   Code   RO         4311    i.elog_set_filter_lvl  elog.o
    0x0800d17c   0x0800d17c   0x0000003c   Code   RO         4314    i.elog_set_filter_tag_lvl_default  elog.o
    0x0800d1b8   0x0800d1b8   0x000000cc   Code   RO         4315    i.elog_set_fmt      elog.o
    0x0800d284   0x0800d284   0x000000dc   Code   RO         4316    i.elog_set_output_enabled  elog.o
    0x0800d360   0x0800d360   0x000000dc   Code   RO         4317    i.elog_set_text_color_enabled  elog.o
    0x0800d43c   0x0800d43c   0x00000098   Code   RO         4318    i.elog_start        elog.o
    0x0800d4d4   0x0800d4d4   0x0000010c   Code   RO         4495    i.elog_strcpy       elog_utils.o
    0x0800d5e0   0x0800d5e0   0x000000d8   Code   RO         4320    i.get_fmt_enabled   elog.o
    0x0800d6b8   0x0800d6b8   0x0000001c   Code   RO         4321    i.get_fmt_used_and_enabled_ptr  elog.o
    0x0800d6d4   0x0800d6d4   0x0000001c   Code   RO         4322    i.get_fmt_used_and_enabled_u32  elog.o
    0x0800d6f0   0x0800d6f0   0x0000016c   Code   RO            6    i.main              main.o
    0x0800d85c   0x0800d85c   0x0000002c   Code   RO         5570    locale$$code        c_w.l(lc_numeric_c.o)
    0x0800d888   0x0800d888   0x0000002c   Code   RO         5585    locale$$code        c_w.l(lc_ctype_c.o)
    0x0800d8b4   0x0800d8b4   0x0000000a   Code   RO         5643    x$fpl$fpinit        fz_wm.l(fpinit.o)
    0x0800d8be   0x0800d8be   0x00000004   Code   RO         5472    x$fpl$printf1       fz_wm.l(printf1.o)
    0x0800d8c2   0x0800d8c2   0x00000004   Code   RO         5474    x$fpl$printf2       fz_wm.l(printf2.o)
    0x0800d8c6   0x0800d8c6   0x00000000   Code   RO         5480    x$fpl$usenofp       fz_wm.l(usenofp.o)
    0x0800d8c6   0x0800d8c6   0x00000005   Data   RO            8    .constdata          main.o
    0x0800d8cb   0x0800d8cb   0x00000001   PAD
    0x0800d8cc   0x0800d8cc   0x00000030   Data   RO          405    .constdata          flash.o
    0x0800d8fc   0x0800d8fc   0x000000e2   Data   RO         4324    .constdata          elog.o
    0x0800d9de   0x0800d9de   0x00000023   Data   RO         4496    .constdata          elog_utils.o
    0x0800da01   0x0800da01   0x00000021   Data   RO         4572    .constdata          segger_rtt.o
    0x0800da22   0x0800da22   0x00000010   Data   RO         4776    .constdata          segger_rtt_printf.o
    0x0800da32   0x0800da32   0x0000000a   Data   RO         4811    .constdata          boot_manager.o
    0x0800da3c   0x0800da3c   0x0000022e   Data   RO         5078    .constdata          aes.o
    0x0800dc6a   0x0800dc6a   0x00000028   Data   RO         5358    .constdata          c_w.l(_printf_hex_int_ll_ptr.o)
    0x0800dc92   0x0800dc92   0x00000011   Data   RO         5378    .constdata          c_w.l(__printf_flags_ss_wp.o)
    0x0800dca3   0x0800dca3   0x00000001   PAD
    0x0800dca4   0x0800dca4   0x00000140   Data   RO         5410    .constdata          m_wm.l(powf.o)
    0x0800dde4   0x0800dde4   0x00000008   Data   RO         5439    .constdata          c_w.l(_printf_wctomb.o)
    0x0800ddec   0x0800ddec   0x00000026   Data   RO         5522    .constdata          c_w.l(_printf_fp_hex.o)
    0x0800de12   0x0800de12   0x00000002   PAD
    0x0800de14   0x0800de14   0x00000094   Data   RO         5545    .constdata          c_w.l(bigflt0.o)
    0x0800dea8   0x0800dea8   0x00000047   Data   RO         4325    .conststring        elog.o
    0x0800deef   0x0800deef   0x00000001   PAD
    0x0800def0   0x0800def0   0x00000020   Data   RO         5713    Region$$Table       anon$$obj.o
    0x0800df10   0x0800df10   0x0000001c   Data   RO         5569    locale$$data        c_w.l(lc_numeric_c.o)
    0x0800df2c   0x0800df2c   0x00000110   Data   RO         5584    locale$$data        c_w.l(lc_ctype_c.o)


    Execution Region RW_IRAM1 (Exec base: 0x20000000, Load base: 0x0800e03c, Size: 0x00003710, Max: 0x00020000, ABSOLUTE)

    Exec Addr    Load Addr    Size         Type   Attr      Idx    E Section Name        Object

    0x20000000   0x0800e03c   0x00000008   Data   RW            9    .data               main.o
    0x20000008   0x0800e044   0x00000006   Data   RW          182    .data               tim.o
    0x2000000e   0x0800e04a   0x00000002   PAD
    0x20000010   0x0800e04c   0x00000004   Data   RW          226    .data               stm32f4xx_it.o
    0x20000014   0x0800e050   0x00000014   Data   RW          519    .data               system_stm32f4xx.o
    0x20000028   0x0800e064   0x00000010   Data   RW         2363    .data               stm32f4xx_rcc.o
    0x20000038   0x0800e074   0x00000034   Data   RW         4326    .data               elog.o
    0x2000006c   0x0800e0a8   0x00000038   Data   RW         4812    .data               boot_manager.o
    0x200000a4   0x0800e0e0   0x00000018   Data   RW         4876    .data               ymodem.o
    0x200000bc        -       0x00000410   Zero   RW            7    .bss                main.o
    0x200004cc        -       0x000004f8   Zero   RW         4323    .bss                elog.o
    0x200009c4        -       0x000004b8   Zero   RW         4571    .bss                segger_rtt.o
    0x20000e7c        -       0x00001000   Zero   RW         4810    .bss                boot_manager.o
    0x20001e7c        -       0x00000100   Zero   RW         4875    .bss                ymodem.o
    0x20001f7c        -       0x00000100   Zero   RW         5077    .bss                aes.o
    0x2000207c        -       0x0000001c   Zero   RW         5199    .bss                w25qxx.o
    0x20002098        -       0x00001014   Zero   RW         5281    .bss                w25qxx_handler.o
    0x200030ac        -       0x00000060   Zero   RW         5531    .bss                c_w.l(libspace.o)
    0x2000310c   0x0800e0f8   0x00000004   PAD
    0x20003110        -       0x00000200   Zero   RW          507    HEAP                startup_stm32f411xe.o
    0x20003310        -       0x00000400   Zero   RW          506    STACK               startup_stm32f411xe.o


==============================================================================

Image component sizes


      Code (inc. data)   RO Data    RW Data    ZI Data      Debug   Object Name

      1008         32        558          0        256       8868   aes.o
       652        224         10         56       4096       8378   boot_manager.o
       312         10          0          0          0       2737   common.o
        66          0          0          0          0        524   debug.o
      2880       1080        297         52       1272      19152   elog.o
        32          0          0          0          0       4561   elog_port.o
       268        104         35          0          0       2317   elog_utils.o
       326         48         48          0          0       4301   flash.o
       144         12          0          0          0       1607   gpio.o
       412        134          5          8       1040     314164   main.o
        20          8          0          0          0        614   misc.o
       554         42         33          0       1208       9758   segger_rtt.o
      1118         14         16          0          0       5981   segger_rtt_printf.o
       628         38          0          0          0       4330   spi.o
        64         26        408          0       1536        824   startup_stm32f411xe.o
       390         34          0          0          0       4535   stm32f4xx_flash.o
       250          0          0          0          0       4687   stm32f4xx_gpio.o
        80         12          0          4          0       5532   stm32f4xx_it.o
       432         60          0         16          0       6309   stm32f4xx_rcc.o
       118          0          0          0          0       4630   stm32f4xx_spi.o
        40          0          0          0          0       2166   stm32f4xx_tim.o
       270          8          0          0          0       3720   stm32f4xx_usart.o
       504         52          0         20          0       2725   system_stm32f4xx.o
       156         20          0          6          0        654   tim.o
       202         12          0          0          0       2979   usart.o
       826         70          0          0         28       8927   w25qxx.o
       584         42          0          0       4116       3742   w25qxx_handler.o
       668         18          0         24        256       4720   ymodem.o

    ----------------------------------------------------------------------
     13030       2100       1444        188      13808     443442   Object Totals
         0          0         32          0          0          0   (incl. Generated)
        26          0          2          2          0          0   (incl. Padding)

    ----------------------------------------------------------------------

      Code (inc. data)   RO Data    RW Data    ZI Data      Debug   Library Member Name

        56          6          0          0          0         88   __2snprintf.o
         8          0          0          0          0         68   __main.o
       392          4         17          0          0         92   __printf_flags_ss_wp.o
        14          0          0          0          0         68   __printf_wp.o
         0          0          0          0          0          0   __rtentry.o
        12          0          0          0          0          0   __rtentry2.o
         6          0          0          0          0          0   __rtentry4.o
        52          8          0          0          0          0   __scatter.o
        26          0          0          0          0          0   __scatter_copy.o
        28          0          0          0          0          0   __scatter_zi.o
         6          0          0          0          0          0   _printf_a.o
         6          0          0          0          0          0   _printf_c.o
        44          0          0          0          0        108   _printf_char.o
        48          6          0          0          0         96   _printf_char_common.o
        40          0          0          0          0         68   _printf_charcount.o
         6          0          0          0          0          0   _printf_d.o
       120         16          0          0          0         92   _printf_dec.o
         6          0          0          0          0          0   _printf_e.o
         6          0          0          0          0          0   _printf_f.o
      1054          0          0          0          0        216   _printf_fp_dec.o
       764          8         38          0          0        100   _printf_fp_hex.o
       128         16          0          0          0         84   _printf_fp_infnan.o
         6          0          0          0          0          0   _printf_g.o
       148          4         40          0          0        160   _printf_hex_int_ll_ptr.o
         6          0          0          0          0          0   _printf_i.o
       178          0          0          0          0         88   _printf_intcommon.o
        10          0          0          0          0          0   _printf_l.o
         6          0          0          0          0          0   _printf_lc.o
        10          0          0          0          0          0   _printf_ll.o
         6          0          0          0          0          0   _printf_lld.o
         6          0          0          0          0          0   _printf_lli.o
         6          0          0          0          0          0   _printf_llo.o
         6          0          0          0          0          0   _printf_llu.o
         6          0          0          0          0          0   _printf_llx.o
       124         16          0          0          0         92   _printf_longlong_dec.o
         6          0          0          0          0          0   _printf_ls.o
         6          0          0          0          0          0   _printf_n.o
         6          0          0          0          0          0   _printf_o.o
       112         10          0          0          0        124   _printf_oct_int_ll.o
         6          0          0          0          0          0   _printf_p.o
        78          0          0          0          0        108   _printf_pad.o
         0          0          0          0          0          0   _printf_percent.o
         4          0          0          0          0          0   _printf_percent_end.o
         6          0          0          0          0          0   _printf_s.o
        82          0          0          0          0         80   _printf_str.o
        36          0          0          0          0         84   _printf_truncate.o
         6          0          0          0          0          0   _printf_u.o
        44          0          0          0          0        108   _printf_wchar.o
       188          6          8          0          0         92   _printf_wctomb.o
         6          0          0          0          0          0   _printf_x.o
        22          0          0          0          0        100   _rserrno.o
        16          0          0          0          0         68   _snputc.o
        10          0          0          0          0         68   _sputc.o
        64          0          0          0          0         92   _wcrtomb.o
        16          0          0          0          0         68   aeabi_memset.o
       228          4        148          0          0         96   bigflt0.o
      1936        128          0          0          0        672   btod.o
        18          0          0          0          0         80   exit.o
         6          0          0          0          0        152   heapauxi.o
         0          0          0          0          0          0   indicate_semi.o
        44         10        272          0          0         76   lc_ctype_c.o
        44         10         28          0          0         76   lc_numeric_c.o
         2          0          0          0          0          0   libinit.o
        34          0          0          0          0          0   libinit2.o
         2          0          0          0          0          0   libshutdown.o
         2          0          0          0          0          0   libshutdown2.o
         8          4          0          0         96         68   libspace.o
       138          0          0          0          0         80   lludiv10.o
        16          4          0          0          0         76   rt_ctype_table.o
         8          4          0          0          0         68   rt_errno_addr_intlibspace.o
         8          4          0          0          0         68   rt_locale_intlibspace.o
        68          0          0          0          0         68   rt_memclr.o
        78          0          0          0          0         80   rt_memclr_w.o
       138          0          0          0          0         68   rt_memcpy_v6.o
       100          0          0          0          0         80   rt_memcpy_w.o
         2          0          0          0          0          0   rtexit.o
        10          0          0          0          0          0   rtexit2.o
       128          0          0          0          0         68   strcmpv7m.o
        62          0          0          0          0         76   strlen.o
       150          0          0          0          0         80   strncmp.o
        36          0          0          0          0         80   strstr.o
        12          4          0          0          0         68   sys_exit.o
        74          0          0          0          0         80   sys_stackheap_outer.o
         2          0          0          0          0         68   use_no_semi.o
        52          4          0          0          0         80   vsnprintf.o
        10          0          0          0          0        116   fpinit.o
         4          0          0          0          0        116   printf1.o
         4          0          0          0          0        116   printf2.o
         0          0          0          0          0          0   usenofp.o
        48          0          0          0          0        124   fpclassify.o
        38          0          0          0          0        116   fpclassifyf.o
        74         24          0          0          0        580   funder.o
      1636        110        320          0          0        372   powf.o

    ----------------------------------------------------------------------
      9288        410        874          0        100       6360   Library Totals
        14          0          3          0          4          0   (incl. Padding)

    ----------------------------------------------------------------------

      Code (inc. data)   RO Data    RW Data    ZI Data      Debug   Library Name

      7460        276        551          0         96       4820   c_w.l
        18          0          0          0          0        348   fz_wm.l
      1796        134        320          0          0       1192   m_wm.l

    ----------------------------------------------------------------------
      9288        410        874          0        100       6360   Library Totals

    ----------------------------------------------------------------------

==============================================================================


      Code (inc. data)   RO Data    RW Data    ZI Data      Debug   

     22318       2510       2318        188      13908     433198   Grand Totals
     22318       2510       2318        188      13908     433198   ELF Image Totals
     22318       2510       2318        188          0          0   ROM Totals

==============================================================================

    Total RO  Size (Code + RO Data)                24636 (  24.06kB)
    Total RW  Size (RW Data + ZI Data)             14096 (  13.77kB)
    Total ROM Size (Code + RO Data + RW Data)      24824 (  24.24kB)

==============================================================================

